[     127ms] [LOG] %c[Vercel Speed Insights]%c [vitals] color: rgb(120, 120, 120) color: inherit {speed: 4g, metrics: Array(3), scriptVersion: 0.1.3, sdkName: @vercel/speed-insights/react, sdkVersion: 2.0.0} /_vercel/speed-insights/vitals @ https://va.vercel-scripts.com/v1/speed-insights/script.debug.js:0
[     153ms] [LOG] %c[Vercel Speed Insights]%c [vitals] color: rgb(120, 120, 120) color: inherit {speed: 4g, metrics: Array(1), scriptVersion: 0.1.3, sdkName: @vercel/speed-insights/react, sdkVersion: 2.0.0} /_vercel/speed-insights/vitals @ https://va.vercel-scripts.com/v1/speed-insights/script.debug.js:0
[     255ms] [INFO] %cDownload the React DevTools for a better development experience: https://react.dev/link/react-devtools font-weight:bold @ http://localhost:5174/node_modules/.vite/deps/react-dom_client.js?v=2ed775c6:20102
[     381ms] [LOG] %c[Vercel Web Analytics]%c Debug mode is enabled by default in development. No requests will be sent to the server. color: rgb(120, 120, 120) color: inherit @ https://va.vercel-scripts.com/v1/script.debug.js:0
[     381ms] [LOG] %c[Vercel Web Analytics]%c [view] http://localhost:5174/ color: rgb(120, 120, 120) color: inherit {o: http://localhost:5174/, sv: 0.1.3, sdkn: @vercel/analytics/react, sdkv: 2.0.1, ts: 1779733886549} /_vercel/insights/view @ https://va.vercel-scripts.com/v1/script.debug.js:0
[     381ms] [LOG] %c[Vercel Speed Insights]%c Debug mode is enabled by default in development. No requests will be sent to the server. color: rgb(120, 120, 120) color: inherit @ https://va.vercel-scripts.com/v1/speed-insights/script.debug.js:0
[     785ms] [WARNING] GSAP target .trust-item not found. https://gsap.com @ http://localhost:5174/node_modules/.vite/deps/chunk-YNVTO5JC.js?v=0dd5348d:86
[     785ms] [WARNING] GSAP target  not found. https://gsap.com @ http://localhost:5174/node_modules/.vite/deps/chunk-YNVTO5JC.js?v=0dd5348d:86
[     786ms] [WARNING] GSAP target  not found. https://gsap.com @ http://localhost:5174/node_modules/.vite/deps/chunk-YNVTO5JC.js?v=0dd5348d:86
[     788ms] [WARNING] GSAP target .hiw-step not found. https://gsap.com @ http://localhost:5174/node_modules/.vite/deps/chunk-YNVTO5JC.js?v=0dd5348d:86
[     788ms] [WARNING] GSAP target  not found. https://gsap.com @ http://localhost:5174/node_modules/.vite/deps/chunk-YNVTO5JC.js?v=0dd5348d:86
[     789ms] [WARNING] GSAP target  not found. https://gsap.com @ http://localhost:5174/node_modules/.vite/deps/chunk-YNVTO5JC.js?v=0dd5348d:86
[     789ms] [WARNING] Element not found: .hiw-section @ http://localhost:5174/node_modules/.vite/deps/gsap_ScrollTrigger.js?v=e76132f5:118
[     790ms] [WARNING] GSAP target  not found. https://gsap.com @ http://localhost:5174/node_modules/.vite/deps/chunk-YNVTO5JC.js?v=0dd5348d:86
[     802ms] [WARNING] GSAP target  not found. https://gsap.com @ http://localhost:5174/node_modules/.vite/deps/chunk-YNVTO5JC.js?v=0dd5348d:86
[    3781ms] [WARNING] The resource http://localhost:5174/generated/bali-hub-hero.webp was preloaded using link preload but not used within a few seconds from the window's load event. Please make sure it has an appropriate `as` value and it is preloaded intentionally. @ http://localhost:5174/:0
[   15371ms] [WARNING] The resource http://localhost:5174/generated/bali-hub-hero.webp was preloaded using link preload but not used within a few seconds from the window's load event. Please make sure it has an appropriate `as` value and it is preloaded intentionally. @ http://localhost:5174/:0
[   27400ms] [WARNING] The resource http://localhost:5174/generated/bali-hub-hero.webp was preloaded using link preload but not used within a few seconds from the window's load event. Please make sure it has an appropriate `as` value and it is preloaded intentionally. @ http://localhost:5174/:0
[   39367ms] [WARNING] The resource http://localhost:5174/generated/bali-hub-hero.webp was preloaded using link preload but not used within a few seconds from the window's load event. Please make sure it has an appropriate `as` value and it is preloaded intentionally. @ http://localhost:5174/:0
[   46274ms] [WARNING] The resource http://localhost:5174/generated/bali-hub-hero.webp was preloaded using link preload but not used within a few seconds from the window's load event. Please make sure it has an appropriate `as` value and it is preloaded intentionally. @ http://localhost:5174/:0
[   51379ms] [WARNING] The resource http://localhost:5174/generated/bali-hub-hero.webp was preloaded using link preload but not used within a few seconds from the window's load event. Please make sure it has an appropriate `as` value and it is preloaded intentionally. @ http://localhost:5174/:0
