[     503ms] [ERROR] Failed to load resource: the server responded with a status of 404 () @ https://mychef.id/staffing:0
[     511ms] [ERROR] Executing inline script violates the following Content Security Policy directive 'script-src 'self' https://va.vercel-scripts.com'. Either the 'unsafe-inline' keyword, a hash ('sha256-ywWB4SJkXKjrZuG9yiHtFBhpVMc32MKVTAEvP1ON9NU='), or a nonce ('nonce-...') is required to enable inline execution. The action has been blocked. @ https://mychef.id/staffing:13
[     521ms] [ERROR] Executing inline event handler violates the following Content Security Policy directive 'script-src 'self' https://va.vercel-scripts.com'. Either the 'unsafe-inline' keyword, a hash ('sha256-...'), or a nonce ('nonce-...') is required to enable inline execution. Note that hashes do not apply to event handlers, style attributes and javascript: navigations unless the 'unsafe-hashes' keyword is present. The action has been blocked. @ https://mychef.id/staffing:57
[     769ms] [ERROR] Failed to load resource: the server responded with a status of 404 () @ https://mychef.id/generated/bali-hub-hero.webp:0
[     857ms] [ERROR] Failed to load resource: the server responded with a status of 404 () @ https://mychef.id/generated/avatar-ai.webp:0
[     867ms] [ERROR] Loading the script 'https://www.googletagmanager.com/gtag/js?id=G-W0PQH8ZKTF' violates the following Content Security Policy directive: "script-src 'self' https://va.vercel-scripts.com". Note that 'script-src-elem' was not explicitly set, so 'script-src' is used as a fallback. The action has been blocked. @ https://mychef.id/assets/index-CjS3F8a_.js:1
[    4245ms] [WARNING] The resource https://mychef.id/generated/bali-hub-hero.webp was preloaded using link preload but not used within a few seconds from the window's load event. Please make sure it has an appropriate `as` value and it is preloaded intentionally. @ https://mychef.id/staffing:0
[   16089ms] [WARNING] The resource https://mychef.id/generated/bali-hub-hero.webp was preloaded using link preload but not used within a few seconds from the window's load event. Please make sure it has an appropriate `as` value and it is preloaded intentionally. @ https://mychef.id/staffing:0
[   25366ms] [ERROR] Failed to load resource: the server responded with a status of 404 () @ https://mychef.id/generated/avatar-ai.webp:0
[   28456ms] [WARNING] The resource https://mychef.id/generated/bali-hub-hero.webp was preloaded using link preload but not used within a few seconds from the window's load event. Please make sure it has an appropriate `as` value and it is preloaded intentionally. @ https://mychef.id/staffing:0
[   41703ms] [WARNING] The resource https://mychef.id/generated/bali-hub-hero.webp was preloaded using link preload but not used within a few seconds from the window's load event. Please make sure it has an appropriate `as` value and it is preloaded intentionally. @ https://mychef.id/staffing:0
[   50281ms] [ERROR] Failed to load resource: the server responded with a status of 404 () @ https://mychef.id/generated/avatar-ai.webp:0
[   53298ms] [WARNING] The resource https://mychef.id/generated/bali-hub-hero.webp was preloaded using link preload but not used within a few seconds from the window's load event. Please make sure it has an appropriate `as` value and it is preloaded intentionally. @ https://mychef.id/staffing:0
[   64692ms] [WARNING] The resource https://mychef.id/generated/bali-hub-hero.webp was preloaded using link preload but not used within a few seconds from the window's load event. Please make sure it has an appropriate `as` value and it is preloaded intentionally. @ https://mychef.id/staffing:0
[   75076ms] [ERROR] Failed to load resource: the server responded with a status of 404 () @ https://mychef.id/generated/avatar-ai.webp:0
[   78190ms] [WARNING] The resource https://mychef.id/generated/bali-hub-hero.webp was preloaded using link preload but not used within a few seconds from the window's load event. Please make sure it has an appropriate `as` value and it is preloaded intentionally. @ https://mychef.id/staffing:0
[   92156ms] [WARNING] The resource https://mychef.id/generated/bali-hub-hero.webp was preloaded using link preload but not used within a few seconds from the window's load event. Please make sure it has an appropriate `as` value and it is preloaded intentionally. @ https://mychef.id/staffing:0
[  101356ms] [ERROR] Failed to load resource: the server responded with a status of 404 () @ https://mychef.id/generated/avatar-ai.webp:0
[  104593ms] [WARNING] The resource https://mychef.id/generated/bali-hub-hero.webp was preloaded using link preload but not used within a few seconds from the window's load event. Please make sure it has an appropriate `as` value and it is preloaded intentionally. @ https://mychef.id/staffing:0
[  114350ms] [WARNING] The resource https://mychef.id/generated/bali-hub-hero.webp was preloaded using link preload but not used within a few seconds from the window's load event. Please make sure it has an appropriate `as` value and it is preloaded intentionally. @ https://mychef.id/staffing:0
[  147466ms] [ERROR] Failed to load resource: the server responded with a status of 404 () @ https://mychef.id/generated/avatar-ai.webp:0
[  151582ms] [WARNING] The resource https://mychef.id/generated/bali-hub-hero.webp was preloaded using link preload but not used within a few seconds from the window's load event. Please make sure it has an appropriate `as` value and it is preloaded intentionally. @ https://mychef.id/staffing:0
[  158082ms] [ERROR] Failed to load resource: the server responded with a status of 404 () @ https://mychef.id/generated/avatar-ai.webp:0
[  162490ms] [WARNING] The resource https://mychef.id/generated/bali-hub-hero.webp was preloaded using link preload but not used within a few seconds from the window's load event. Please make sure it has an appropriate `as` value and it is preloaded intentionally. @ https://mychef.id/staffing:0
[  173710ms] [WARNING] The resource https://mychef.id/generated/bali-hub-hero.webp was preloaded using link preload but not used within a few seconds from the window's load event. Please make sure it has an appropriate `as` value and it is preloaded intentionally. @ https://mychef.id/staffing:0
[  181684ms] [ERROR] Failed to load resource: the server responded with a status of 404 () @ https://mychef.id/generated/avatar-ai.webp:0
[  184840ms] [WARNING] The resource https://mychef.id/generated/bali-hub-hero.webp was preloaded using link preload but not used within a few seconds from the window's load event. Please make sure it has an appropriate `as` value and it is preloaded intentionally. @ https://mychef.id/staffing:0
[  200195ms] [WARNING] The resource https://mychef.id/generated/bali-hub-hero.webp was preloaded using link preload but not used within a few seconds from the window's load event. Please make sure it has an appropriate `as` value and it is preloaded intentionally. @ https://mychef.id/staffing:0
[  205121ms] [ERROR] Failed to load resource: the server responded with a status of 404 () @ https://mychef.id/generated/avatar-ai.webp:0
[  209186ms] [WARNING] The resource https://mychef.id/generated/bali-hub-hero.webp was preloaded using link preload but not used within a few seconds from the window's load event. Please make sure it has an appropriate `as` value and it is preloaded intentionally. @ https://mychef.id/staffing:0
[  220778ms] [WARNING] The resource https://mychef.id/generated/bali-hub-hero.webp was preloaded using link preload but not used within a few seconds from the window's load event. Please make sure it has an appropriate `as` value and it is preloaded intentionally. @ https://mychef.id/staffing:0
[  230210ms] [ERROR] Failed to load resource: the server responded with a status of 404 () @ https://mychef.id/generated/avatar-ai.webp:0
[  233512ms] [WARNING] The resource https://mychef.id/generated/bali-hub-hero.webp was preloaded using link preload but not used within a few seconds from the window's load event. Please make sure it has an appropriate `as` value and it is preloaded intentionally. @ https://mychef.id/staffing:0
[  245359ms] [WARNING] The resource https://mychef.id/generated/bali-hub-hero.webp was preloaded using link preload but not used within a few seconds from the window's load event. Please make sure it has an appropriate `as` value and it is preloaded intentionally. @ https://mychef.id/staffing:0
[  253070ms] [ERROR] Failed to load resource: the server responded with a status of 404 () @ https://mychef.id/generated/avatar-ai.webp:0
[  256125ms] [WARNING] The resource https://mychef.id/generated/bali-hub-hero.webp was preloaded using link preload but not used within a few seconds from the window's load event. Please make sure it has an appropriate `as` value and it is preloaded intentionally. @ https://mychef.id/staffing:0
[  268407ms] [WARNING] The resource https://mychef.id/generated/bali-hub-hero.webp was preloaded using link preload but not used within a few seconds from the window's load event. Please make sure it has an appropriate `as` value and it is preloaded intentionally. @ https://mychef.id/staffing:0
[  277092ms] [ERROR] Failed to load resource: the server responded with a status of 404 () @ https://mychef.id/generated/avatar-ai.webp:0
[  280116ms] [WARNING] The resource https://mychef.id/generated/bali-hub-hero.webp was preloaded using link preload but not used within a few seconds from the window's load event. Please make sure it has an appropriate `as` value and it is preloaded intentionally. @ https://mychef.id/staffing:0
[  292101ms] [WARNING] The resource https://mychef.id/generated/bali-hub-hero.webp was preloaded using link preload but not used within a few seconds from the window's load event. Please make sure it has an appropriate `as` value and it is preloaded intentionally. @ https://mychef.id/staffing:0
[  301030ms] [ERROR] Failed to load resource: the server responded with a status of 404 () @ https://mychef.id/generated/avatar-ai.webp:0
[  304049ms] [WARNING] The resource https://mychef.id/generated/bali-hub-hero.webp was preloaded using link preload but not used within a few seconds from the window's load event. Please make sure it has an appropriate `as` value and it is preloaded intentionally. @ https://mychef.id/staffing:0
[  315793ms] [WARNING] The resource https://mychef.id/generated/bali-hub-hero.webp was preloaded using link preload but not used within a few seconds from the window's load event. Please make sure it has an appropriate `as` value and it is preloaded intentionally. @ https://mychef.id/staffing:0
[  325218ms] [ERROR] Failed to load resource: the server responded with a status of 404 () @ https://mychef.id/generated/avatar-ai.webp:0
[  328840ms] [WARNING] The resource https://mychef.id/generated/bali-hub-hero.webp was preloaded using link preload but not used within a few seconds from the window's load event. Please make sure it has an appropriate `as` value and it is preloaded intentionally. @ https://mychef.id/staffing:0
[  340727ms] [WARNING] The resource https://mychef.id/generated/bali-hub-hero.webp was preloaded using link preload but not used within a few seconds from the window's load event. Please make sure it has an appropriate `as` value and it is preloaded intentionally. @ https://mychef.id/staffing:0
[  349112ms] [ERROR] Failed to load resource: the server responded with a status of 404 () @ https://mychef.id/generated/avatar-ai.webp:0
[  352159ms] [WARNING] The resource https://mychef.id/generated/bali-hub-hero.webp was preloaded using link preload but not used within a few seconds from the window's load event. Please make sure it has an appropriate `as` value and it is preloaded intentionally. @ https://mychef.id/staffing:0
[  363814ms] [WARNING] The resource https://mychef.id/generated/bali-hub-hero.webp was preloaded using link preload but not used within a few seconds from the window's load event. Please make sure it has an appropriate `as` value and it is preloaded intentionally. @ https://mychef.id/staffing:0
[  373054ms] [ERROR] Failed to load resource: the server responded with a status of 404 () @ https://mychef.id/generated/avatar-ai.webp:0
[  376395ms] [WARNING] The resource https://mychef.id/generated/bali-hub-hero.webp was preloaded using link preload but not used within a few seconds from the window's load event. Please make sure it has an appropriate `as` value and it is preloaded intentionally. @ https://mychef.id/staffing:0
[  390777ms] [WARNING] The resource https://mychef.id/generated/bali-hub-hero.webp was preloaded using link preload but not used within a few seconds from the window's load event. Please make sure it has an appropriate `as` value and it is preloaded intentionally. @ https://mychef.id/staffing:0
[  397356ms] [ERROR] Failed to load resource: the server responded with a status of 404 () @ https://mychef.id/generated/avatar-ai.webp:0
[  400704ms] [WARNING] The resource https://mychef.id/generated/bali-hub-hero.webp was preloaded using link preload but not used within a few seconds from the window's load event. Please make sure it has an appropriate `as` value and it is preloaded intentionally. @ https://mychef.id/staffing:0
[  412749ms] [WARNING] The resource https://mychef.id/generated/bali-hub-hero.webp was preloaded using link preload but not used within a few seconds from the window's load event. Please make sure it has an appropriate `as` value and it is preloaded intentionally. @ https://mychef.id/staffing:0
[  421981ms] [ERROR] Failed to load resource: the server responded with a status of 404 () @ https://mychef.id/generated/avatar-ai.webp:0
[  427359ms] [WARNING] The resource https://mychef.id/generated/bali-hub-hero.webp was preloaded using link preload but not used within a few seconds from the window's load event. Please make sure it has an appropriate `as` value and it is preloaded intentionally. @ https://mychef.id/staffing:0
[  436535ms] [WARNING] The resource https://mychef.id/generated/bali-hub-hero.webp was preloaded using link preload but not used within a few seconds from the window's load event. Please make sure it has an appropriate `as` value and it is preloaded intentionally. @ https://mychef.id/staffing:0
[  446632ms] [ERROR] Failed to load resource: the server responded with a status of 404 () @ https://mychef.id/generated/avatar-ai.webp:0
[  449842ms] [WARNING] The resource https://mychef.id/generated/bali-hub-hero.webp was preloaded using link preload but not used within a few seconds from the window's load event. Please make sure it has an appropriate `as` value and it is preloaded intentionally. @ https://mychef.id/staffing:0
[  461974ms] [WARNING] The resource https://mychef.id/generated/bali-hub-hero.webp was preloaded using link preload but not used within a few seconds from the window's load event. Please make sure it has an appropriate `as` value and it is preloaded intentionally. @ https://mychef.id/staffing:0
[  469192ms] [ERROR] Failed to load resource: the server responded with a status of 404 () @ https://mychef.id/generated/avatar-ai.webp:0
[  472280ms] [WARNING] The resource https://mychef.id/generated/bali-hub-hero.webp was preloaded using link preload but not used within a few seconds from the window's load event. Please make sure it has an appropriate `as` value and it is preloaded intentionally. @ https://mychef.id/staffing:0
[  484302ms] [WARNING] The resource https://mychef.id/generated/bali-hub-hero.webp was preloaded using link preload but not used within a few seconds from the window's load event. Please make sure it has an appropriate `as` value and it is preloaded intentionally. @ https://mychef.id/staffing:0
[  494188ms] [ERROR] Failed to load resource: the server responded with a status of 404 () @ https://mychef.id/generated/avatar-ai.webp:0
[  497260ms] [WARNING] The resource https://mychef.id/generated/bali-hub-hero.webp was preloaded using link preload but not used within a few seconds from the window's load event. Please make sure it has an appropriate `as` value and it is preloaded intentionally. @ https://mychef.id/staffing:0
[  508061ms] [WARNING] The resource https://mychef.id/generated/bali-hub-hero.webp was preloaded using link preload but not used within a few seconds from the window's load event. Please make sure it has an appropriate `as` value and it is preloaded intentionally. @ https://mychef.id/staffing:0
[  517117ms] [ERROR] Failed to load resource: the server responded with a status of 404 () @ https://mychef.id/generated/avatar-ai.webp:0
[  520365ms] [WARNING] The resource https://mychef.id/generated/bali-hub-hero.webp was preloaded using link preload but not used within a few seconds from the window's load event. Please make sure it has an appropriate `as` value and it is preloaded intentionally. @ https://mychef.id/staffing:0
[  531780ms] [WARNING] The resource https://mychef.id/generated/bali-hub-hero.webp was preloaded using link preload but not used within a few seconds from the window's load event. Please make sure it has an appropriate `as` value and it is preloaded intentionally. @ https://mychef.id/staffing:0
[  541827ms] [ERROR] Failed to load resource: the server responded with a status of 404 () @ https://mychef.id/generated/avatar-ai.webp:0
[  544964ms] [WARNING] The resource https://mychef.id/generated/bali-hub-hero.webp was preloaded using link preload but not used within a few seconds from the window's load event. Please make sure it has an appropriate `as` value and it is preloaded intentionally. @ https://mychef.id/staffing:0
[  556697ms] [WARNING] The resource https://mychef.id/generated/bali-hub-hero.webp was preloaded using link preload but not used within a few seconds from the window's load event. Please make sure it has an appropriate `as` value and it is preloaded intentionally. @ https://mychef.id/staffing:0
[  565767ms] [ERROR] Failed to load resource: the server responded with a status of 404 () @ https://mychef.id/generated/avatar-ai.webp:0
[  569592ms] [WARNING] The resource https://mychef.id/generated/bali-hub-hero.webp was preloaded using link preload but not used within a few seconds from the window's load event. Please make sure it has an appropriate `as` value and it is preloaded intentionally. @ https://mychef.id/staffing:0
[  579971ms] [WARNING] The resource https://mychef.id/generated/bali-hub-hero.webp was preloaded using link preload but not used within a few seconds from the window's load event. Please make sure it has an appropriate `as` value and it is preloaded intentionally. @ https://mychef.id/staffing:0
[  589221ms] [ERROR] Failed to load resource: the server responded with a status of 404 () @ https://mychef.id/generated/avatar-ai.webp:0
[  592259ms] [WARNING] The resource https://mychef.id/generated/bali-hub-hero.webp was preloaded using link preload but not used within a few seconds from the window's load event. Please make sure it has an appropriate `as` value and it is preloaded intentionally. @ https://mychef.id/staffing:0
[  605845ms] [WARNING] The resource https://mychef.id/generated/bali-hub-hero.webp was preloaded using link preload but not used within a few seconds from the window's load event. Please make sure it has an appropriate `as` value and it is preloaded intentionally. @ https://mychef.id/staffing:0
[  614123ms] [ERROR] Failed to load resource: the server responded with a status of 404 () @ https://mychef.id/generated/avatar-ai.webp:0
[  617295ms] [WARNING] The resource https://mychef.id/generated/bali-hub-hero.webp was preloaded using link preload but not used within a few seconds from the window's load event. Please make sure it has an appropriate `as` value and it is preloaded intentionally. @ https://mychef.id/staffing:0
[  628179ms] [WARNING] The resource https://mychef.id/generated/bali-hub-hero.webp was preloaded using link preload but not used within a few seconds from the window's load event. Please make sure it has an appropriate `as` value and it is preloaded intentionally. @ https://mychef.id/staffing:0
[  637256ms] [ERROR] Failed to load resource: the server responded with a status of 404 () @ https://mychef.id/generated/avatar-ai.webp:0
[  640294ms] [WARNING] The resource https://mychef.id/generated/bali-hub-hero.webp was preloaded using link preload but not used within a few seconds from the window's load event. Please make sure it has an appropriate `as` value and it is preloaded intentionally. @ https://mychef.id/staffing:0
[  654191ms] [WARNING] The resource https://mychef.id/generated/bali-hub-hero.webp was preloaded using link preload but not used within a few seconds from the window's load event. Please make sure it has an appropriate `as` value and it is preloaded intentionally. @ https://mychef.id/staffing:0
[  661176ms] [ERROR] Failed to load resource: the server responded with a status of 404 () @ https://mychef.id/generated/avatar-ai.webp:0
[  664275ms] [WARNING] The resource https://mychef.id/generated/bali-hub-hero.webp was preloaded using link preload but not used within a few seconds from the window's load event. Please make sure it has an appropriate `as` value and it is preloaded intentionally. @ https://mychef.id/staffing:0
[  675813ms] [WARNING] The resource https://mychef.id/generated/bali-hub-hero.webp was preloaded using link preload but not used within a few seconds from the window's load event. Please make sure it has an appropriate `as` value and it is preloaded intentionally. @ https://mychef.id/staffing:0
[  686745ms] [ERROR] Failed to load resource: the server responded with a status of 404 () @ https://mychef.id/generated/avatar-ai.webp:0
[  689784ms] [WARNING] The resource https://mychef.id/generated/bali-hub-hero.webp was preloaded using link preload but not used within a few seconds from the window's load event. Please make sure it has an appropriate `as` value and it is preloaded intentionally. @ https://mychef.id/staffing:0
[  699835ms] [WARNING] The resource https://mychef.id/generated/bali-hub-hero.webp was preloaded using link preload but not used within a few seconds from the window's load event. Please make sure it has an appropriate `as` value and it is preloaded intentionally. @ https://mychef.id/staffing:0
[  710997ms] [ERROR] Failed to load resource: the server responded with a status of 404 () @ https://mychef.id/generated/avatar-ai.webp:0
[  714284ms] [WARNING] The resource https://mychef.id/generated/bali-hub-hero.webp was preloaded using link preload but not used within a few seconds from the window's load event. Please make sure it has an appropriate `as` value and it is preloaded intentionally. @ https://mychef.id/staffing:0
[  724930ms] [WARNING] The resource https://mychef.id/generated/bali-hub-hero.webp was preloaded using link preload but not used within a few seconds from the window's load event. Please make sure it has an appropriate `as` value and it is preloaded intentionally. @ https://mychef.id/staffing:0
[  733098ms] [ERROR] Failed to load resource: the server responded with a status of 404 () @ https://mychef.id/generated/avatar-ai.webp:0
[  736162ms] [WARNING] The resource https://mychef.id/generated/bali-hub-hero.webp was preloaded using link preload but not used within a few seconds from the window's load event. Please make sure it has an appropriate `as` value and it is preloaded intentionally. @ https://mychef.id/staffing:0
[  749083ms] [WARNING] The resource https://mychef.id/generated/bali-hub-hero.webp was preloaded using link preload but not used within a few seconds from the window's load event. Please make sure it has an appropriate `as` value and it is preloaded intentionally. @ https://mychef.id/staffing:0
[  760242ms] [ERROR] Failed to load resource: the server responded with a status of 404 () @ https://mychef.id/generated/avatar-ai.webp:0
[  763303ms] [WARNING] The resource https://mychef.id/generated/bali-hub-hero.webp was preloaded using link preload but not used within a few seconds from the window's load event. Please make sure it has an appropriate `as` value and it is preloaded intentionally. @ https://mychef.id/staffing:0
[  772182ms] [WARNING] The resource https://mychef.id/generated/bali-hub-hero.webp was preloaded using link preload but not used within a few seconds from the window's load event. Please make sure it has an appropriate `as` value and it is preloaded intentionally. @ https://mychef.id/staffing:0
[  781869ms] [ERROR] Failed to load resource: the server responded with a status of 404 () @ https://mychef.id/generated/avatar-ai.webp:0
[  784994ms] [WARNING] The resource https://mychef.id/generated/bali-hub-hero.webp was preloaded using link preload but not used within a few seconds from the window's load event. Please make sure it has an appropriate `as` value and it is preloaded intentionally. @ https://mychef.id/staffing:0
[  795863ms] [WARNING] The resource https://mychef.id/generated/bali-hub-hero.webp was preloaded using link preload but not used within a few seconds from the window's load event. Please make sure it has an appropriate `as` value and it is preloaded intentionally. @ https://mychef.id/staffing:0
[  805035ms] [ERROR] Failed to load resource: the server responded with a status of 404 () @ https://mychef.id/generated/avatar-ai.webp:0
[  808078ms] [WARNING] The resource https://mychef.id/generated/bali-hub-hero.webp was preloaded using link preload but not used within a few seconds from the window's load event. Please make sure it has an appropriate `as` value and it is preloaded intentionally. @ https://mychef.id/staffing:0
[  820212ms] [WARNING] The resource https://mychef.id/generated/bali-hub-hero.webp was preloaded using link preload but not used within a few seconds from the window's load event. Please make sure it has an appropriate `as` value and it is preloaded intentionally. @ https://mychef.id/staffing:0
[  829554ms] [ERROR] Failed to load resource: the server responded with a status of 404 () @ https://mychef.id/generated/avatar-ai.webp:0
[  832591ms] [WARNING] The resource https://mychef.id/generated/bali-hub-hero.webp was preloaded using link preload but not used within a few seconds from the window's load event. Please make sure it has an appropriate `as` value and it is preloaded intentionally. @ https://mychef.id/staffing:0
[  844336ms] [WARNING] The resource https://mychef.id/generated/bali-hub-hero.webp was preloaded using link preload but not used within a few seconds from the window's load event. Please make sure it has an appropriate `as` value and it is preloaded intentionally. @ https://mychef.id/staffing:0
[  854056ms] [ERROR] Failed to load resource: the server responded with a status of 404 () @ https://mychef.id/generated/avatar-ai.webp:0
[  857529ms] [WARNING] The resource https://mychef.id/generated/bali-hub-hero.webp was preloaded using link preload but not used within a few seconds from the window's load event. Please make sure it has an appropriate `as` value and it is preloaded intentionally. @ https://mychef.id/staffing:0
[  870355ms] [WARNING] The resource https://mychef.id/generated/bali-hub-hero.webp was preloaded using link preload but not used within a few seconds from the window's load event. Please make sure it has an appropriate `as` value and it is preloaded intentionally. @ https://mychef.id/staffing:0
[  877043ms] [ERROR] Failed to load resource: the server responded with a status of 404 () @ https://mychef.id/generated/avatar-ai.webp:0
[  880067ms] [WARNING] The resource https://mychef.id/generated/bali-hub-hero.webp was preloaded using link preload but not used within a few seconds from the window's load event. Please make sure it has an appropriate `as` value and it is preloaded intentionally. @ https://mychef.id/staffing:0
[  891963ms] [WARNING] The resource https://mychef.id/generated/bali-hub-hero.webp was preloaded using link preload but not used within a few seconds from the window's load event. Please make sure it has an appropriate `as` value and it is preloaded intentionally. @ https://mychef.id/staffing:0
[  901597ms] [ERROR] Failed to load resource: the server responded with a status of 404 () @ https://mychef.id/generated/avatar-ai.webp:0
[  904621ms] [WARNING] The resource https://mychef.id/generated/bali-hub-hero.webp was preloaded using link preload but not used within a few seconds from the window's load event. Please make sure it has an appropriate `as` value and it is preloaded intentionally. @ https://mychef.id/staffing:0
[  919122ms] [WARNING] The resource https://mychef.id/generated/bali-hub-hero.webp was preloaded using link preload but not used within a few seconds from the window's load event. Please make sure it has an appropriate `as` value and it is preloaded intentionally. @ https://mychef.id/staffing:0
[  925928ms] [ERROR] Failed to load resource: the server responded with a status of 404 () @ https://mychef.id/generated/avatar-ai.webp:0
[  929011ms] [WARNING] The resource https://mychef.id/generated/bali-hub-hero.webp was preloaded using link preload but not used within a few seconds from the window's load event. Please make sure it has an appropriate `as` value and it is preloaded intentionally. @ https://mychef.id/staffing:0
[  940736ms] [WARNING] The resource https://mychef.id/generated/bali-hub-hero.webp was preloaded using link preload but not used within a few seconds from the window's load event. Please make sure it has an appropriate `as` value and it is preloaded intentionally. @ https://mychef.id/staffing:0
[  949066ms] [ERROR] Failed to load resource: the server responded with a status of 404 () @ https://mychef.id/generated/avatar-ai.webp:0
[  952289ms] [WARNING] The resource https://mychef.id/generated/bali-hub-hero.webp was preloaded using link preload but not used within a few seconds from the window's load event. Please make sure it has an appropriate `as` value and it is preloaded intentionally. @ https://mychef.id/staffing:0
[  964397ms] [WARNING] The resource https://mychef.id/generated/bali-hub-hero.webp was preloaded using link preload but not used within a few seconds from the window's load event. Please make sure it has an appropriate `as` value and it is preloaded intentionally. @ https://mychef.id/staffing:0
[  973997ms] [ERROR] Failed to load resource: the server responded with a status of 404 () @ https://mychef.id/generated/avatar-ai.webp:0
[  977145ms] [WARNING] The resource https://mychef.id/generated/bali-hub-hero.webp was preloaded using link preload but not used within a few seconds from the window's load event. Please make sure it has an appropriate `as` value and it is preloaded intentionally. @ https://mychef.id/staffing:0
[  988183ms] [WARNING] The resource https://mychef.id/generated/bali-hub-hero.webp was preloaded using link preload but not used within a few seconds from the window's load event. Please make sure it has an appropriate `as` value and it is preloaded intentionally. @ https://mychef.id/staffing:0
[  998229ms] [ERROR] Failed to load resource: the server responded with a status of 404 () @ https://mychef.id/generated/avatar-ai.webp:0
[ 1001296ms] [WARNING] The resource https://mychef.id/generated/bali-hub-hero.webp was preloaded using link preload but not used within a few seconds from the window's load event. Please make sure it has an appropriate `as` value and it is preloaded intentionally. @ https://mychef.id/staffing:0
[ 1014371ms] [WARNING] The resource https://mychef.id/generated/bali-hub-hero.webp was preloaded using link preload but not used within a few seconds from the window's load event. Please make sure it has an appropriate `as` value and it is preloaded intentionally. @ https://mychef.id/staffing:0
[ 1022644ms] [ERROR] Failed to load resource: the server responded with a status of 404 () @ https://mychef.id/generated/avatar-ai.webp:0
[ 1028087ms] [WARNING] The resource https://mychef.id/generated/bali-hub-hero.webp was preloaded using link preload but not used within a few seconds from the window's load event. Please make sure it has an appropriate `as` value and it is preloaded intentionally. @ https://mychef.id/staffing:0
[ 1036953ms] [WARNING] The resource https://mychef.id/generated/bali-hub-hero.webp was preloaded using link preload but not used within a few seconds from the window's load event. Please make sure it has an appropriate `as` value and it is preloaded intentionally. @ https://mychef.id/staffing:0
[ 1046505ms] [ERROR] Failed to load resource: the server responded with a status of 404 () @ https://mychef.id/generated/avatar-ai.webp:0
[ 1049593ms] [WARNING] The resource https://mychef.id/generated/bali-hub-hero.webp was preloaded using link preload but not used within a few seconds from the window's load event. Please make sure it has an appropriate `as` value and it is preloaded intentionally. @ https://mychef.id/staffing:0
[ 1062429ms] [WARNING] The resource https://mychef.id/generated/bali-hub-hero.webp was preloaded using link preload but not used within a few seconds from the window's load event. Please make sure it has an appropriate `as` value and it is preloaded intentionally. @ https://mychef.id/staffing:0
[ 1071965ms] [ERROR] Failed to load resource: the server responded with a status of 404 () @ https://mychef.id/generated/avatar-ai.webp:0
[ 1076384ms] [WARNING] The resource https://mychef.id/generated/bali-hub-hero.webp was preloaded using link preload but not used within a few seconds from the window's load event. Please make sure it has an appropriate `as` value and it is preloaded intentionally. @ https://mychef.id/staffing:0
[ 1085543ms] [WARNING] The resource https://mychef.id/generated/bali-hub-hero.webp was preloaded using link preload but not used within a few seconds from the window's load event. Please make sure it has an appropriate `as` value and it is preloaded intentionally. @ https://mychef.id/staffing:0
[ 1093561ms] [ERROR] Failed to load resource: the server responded with a status of 404 () @ https://mychef.id/generated/avatar-ai.webp:0
[ 1096589ms] [WARNING] The resource https://mychef.id/generated/bali-hub-hero.webp was preloaded using link preload but not used within a few seconds from the window's load event. Please make sure it has an appropriate `as` value and it is preloaded intentionally. @ https://mychef.id/staffing:0
[ 1111555ms] [WARNING] The resource https://mychef.id/generated/bali-hub-hero.webp was preloaded using link preload but not used within a few seconds from the window's load event. Please make sure it has an appropriate `as` value and it is preloaded intentionally. @ https://mychef.id/staffing:0
[ 1117813ms] [ERROR] Failed to load resource: the server responded with a status of 404 () @ https://mychef.id/generated/avatar-ai.webp:0
[ 1121676ms] [WARNING] The resource https://mychef.id/generated/bali-hub-hero.webp was preloaded using link preload but not used within a few seconds from the window's load event. Please make sure it has an appropriate `as` value and it is preloaded intentionally. @ https://mychef.id/staffing:0
[ 1132436ms] [WARNING] The resource https://mychef.id/generated/bali-hub-hero.webp was preloaded using link preload but not used within a few seconds from the window's load event. Please make sure it has an appropriate `as` value and it is preloaded intentionally. @ https://mychef.id/staffing:0
[ 1141091ms] [ERROR] Failed to load resource: the server responded with a status of 404 () @ https://mychef.id/generated/avatar-ai.webp:0
[ 1144490ms] [WARNING] The resource https://mychef.id/generated/bali-hub-hero.webp was preloaded using link preload but not used within a few seconds from the window's load event. Please make sure it has an appropriate `as` value and it is preloaded intentionally. @ https://mychef.id/staffing:0
[ 1158758ms] [WARNING] The resource https://mychef.id/generated/bali-hub-hero.webp was preloaded using link preload but not used within a few seconds from the window's load event. Please make sure it has an appropriate `as` value and it is preloaded intentionally. @ https://mychef.id/staffing:0
[ 1167698ms] [ERROR] Failed to load resource: the server responded with a status of 404 () @ https://mychef.id/generated/avatar-ai.webp:0
[ 1170943ms] [WARNING] The resource https://mychef.id/generated/bali-hub-hero.webp was preloaded using link preload but not used within a few seconds from the window's load event. Please make sure it has an appropriate `as` value and it is preloaded intentionally. @ https://mychef.id/staffing:0
[ 1181569ms] [WARNING] The resource https://mychef.id/generated/bali-hub-hero.webp was preloaded using link preload but not used within a few seconds from the window's load event. Please make sure it has an appropriate `as` value and it is preloaded intentionally. @ https://mychef.id/staffing:0
[ 1192938ms] [ERROR] Failed to load resource: the server responded with a status of 404 () @ https://mychef.id/generated/avatar-ai.webp:0
[ 1200675ms] [WARNING] The resource https://mychef.id/generated/bali-hub-hero.webp was preloaded using link preload but not used within a few seconds from the window's load event. Please make sure it has an appropriate `as` value and it is preloaded intentionally. @ https://mychef.id/staffing:0
[ 1207254ms] [WARNING] The resource https://mychef.id/generated/bali-hub-hero.webp was preloaded using link preload but not used within a few seconds from the window's load event. Please make sure it has an appropriate `as` value and it is preloaded intentionally. @ https://mychef.id/staffing:0
[ 1214230ms] [ERROR] Failed to load resource: the server responded with a status of 404 () @ https://mychef.id/generated/avatar-ai.webp:0
[ 1218176ms] [WARNING] The resource https://mychef.id/generated/bali-hub-hero.webp was preloaded using link preload but not used within a few seconds from the window's load event. Please make sure it has an appropriate `as` value and it is preloaded intentionally. @ https://mychef.id/staffing:0
[ 1230061ms] [WARNING] The resource https://mychef.id/generated/bali-hub-hero.webp was preloaded using link preload but not used within a few seconds from the window's load event. Please make sure it has an appropriate `as` value and it is preloaded intentionally. @ https://mychef.id/staffing:0
[ 1237684ms] [ERROR] Failed to load resource: the server responded with a status of 404 () @ https://mychef.id/generated/avatar-ai.webp:0
[ 1240858ms] [WARNING] The resource https://mychef.id/generated/bali-hub-hero.webp was preloaded using link preload but not used within a few seconds from the window's load event. Please make sure it has an appropriate `as` value and it is preloaded intentionally. @ https://mychef.id/staffing:0
[ 1252526ms] [WARNING] The resource https://mychef.id/generated/bali-hub-hero.webp was preloaded using link preload but not used within a few seconds from the window's load event. Please make sure it has an appropriate `as` value and it is preloaded intentionally. @ https://mychef.id/staffing:0
[ 1262069ms] [ERROR] Failed to load resource: the server responded with a status of 404 () @ https://mychef.id/generated/avatar-ai.webp:0
[ 1265500ms] [WARNING] The resource https://mychef.id/generated/bali-hub-hero.webp was preloaded using link preload but not used within a few seconds from the window's load event. Please make sure it has an appropriate `as` value and it is preloaded intentionally. @ https://mychef.id/staffing:0
[ 1276912ms] [WARNING] The resource https://mychef.id/generated/bali-hub-hero.webp was preloaded using link preload but not used within a few seconds from the window's load event. Please make sure it has an appropriate `as` value and it is preloaded intentionally. @ https://mychef.id/staffing:0
[ 1285090ms] [ERROR] Failed to load resource: the server responded with a status of 404 () @ https://mychef.id/generated/avatar-ai.webp:0
[ 1288132ms] [WARNING] The resource https://mychef.id/generated/bali-hub-hero.webp was preloaded using link preload but not used within a few seconds from the window's load event. Please make sure it has an appropriate `as` value and it is preloaded intentionally. @ https://mychef.id/staffing:0
[ 1300323ms] [WARNING] The resource https://mychef.id/generated/bali-hub-hero.webp was preloaded using link preload but not used within a few seconds from the window's load event. Please make sure it has an appropriate `as` value and it is preloaded intentionally. @ https://mychef.id/staffing:0
[ 1310088ms] [ERROR] Failed to load resource: the server responded with a status of 404 () @ https://mychef.id/generated/avatar-ai.webp:0
[ 1313137ms] [WARNING] The resource https://mychef.id/generated/bali-hub-hero.webp was preloaded using link preload but not used within a few seconds from the window's load event. Please make sure it has an appropriate `as` value and it is preloaded intentionally. @ https://mychef.id/staffing:0
[ 1324099ms] [WARNING] The resource https://mychef.id/generated/bali-hub-hero.webp was preloaded using link preload but not used within a few seconds from the window's load event. Please make sure it has an appropriate `as` value and it is preloaded intentionally. @ https://mychef.id/staffing:0
[ 1333064ms] [ERROR] Failed to load resource: the server responded with a status of 404 () @ https://mychef.id/generated/avatar-ai.webp:0
[ 1336123ms] [WARNING] The resource https://mychef.id/generated/bali-hub-hero.webp was preloaded using link preload but not used within a few seconds from the window's load event. Please make sure it has an appropriate `as` value and it is preloaded intentionally. @ https://mychef.id/staffing:0
[ 1347832ms] [WARNING] The resource https://mychef.id/generated/bali-hub-hero.webp was preloaded using link preload but not used within a few seconds from the window's load event. Please make sure it has an appropriate `as` value and it is preloaded intentionally. @ https://mychef.id/staffing:0
[ 1357046ms] [ERROR] Failed to load resource: the server responded with a status of 404 () @ https://mychef.id/generated/avatar-ai.webp:0
[ 1360081ms] [WARNING] The resource https://mychef.id/generated/bali-hub-hero.webp was preloaded using link preload but not used within a few seconds from the window's load event. Please make sure it has an appropriate `as` value and it is preloaded intentionally. @ https://mychef.id/staffing:0
[ 1372235ms] [WARNING] The resource https://mychef.id/generated/bali-hub-hero.webp was preloaded using link preload but not used within a few seconds from the window's load event. Please make sure it has an appropriate `as` value and it is preloaded intentionally. @ https://mychef.id/staffing:0
[ 1381080ms] [ERROR] Failed to load resource: the server responded with a status of 404 () @ https://mychef.id/generated/avatar-ai.webp:0
[ 1384315ms] [WARNING] The resource https://mychef.id/generated/bali-hub-hero.webp was preloaded using link preload but not used within a few seconds from the window's load event. Please make sure it has an appropriate `as` value and it is preloaded intentionally. @ https://mychef.id/staffing:0
[ 1395880ms] [WARNING] The resource https://mychef.id/generated/bali-hub-hero.webp was preloaded using link preload but not used within a few seconds from the window's load event. Please make sure it has an appropriate `as` value and it is preloaded intentionally. @ https://mychef.id/staffing:0
[ 1405108ms] [ERROR] Failed to load resource: the server responded with a status of 404 () @ https://mychef.id/generated/avatar-ai.webp:0
[ 1408268ms] [WARNING] The resource https://mychef.id/generated/bali-hub-hero.webp was preloaded using link preload but not used within a few seconds from the window's load event. Please make sure it has an appropriate `as` value and it is preloaded intentionally. @ https://mychef.id/staffing:0
[ 1419828ms] [WARNING] The resource https://mychef.id/generated/bali-hub-hero.webp was preloaded using link preload but not used within a few seconds from the window's load event. Please make sure it has an appropriate `as` value and it is preloaded intentionally. @ https://mychef.id/staffing:0
[ 1429121ms] [ERROR] Failed to load resource: the server responded with a status of 404 () @ https://mychef.id/generated/avatar-ai.webp:0
[ 1432151ms] [WARNING] The resource https://mychef.id/generated/bali-hub-hero.webp was preloaded using link preload but not used within a few seconds from the window's load event. Please make sure it has an appropriate `as` value and it is preloaded intentionally. @ https://mychef.id/staffing:0
[ 1443965ms] [WARNING] The resource https://mychef.id/generated/bali-hub-hero.webp was preloaded using link preload but not used within a few seconds from the window's load event. Please make sure it has an appropriate `as` value and it is preloaded intentionally. @ https://mychef.id/staffing:0
[ 1453071ms] [ERROR] Failed to load resource: the server responded with a status of 404 () @ https://mychef.id/generated/avatar-ai.webp:0
[ 1456128ms] [WARNING] The resource https://mychef.id/generated/bali-hub-hero.webp was preloaded using link preload but not used within a few seconds from the window's load event. Please make sure it has an appropriate `as` value and it is preloaded intentionally. @ https://mychef.id/staffing:0
[ 1468087ms] [WARNING] The resource https://mychef.id/generated/bali-hub-hero.webp was preloaded using link preload but not used within a few seconds from the window's load event. Please make sure it has an appropriate `as` value and it is preloaded intentionally. @ https://mychef.id/staffing:0
[ 1477115ms] [ERROR] Failed to load resource: the server responded with a status of 404 () @ https://mychef.id/generated/avatar-ai.webp:0
[ 1480264ms] [WARNING] The resource https://mychef.id/generated/bali-hub-hero.webp was preloaded using link preload but not used within a few seconds from the window's load event. Please make sure it has an appropriate `as` value and it is preloaded intentionally. @ https://mychef.id/staffing:0
[ 1492490ms] [WARNING] The resource https://mychef.id/generated/bali-hub-hero.webp was preloaded using link preload but not used within a few seconds from the window's load event. Please make sure it has an appropriate `as` value and it is preloaded intentionally. @ https://mychef.id/staffing:0
[ 1502338ms] [ERROR] Failed to load resource: the server responded with a status of 404 () @ https://mychef.id/generated/avatar-ai.webp:0
[ 1506595ms] [WARNING] The resource https://mychef.id/generated/bali-hub-hero.webp was preloaded using link preload but not used within a few seconds from the window's load event. Please make sure it has an appropriate `as` value and it is preloaded intentionally. @ https://mychef.id/staffing:0
[ 1516481ms] [WARNING] The resource https://mychef.id/generated/bali-hub-hero.webp was preloaded using link preload but not used within a few seconds from the window's load event. Please make sure it has an appropriate `as` value and it is preloaded intentionally. @ https://mychef.id/staffing:0
[ 1525073ms] [ERROR] Failed to load resource: the server responded with a status of 404 () @ https://mychef.id/generated/avatar-ai.webp:0
[ 1528093ms] [WARNING] The resource https://mychef.id/generated/bali-hub-hero.webp was preloaded using link preload but not used within a few seconds from the window's load event. Please make sure it has an appropriate `as` value and it is preloaded intentionally. @ https://mychef.id/staffing:0
[ 1539805ms] [WARNING] The resource https://mychef.id/generated/bali-hub-hero.webp was preloaded using link preload but not used within a few seconds from the window's load event. Please make sure it has an appropriate `as` value and it is preloaded intentionally. @ https://mychef.id/staffing:0
[ 1550473ms] [ERROR] Failed to load resource: the server responded with a status of 404 () @ https://mychef.id/generated/avatar-ai.webp:0
[ 1554128ms] [WARNING] The resource https://mychef.id/generated/bali-hub-hero.webp was preloaded using link preload but not used within a few seconds from the window's load event. Please make sure it has an appropriate `as` value and it is preloaded intentionally. @ https://mychef.id/staffing:0
[ 1564118ms] [WARNING] The resource https://mychef.id/generated/bali-hub-hero.webp was preloaded using link preload but not used within a few seconds from the window's load event. Please make sure it has an appropriate `as` value and it is preloaded intentionally. @ https://mychef.id/staffing:0
[ 1573112ms] [ERROR] Failed to load resource: the server responded with a status of 404 () @ https://mychef.id/generated/avatar-ai.webp:0
[ 1576146ms] [WARNING] The resource https://mychef.id/generated/bali-hub-hero.webp was preloaded using link preload but not used within a few seconds from the window's load event. Please make sure it has an appropriate `as` value and it is preloaded intentionally. @ https://mychef.id/staffing:0
[ 1587873ms] [WARNING] The resource https://mychef.id/generated/bali-hub-hero.webp was preloaded using link preload but not used within a few seconds from the window's load event. Please make sure it has an appropriate `as` value and it is preloaded intentionally. @ https://mychef.id/staffing:0
[ 1597066ms] [ERROR] Failed to load resource: the server responded with a status of 404 () @ https://mychef.id/generated/avatar-ai.webp:0
[ 1600082ms] [WARNING] The resource https://mychef.id/generated/bali-hub-hero.webp was preloaded using link preload but not used within a few seconds from the window's load event. Please make sure it has an appropriate `as` value and it is preloaded intentionally. @ https://mychef.id/staffing:0
[ 1611797ms] [WARNING] The resource https://mychef.id/generated/bali-hub-hero.webp was preloaded using link preload but not used within a few seconds from the window's load event. Please make sure it has an appropriate `as` value and it is preloaded intentionally. @ https://mychef.id/staffing:0
[ 1621180ms] [ERROR] Failed to load resource: the server responded with a status of 404 () @ https://mychef.id/generated/avatar-ai.webp:0
[ 1624449ms] [WARNING] The resource https://mychef.id/generated/bali-hub-hero.webp was preloaded using link preload but not used within a few seconds from the window's load event. Please make sure it has an appropriate `as` value and it is preloaded intentionally. @ https://mychef.id/staffing:0
[ 1635814ms] [WARNING] The resource https://mychef.id/generated/bali-hub-hero.webp was preloaded using link preload but not used within a few seconds from the window's load event. Please make sure it has an appropriate `as` value and it is preloaded intentionally. @ https://mychef.id/staffing:0
[ 1645493ms] [ERROR] Failed to load resource: the server responded with a status of 404 () @ https://mychef.id/generated/avatar-ai.webp:0
[ 1649228ms] [WARNING] The resource https://mychef.id/generated/bali-hub-hero.webp was preloaded using link preload but not used within a few seconds from the window's load event. Please make sure it has an appropriate `as` value and it is preloaded intentionally. @ https://mychef.id/staffing:0
[ 1660083ms] [WARNING] The resource https://mychef.id/generated/bali-hub-hero.webp was preloaded using link preload but not used within a few seconds from the window's load event. Please make sure it has an appropriate `as` value and it is preloaded intentionally. @ https://mychef.id/staffing:0
[ 1669143ms] [ERROR] Failed to load resource: the server responded with a status of 404 () @ https://mychef.id/generated/avatar-ai.webp:0
[ 1672191ms] [WARNING] The resource https://mychef.id/generated/bali-hub-hero.webp was preloaded using link preload but not used within a few seconds from the window's load event. Please make sure it has an appropriate `as` value and it is preloaded intentionally. @ https://mychef.id/staffing:0
[ 1686304ms] [WARNING] The resource https://mychef.id/generated/bali-hub-hero.webp was preloaded using link preload but not used within a few seconds from the window's load event. Please make sure it has an appropriate `as` value and it is preloaded intentionally. @ https://mychef.id/staffing:0
[ 1693117ms] [ERROR] Failed to load resource: the server responded with a status of 404 () @ https://mychef.id/generated/avatar-ai.webp:0
[ 1696241ms] [WARNING] The resource https://mychef.id/generated/bali-hub-hero.webp was preloaded using link preload but not used within a few seconds from the window's load event. Please make sure it has an appropriate `as` value and it is preloaded intentionally. @ https://mychef.id/staffing:0
[ 1707801ms] [WARNING] The resource https://mychef.id/generated/bali-hub-hero.webp was preloaded using link preload but not used within a few seconds from the window's load event. Please make sure it has an appropriate `as` value and it is preloaded intentionally. @ https://mychef.id/staffing:0
[ 1717065ms] [ERROR] Failed to load resource: the server responded with a status of 404 () @ https://mychef.id/generated/avatar-ai.webp:0
[ 1720255ms] [WARNING] The resource https://mychef.id/generated/bali-hub-hero.webp was preloaded using link preload but not used within a few seconds from the window's load event. Please make sure it has an appropriate `as` value and it is preloaded intentionally. @ https://mychef.id/staffing:0
[ 1731888ms] [WARNING] The resource https://mychef.id/generated/bali-hub-hero.webp was preloaded using link preload but not used within a few seconds from the window's load event. Please make sure it has an appropriate `as` value and it is preloaded intentionally. @ https://mychef.id/staffing:0
[ 1741057ms] [ERROR] Failed to load resource: the server responded with a status of 404 () @ https://mychef.id/generated/avatar-ai.webp:0
[ 1744114ms] [WARNING] The resource https://mychef.id/generated/bali-hub-hero.webp was preloaded using link preload but not used within a few seconds from the window's load event. Please make sure it has an appropriate `as` value and it is preloaded intentionally. @ https://mychef.id/staffing:0
[ 1756640ms] [WARNING] The resource https://mychef.id/generated/bali-hub-hero.webp was preloaded using link preload but not used within a few seconds from the window's load event. Please make sure it has an appropriate `as` value and it is preloaded intentionally. @ https://mychef.id/staffing:0
[ 1765121ms] [ERROR] Failed to load resource: the server responded with a status of 404 () @ https://mychef.id/generated/avatar-ai.webp:0
[ 1768488ms] [WARNING] The resource https://mychef.id/generated/bali-hub-hero.webp was preloaded using link preload but not used within a few seconds from the window's load event. Please make sure it has an appropriate `as` value and it is preloaded intentionally. @ https://mychef.id/staffing:0
[ 1779802ms] [WARNING] The resource https://mychef.id/generated/bali-hub-hero.webp was preloaded using link preload but not used within a few seconds from the window's load event. Please make sure it has an appropriate `as` value and it is preloaded intentionally. @ https://mychef.id/staffing:0
[ 1789114ms] [ERROR] Failed to load resource: the server responded with a status of 404 () @ https://mychef.id/generated/avatar-ai.webp:0
[ 1792145ms] [WARNING] The resource https://mychef.id/generated/bali-hub-hero.webp was preloaded using link preload but not used within a few seconds from the window's load event. Please make sure it has an appropriate `as` value and it is preloaded intentionally. @ https://mychef.id/staffing:0
[ 1803873ms] [WARNING] The resource https://mychef.id/generated/bali-hub-hero.webp was preloaded using link preload but not used within a few seconds from the window's load event. Please make sure it has an appropriate `as` value and it is preloaded intentionally. @ https://mychef.id/staffing:0
[ 1813133ms] [ERROR] Failed to load resource: the server responded with a status of 404 () @ https://mychef.id/generated/avatar-ai.webp:0
[ 1816801ms] [WARNING] The resource https://mychef.id/generated/bali-hub-hero.webp was preloaded using link preload but not used within a few seconds from the window's load event. Please make sure it has an appropriate `as` value and it is preloaded intentionally. @ https://mychef.id/staffing:0
[ 1827821ms] [WARNING] The resource https://mychef.id/generated/bali-hub-hero.webp was preloaded using link preload but not used within a few seconds from the window's load event. Please make sure it has an appropriate `as` value and it is preloaded intentionally. @ https://mychef.id/staffing:0
[ 1837110ms] [ERROR] Failed to load resource: the server responded with a status of 404 () @ https://mychef.id/generated/avatar-ai.webp:0
[ 1840132ms] [WARNING] The resource https://mychef.id/generated/bali-hub-hero.webp was preloaded using link preload but not used within a few seconds from the window's load event. Please make sure it has an appropriate `as` value and it is preloaded intentionally. @ https://mychef.id/staffing:0
[ 1852299ms] [WARNING] The resource https://mychef.id/generated/bali-hub-hero.webp was preloaded using link preload but not used within a few seconds from the window's load event. Please make sure it has an appropriate `as` value and it is preloaded intentionally. @ https://mychef.id/staffing:0
[ 1861069ms] [ERROR] Failed to load resource: the server responded with a status of 404 () @ https://mychef.id/generated/avatar-ai.webp:0
[ 1864113ms] [WARNING] The resource https://mychef.id/generated/bali-hub-hero.webp was preloaded using link preload but not used within a few seconds from the window's load event. Please make sure it has an appropriate `as` value and it is preloaded intentionally. @ https://mychef.id/staffing:0
[ 1876272ms] [WARNING] The resource https://mychef.id/generated/bali-hub-hero.webp was preloaded using link preload but not used within a few seconds from the window's load event. Please make sure it has an appropriate `as` value and it is preloaded intentionally. @ https://mychef.id/staffing:0
[ 1885068ms] [ERROR] Failed to load resource: the server responded with a status of 404 () @ https://mychef.id/generated/avatar-ai.webp:0
[ 1888085ms] [WARNING] The resource https://mychef.id/generated/bali-hub-hero.webp was preloaded using link preload but not used within a few seconds from the window's load event. Please make sure it has an appropriate `as` value and it is preloaded intentionally. @ https://mychef.id/staffing:0
[ 1899803ms] [WARNING] The resource https://mychef.id/generated/bali-hub-hero.webp was preloaded using link preload but not used within a few seconds from the window's load event. Please make sure it has an appropriate `as` value and it is preloaded intentionally. @ https://mychef.id/staffing:0
[ 1909147ms] [ERROR] Failed to load resource: the server responded with a status of 404 () @ https://mychef.id/generated/avatar-ai.webp:0
[ 1912330ms] [WARNING] The resource https://mychef.id/generated/bali-hub-hero.webp was preloaded using link preload but not used within a few seconds from the window's load event. Please make sure it has an appropriate `as` value and it is preloaded intentionally. @ https://mychef.id/staffing:0
[ 1923824ms] [WARNING] The resource https://mychef.id/generated/bali-hub-hero.webp was preloaded using link preload but not used within a few seconds from the window's load event. Please make sure it has an appropriate `as` value and it is preloaded intentionally. @ https://mychef.id/staffing:0
[ 1933132ms] [ERROR] Failed to load resource: the server responded with a status of 404 () @ https://mychef.id/generated/avatar-ai.webp:0
[ 1936210ms] [WARNING] The resource https://mychef.id/generated/bali-hub-hero.webp was preloaded using link preload but not used within a few seconds from the window's load event. Please make sure it has an appropriate `as` value and it is preloaded intentionally. @ https://mychef.id/staffing:0
[ 1948079ms] [WARNING] The resource https://mychef.id/generated/bali-hub-hero.webp was preloaded using link preload but not used within a few seconds from the window's load event. Please make sure it has an appropriate `as` value and it is preloaded intentionally. @ https://mychef.id/staffing:0
[ 1957159ms] [ERROR] Failed to load resource: the server responded with a status of 404 () @ https://mychef.id/generated/avatar-ai.webp:0
[ 1960207ms] [WARNING] The resource https://mychef.id/generated/bali-hub-hero.webp was preloaded using link preload but not used within a few seconds from the window's load event. Please make sure it has an appropriate `as` value and it is preloaded intentionally. @ https://mychef.id/staffing:0
[ 1972087ms] [WARNING] The resource https://mychef.id/generated/bali-hub-hero.webp was preloaded using link preload but not used within a few seconds from the window's load event. Please make sure it has an appropriate `as` value and it is preloaded intentionally. @ https://mychef.id/staffing:0
[ 1981029ms] [ERROR] Failed to load resource: the server responded with a status of 404 () @ https://mychef.id/generated/avatar-ai.webp:0
[ 1984062ms] [WARNING] The resource https://mychef.id/generated/bali-hub-hero.webp was preloaded using link preload but not used within a few seconds from the window's load event. Please make sure it has an appropriate `as` value and it is preloaded intentionally. @ https://mychef.id/staffing:0
[ 1995794ms] [WARNING] The resource https://mychef.id/generated/bali-hub-hero.webp was preloaded using link preload but not used within a few seconds from the window's load event. Please make sure it has an appropriate `as` value and it is preloaded intentionally. @ https://mychef.id/staffing:0
[ 2005004ms] [ERROR] Failed to load resource: the server responded with a status of 404 () @ https://mychef.id/generated/avatar-ai.webp:0
[ 2008245ms] [WARNING] The resource https://mychef.id/generated/bali-hub-hero.webp was preloaded using link preload but not used within a few seconds from the window's load event. Please make sure it has an appropriate `as` value and it is preloaded intentionally. @ https://mychef.id/staffing:0
[ 2019720ms] [WARNING] The resource https://mychef.id/generated/bali-hub-hero.webp was preloaded using link preload but not used within a few seconds from the window's load event. Please make sure it has an appropriate `as` value and it is preloaded intentionally. @ https://mychef.id/staffing:0
[ 2029023ms] [ERROR] Failed to load resource: the server responded with a status of 404 () @ https://mychef.id/generated/avatar-ai.webp:0
[ 2032092ms] [WARNING] The resource https://mychef.id/generated/bali-hub-hero.webp was preloaded using link preload but not used within a few seconds from the window's load event. Please make sure it has an appropriate `as` value and it is preloaded intentionally. @ https://mychef.id/staffing:0
[ 2043749ms] [WARNING] The resource https://mychef.id/generated/bali-hub-hero.webp was preloaded using link preload but not used within a few seconds from the window's load event. Please make sure it has an appropriate `as` value and it is preloaded intentionally. @ https://mychef.id/staffing:0
[ 2053000ms] [ERROR] Failed to load resource: the server responded with a status of 404 () @ https://mychef.id/generated/avatar-ai.webp:0
[ 2056077ms] [WARNING] The resource https://mychef.id/generated/bali-hub-hero.webp was preloaded using link preload but not used within a few seconds from the window's load event. Please make sure it has an appropriate `as` value and it is preloaded intentionally. @ https://mychef.id/staffing:0
