[     492ms] [ERROR] Executing inline script violates the following Content Security Policy directive 'script-src 'self' https://va.vercel-scripts.com'. Either the 'unsafe-inline' keyword, a hash ('sha256-ywWB4SJkXKjrZuG9yiHtFBhpVMc32MKVTAEvP1ON9NU='), or a nonce ('nonce-...') is required to enable inline execution. The action has been blocked. @ https://mychef.id/locations:13
[     532ms] [ERROR] Executing inline event handler violates the following Content Security Policy directive 'script-src 'self' https://va.vercel-scripts.com'. Either the 'unsafe-inline' keyword, a hash ('sha256-...'), or a nonce ('nonce-...') is required to enable inline execution. Note that hashes do not apply to event handlers, style attributes and javascript: navigations unless the 'unsafe-hashes' keyword is present. The action has been blocked. @ https://mychef.id/locations:57
[     773ms] [ERROR] Failed to load resource: the server responded with a status of 404 () @ https://mychef.id/generated/bali-hub-hero.webp:0
[    1574ms] [ERROR] Failed to load resource: the server responded with a status of 404 () @ https://mychef.id/generated/avatar-ai.webp:0
[    1824ms] [ERROR] Loading the script 'https://www.googletagmanager.com/gtag/js?id=G-W0PQH8ZKTF' violates the following Content Security Policy directive: "script-src 'self' https://va.vercel-scripts.com". Note that 'script-src-elem' was not explicitly set, so 'script-src' is used as a fallback. The action has been blocked. @ https://mychef.id/assets/index-CjS3F8a_.js:1
[    5113ms] [WARNING] The resource https://mychef.id/generated/bali-hub-hero.webp was preloaded using link preload but not used within a few seconds from the window's load event. Please make sure it has an appropriate `as` value and it is preloaded intentionally. @ https://mychef.id/locations:0
[   17214ms] [WARNING] The resource https://mychef.id/generated/bali-hub-hero.webp was preloaded using link preload but not used within a few seconds from the window's load event. Please make sure it has an appropriate `as` value and it is preloaded intentionally. @ https://mychef.id/locations:0
[   26018ms] [ERROR] Failed to load resource: the server responded with a status of 404 () @ https://mychef.id/generated/avatar-ai.webp:0
[   29023ms] [WARNING] The resource https://mychef.id/generated/bali-hub-hero.webp was preloaded using link preload but not used within a few seconds from the window's load event. Please make sure it has an appropriate `as` value and it is preloaded intentionally. @ https://mychef.id/locations:0
[   40860ms] [WARNING] The resource https://mychef.id/generated/bali-hub-hero.webp was preloaded using link preload but not used within a few seconds from the window's load event. Please make sure it has an appropriate `as` value and it is preloaded intentionally. @ https://mychef.id/locations:0
[   49885ms] [ERROR] Failed to load resource: the server responded with a status of 404 () @ https://mychef.id/generated/avatar-ai.webp:0
[   52891ms] [WARNING] The resource https://mychef.id/generated/bali-hub-hero.webp was preloaded using link preload but not used within a few seconds from the window's load event. Please make sure it has an appropriate `as` value and it is preloaded intentionally. @ https://mychef.id/locations:0
[   64850ms] [WARNING] The resource https://mychef.id/generated/bali-hub-hero.webp was preloaded using link preload but not used within a few seconds from the window's load event. Please make sure it has an appropriate `as` value and it is preloaded intentionally. @ https://mychef.id/locations:0
[   74039ms] [ERROR] Failed to load resource: the server responded with a status of 404 () @ https://mychef.id/generated/avatar-ai.webp:0
[   77044ms] [WARNING] The resource https://mychef.id/generated/bali-hub-hero.webp was preloaded using link preload but not used within a few seconds from the window's load event. Please make sure it has an appropriate `as` value and it is preloaded intentionally. @ https://mychef.id/locations:0
[   88656ms] [WARNING] The resource https://mychef.id/generated/bali-hub-hero.webp was preloaded using link preload but not used within a few seconds from the window's load event. Please make sure it has an appropriate `as` value and it is preloaded intentionally. @ https://mychef.id/locations:0
[   98347ms] [ERROR] Failed to load resource: the server responded with a status of 404 () @ https://mychef.id/generated/avatar-ai.webp:0
[  101433ms] [WARNING] The resource https://mychef.id/generated/bali-hub-hero.webp was preloaded using link preload but not used within a few seconds from the window's load event. Please make sure it has an appropriate `as` value and it is preloaded intentionally. @ https://mychef.id/locations:0
[  112793ms] [WARNING] The resource https://mychef.id/generated/bali-hub-hero.webp was preloaded using link preload but not used within a few seconds from the window's load event. Please make sure it has an appropriate `as` value and it is preloaded intentionally. @ https://mychef.id/locations:0
[  122005ms] [ERROR] Failed to load resource: the server responded with a status of 404 () @ https://mychef.id/generated/avatar-ai.webp:0
[  125054ms] [WARNING] The resource https://mychef.id/generated/bali-hub-hero.webp was preloaded using link preload but not used within a few seconds from the window's load event. Please make sure it has an appropriate `as` value and it is preloaded intentionally. @ https://mychef.id/locations:0
[  137049ms] [WARNING] The resource https://mychef.id/generated/bali-hub-hero.webp was preloaded using link preload but not used within a few seconds from the window's load event. Please make sure it has an appropriate `as` value and it is preloaded intentionally. @ https://mychef.id/locations:0
[  145877ms] [ERROR] Failed to load resource: the server responded with a status of 404 () @ https://mychef.id/generated/avatar-ai.webp:0
[  148884ms] [WARNING] The resource https://mychef.id/generated/bali-hub-hero.webp was preloaded using link preload but not used within a few seconds from the window's load event. Please make sure it has an appropriate `as` value and it is preloaded intentionally. @ https://mychef.id/locations:0
[  160669ms] [WARNING] The resource https://mychef.id/generated/bali-hub-hero.webp was preloaded using link preload but not used within a few seconds from the window's load event. Please make sure it has an appropriate `as` value and it is preloaded intentionally. @ https://mychef.id/locations:0
[  169948ms] [ERROR] Failed to load resource: the server responded with a status of 404 () @ https://mychef.id/generated/avatar-ai.webp:0
[  172972ms] [WARNING] The resource https://mychef.id/generated/bali-hub-hero.webp was preloaded using link preload but not used within a few seconds from the window's load event. Please make sure it has an appropriate `as` value and it is preloaded intentionally. @ https://mychef.id/locations:0
[  184730ms] [WARNING] The resource https://mychef.id/generated/bali-hub-hero.webp was preloaded using link preload but not used within a few seconds from the window's load event. Please make sure it has an appropriate `as` value and it is preloaded intentionally. @ https://mychef.id/locations:0
[  194024ms] [ERROR] Failed to load resource: the server responded with a status of 404 () @ https://mychef.id/generated/avatar-ai.webp:0
[  197063ms] [WARNING] The resource https://mychef.id/generated/bali-hub-hero.webp was preloaded using link preload but not used within a few seconds from the window's load event. Please make sure it has an appropriate `as` value and it is preloaded intentionally. @ https://mychef.id/locations:0
[  208631ms] [WARNING] The resource https://mychef.id/generated/bali-hub-hero.webp was preloaded using link preload but not used within a few seconds from the window's load event. Please make sure it has an appropriate `as` value and it is preloaded intentionally. @ https://mychef.id/locations:0
[  217892ms] [ERROR] Failed to load resource: the server responded with a status of 404 () @ https://mychef.id/generated/avatar-ai.webp:0
[  220904ms] [WARNING] The resource https://mychef.id/generated/bali-hub-hero.webp was preloaded using link preload but not used within a few seconds from the window's load event. Please make sure it has an appropriate `as` value and it is preloaded intentionally. @ https://mychef.id/locations:0
[  232652ms] [WARNING] The resource https://mychef.id/generated/bali-hub-hero.webp was preloaded using link preload but not used within a few seconds from the window's load event. Please make sure it has an appropriate `as` value and it is preloaded intentionally. @ https://mychef.id/locations:0
[  241949ms] [ERROR] Failed to load resource: the server responded with a status of 404 () @ https://mychef.id/generated/avatar-ai.webp:0
[  244968ms] [WARNING] The resource https://mychef.id/generated/bali-hub-hero.webp was preloaded using link preload but not used within a few seconds from the window's load event. Please make sure it has an appropriate `as` value and it is preloaded intentionally. @ https://mychef.id/locations:0
[  256626ms] [WARNING] The resource https://mychef.id/generated/bali-hub-hero.webp was preloaded using link preload but not used within a few seconds from the window's load event. Please make sure it has an appropriate `as` value and it is preloaded intentionally. @ https://mychef.id/locations:0
[  265881ms] [ERROR] Failed to load resource: the server responded with a status of 404 () @ https://mychef.id/generated/avatar-ai.webp:0
[  268887ms] [WARNING] The resource https://mychef.id/generated/bali-hub-hero.webp was preloaded using link preload but not used within a few seconds from the window's load event. Please make sure it has an appropriate `as` value and it is preloaded intentionally. @ https://mychef.id/locations:0
[  280643ms] [WARNING] The resource https://mychef.id/generated/bali-hub-hero.webp was preloaded using link preload but not used within a few seconds from the window's load event. Please make sure it has an appropriate `as` value and it is preloaded intentionally. @ https://mychef.id/locations:0
[  289955ms] [ERROR] Failed to load resource: the server responded with a status of 404 () @ https://mychef.id/generated/avatar-ai.webp:0
[  292971ms] [WARNING] The resource https://mychef.id/generated/bali-hub-hero.webp was preloaded using link preload but not used within a few seconds from the window's load event. Please make sure it has an appropriate `as` value and it is preloaded intentionally. @ https://mychef.id/locations:0
[  304661ms] [WARNING] The resource https://mychef.id/generated/bali-hub-hero.webp was preloaded using link preload but not used within a few seconds from the window's load event. Please make sure it has an appropriate `as` value and it is preloaded intentionally. @ https://mychef.id/locations:0
[  313930ms] [ERROR] Failed to load resource: the server responded with a status of 404 () @ https://mychef.id/generated/avatar-ai.webp:0
[  316944ms] [WARNING] The resource https://mychef.id/generated/bali-hub-hero.webp was preloaded using link preload but not used within a few seconds from the window's load event. Please make sure it has an appropriate `as` value and it is preloaded intentionally. @ https://mychef.id/locations:0
[  328647ms] [WARNING] The resource https://mychef.id/generated/bali-hub-hero.webp was preloaded using link preload but not used within a few seconds from the window's load event. Please make sure it has an appropriate `as` value and it is preloaded intentionally. @ https://mychef.id/locations:0
[  337932ms] [ERROR] Failed to load resource: the server responded with a status of 404 () @ https://mychef.id/generated/avatar-ai.webp:0
[  340939ms] [WARNING] The resource https://mychef.id/generated/bali-hub-hero.webp was preloaded using link preload but not used within a few seconds from the window's load event. Please make sure it has an appropriate `as` value and it is preloaded intentionally. @ https://mychef.id/locations:0
[  352676ms] [WARNING] The resource https://mychef.id/generated/bali-hub-hero.webp was preloaded using link preload but not used within a few seconds from the window's load event. Please make sure it has an appropriate `as` value and it is preloaded intentionally. @ https://mychef.id/locations:0
[  361918ms] [ERROR] Failed to load resource: the server responded with a status of 404 () @ https://mychef.id/generated/avatar-ai.webp:0
[  364940ms] [WARNING] The resource https://mychef.id/generated/bali-hub-hero.webp was preloaded using link preload but not used within a few seconds from the window's load event. Please make sure it has an appropriate `as` value and it is preloaded intentionally. @ https://mychef.id/locations:0
[  376680ms] [WARNING] The resource https://mychef.id/generated/bali-hub-hero.webp was preloaded using link preload but not used within a few seconds from the window's load event. Please make sure it has an appropriate `as` value and it is preloaded intentionally. @ https://mychef.id/locations:0
[  386072ms] [ERROR] Failed to load resource: the server responded with a status of 404 () @ https://mychef.id/generated/avatar-ai.webp:0
[  389182ms] [WARNING] The resource https://mychef.id/generated/bali-hub-hero.webp was preloaded using link preload but not used within a few seconds from the window's load event. Please make sure it has an appropriate `as` value and it is preloaded intentionally. @ https://mychef.id/locations:0
[  400639ms] [WARNING] The resource https://mychef.id/generated/bali-hub-hero.webp was preloaded using link preload but not used within a few seconds from the window's load event. Please make sure it has an appropriate `as` value and it is preloaded intentionally. @ https://mychef.id/locations:0
[  409890ms] [ERROR] Failed to load resource: the server responded with a status of 404 () @ https://mychef.id/generated/avatar-ai.webp:0
[  412893ms] [WARNING] The resource https://mychef.id/generated/bali-hub-hero.webp was preloaded using link preload but not used within a few seconds from the window's load event. Please make sure it has an appropriate `as` value and it is preloaded intentionally. @ https://mychef.id/locations:0
[  424713ms] [WARNING] The resource https://mychef.id/generated/bali-hub-hero.webp was preloaded using link preload but not used within a few seconds from the window's load event. Please make sure it has an appropriate `as` value and it is preloaded intentionally. @ https://mychef.id/locations:0
[  434126ms] [ERROR] Failed to load resource: the server responded with a status of 404 () @ https://mychef.id/generated/avatar-ai.webp:0
[  437177ms] [WARNING] The resource https://mychef.id/generated/bali-hub-hero.webp was preloaded using link preload but not used within a few seconds from the window's load event. Please make sure it has an appropriate `as` value and it is preloaded intentionally. @ https://mychef.id/locations:0
[  448684ms] [WARNING] The resource https://mychef.id/generated/bali-hub-hero.webp was preloaded using link preload but not used within a few seconds from the window's load event. Please make sure it has an appropriate `as` value and it is preloaded intentionally. @ https://mychef.id/locations:0
[  457951ms] [ERROR] Failed to load resource: the server responded with a status of 404 () @ https://mychef.id/generated/avatar-ai.webp:0
[  460982ms] [WARNING] The resource https://mychef.id/generated/bali-hub-hero.webp was preloaded using link preload but not used within a few seconds from the window's load event. Please make sure it has an appropriate `as` value and it is preloaded intentionally. @ https://mychef.id/locations:0
[  472631ms] [WARNING] The resource https://mychef.id/generated/bali-hub-hero.webp was preloaded using link preload but not used within a few seconds from the window's load event. Please make sure it has an appropriate `as` value and it is preloaded intentionally. @ https://mychef.id/locations:0
[  481978ms] [ERROR] Failed to load resource: the server responded with a status of 404 () @ https://mychef.id/generated/avatar-ai.webp:0
[  485000ms] [WARNING] The resource https://mychef.id/generated/bali-hub-hero.webp was preloaded using link preload but not used within a few seconds from the window's load event. Please make sure it has an appropriate `as` value and it is preloaded intentionally. @ https://mychef.id/locations:0
[  496668ms] [WARNING] The resource https://mychef.id/generated/bali-hub-hero.webp was preloaded using link preload but not used within a few seconds from the window's load event. Please make sure it has an appropriate `as` value and it is preloaded intentionally. @ https://mychef.id/locations:0
[  505988ms] [ERROR] Failed to load resource: the server responded with a status of 404 () @ https://mychef.id/generated/avatar-ai.webp:0
[  509031ms] [WARNING] The resource https://mychef.id/generated/bali-hub-hero.webp was preloaded using link preload but not used within a few seconds from the window's load event. Please make sure it has an appropriate `as` value and it is preloaded intentionally. @ https://mychef.id/locations:0
[  520685ms] [WARNING] The resource https://mychef.id/generated/bali-hub-hero.webp was preloaded using link preload but not used within a few seconds from the window's load event. Please make sure it has an appropriate `as` value and it is preloaded intentionally. @ https://mychef.id/locations:0
[  529943ms] [ERROR] Failed to load resource: the server responded with a status of 404 () @ https://mychef.id/generated/avatar-ai.webp:0
[  532958ms] [WARNING] The resource https://mychef.id/generated/bali-hub-hero.webp was preloaded using link preload but not used within a few seconds from the window's load event. Please make sure it has an appropriate `as` value and it is preloaded intentionally. @ https://mychef.id/locations:0
[  544647ms] [WARNING] The resource https://mychef.id/generated/bali-hub-hero.webp was preloaded using link preload but not used within a few seconds from the window's load event. Please make sure it has an appropriate `as` value and it is preloaded intentionally. @ https://mychef.id/locations:0
[  553950ms] [ERROR] Failed to load resource: the server responded with a status of 404 () @ https://mychef.id/generated/avatar-ai.webp:0
[  556985ms] [WARNING] The resource https://mychef.id/generated/bali-hub-hero.webp was preloaded using link preload but not used within a few seconds from the window's load event. Please make sure it has an appropriate `as` value and it is preloaded intentionally. @ https://mychef.id/locations:0
[  568723ms] [WARNING] The resource https://mychef.id/generated/bali-hub-hero.webp was preloaded using link preload but not used within a few seconds from the window's load event. Please make sure it has an appropriate `as` value and it is preloaded intentionally. @ https://mychef.id/locations:0
[  577927ms] [ERROR] Failed to load resource: the server responded with a status of 404 () @ https://mychef.id/generated/avatar-ai.webp:0
[  580931ms] [WARNING] The resource https://mychef.id/generated/bali-hub-hero.webp was preloaded using link preload but not used within a few seconds from the window's load event. Please make sure it has an appropriate `as` value and it is preloaded intentionally. @ https://mychef.id/locations:0
[  592692ms] [WARNING] The resource https://mychef.id/generated/bali-hub-hero.webp was preloaded using link preload but not used within a few seconds from the window's load event. Please make sure it has an appropriate `as` value and it is preloaded intentionally. @ https://mychef.id/locations:0
[  601961ms] [ERROR] Failed to load resource: the server responded with a status of 404 () @ https://mychef.id/generated/avatar-ai.webp:0
[  604990ms] [WARNING] The resource https://mychef.id/generated/bali-hub-hero.webp was preloaded using link preload but not used within a few seconds from the window's load event. Please make sure it has an appropriate `as` value and it is preloaded intentionally. @ https://mychef.id/locations:0
[  616642ms] [WARNING] The resource https://mychef.id/generated/bali-hub-hero.webp was preloaded using link preload but not used within a few seconds from the window's load event. Please make sure it has an appropriate `as` value and it is preloaded intentionally. @ https://mychef.id/locations:0
[  625975ms] [ERROR] Failed to load resource: the server responded with a status of 404 () @ https://mychef.id/generated/avatar-ai.webp:0
[  628995ms] [WARNING] The resource https://mychef.id/generated/bali-hub-hero.webp was preloaded using link preload but not used within a few seconds from the window's load event. Please make sure it has an appropriate `as` value and it is preloaded intentionally. @ https://mychef.id/locations:0
[  640665ms] [WARNING] The resource https://mychef.id/generated/bali-hub-hero.webp was preloaded using link preload but not used within a few seconds from the window's load event. Please make sure it has an appropriate `as` value and it is preloaded intentionally. @ https://mychef.id/locations:0
[  650046ms] [ERROR] Failed to load resource: the server responded with a status of 404 () @ https://mychef.id/generated/avatar-ai.webp:0
[  653059ms] [WARNING] The resource https://mychef.id/generated/bali-hub-hero.webp was preloaded using link preload but not used within a few seconds from the window's load event. Please make sure it has an appropriate `as` value and it is preloaded intentionally. @ https://mychef.id/locations:0
[  664653ms] [WARNING] The resource https://mychef.id/generated/bali-hub-hero.webp was preloaded using link preload but not used within a few seconds from the window's load event. Please make sure it has an appropriate `as` value and it is preloaded intentionally. @ https://mychef.id/locations:0
[  674295ms] [ERROR] Failed to load resource: the server responded with a status of 404 () @ https://mychef.id/generated/avatar-ai.webp:0
[  677408ms] [WARNING] The resource https://mychef.id/generated/bali-hub-hero.webp was preloaded using link preload but not used within a few seconds from the window's load event. Please make sure it has an appropriate `as` value and it is preloaded intentionally. @ https://mychef.id/locations:0
[  688649ms] [WARNING] The resource https://mychef.id/generated/bali-hub-hero.webp was preloaded using link preload but not used within a few seconds from the window's load event. Please make sure it has an appropriate `as` value and it is preloaded intentionally. @ https://mychef.id/locations:0
[  697946ms] [ERROR] Failed to load resource: the server responded with a status of 404 () @ https://mychef.id/generated/avatar-ai.webp:0
[  700960ms] [WARNING] The resource https://mychef.id/generated/bali-hub-hero.webp was preloaded using link preload but not used within a few seconds from the window's load event. Please make sure it has an appropriate `as` value and it is preloaded intentionally. @ https://mychef.id/locations:0
[  712637ms] [WARNING] The resource https://mychef.id/generated/bali-hub-hero.webp was preloaded using link preload but not used within a few seconds from the window's load event. Please make sure it has an appropriate `as` value and it is preloaded intentionally. @ https://mychef.id/locations:0
[  721906ms] [ERROR] Failed to load resource: the server responded with a status of 404 () @ https://mychef.id/generated/avatar-ai.webp:0
[  724927ms] [WARNING] The resource https://mychef.id/generated/bali-hub-hero.webp was preloaded using link preload but not used within a few seconds from the window's load event. Please make sure it has an appropriate `as` value and it is preloaded intentionally. @ https://mychef.id/locations:0
[  736638ms] [WARNING] The resource https://mychef.id/generated/bali-hub-hero.webp was preloaded using link preload but not used within a few seconds from the window's load event. Please make sure it has an appropriate `as` value and it is preloaded intentionally. @ https://mychef.id/locations:0
[  746255ms] [ERROR] Failed to load resource: the server responded with a status of 404 () @ https://mychef.id/generated/avatar-ai.webp:0
[  749338ms] [WARNING] The resource https://mychef.id/generated/bali-hub-hero.webp was preloaded using link preload but not used within a few seconds from the window's load event. Please make sure it has an appropriate `as` value and it is preloaded intentionally. @ https://mychef.id/locations:0
[  760646ms] [WARNING] The resource https://mychef.id/generated/bali-hub-hero.webp was preloaded using link preload but not used within a few seconds from the window's load event. Please make sure it has an appropriate `as` value and it is preloaded intentionally. @ https://mychef.id/locations:0
[  769909ms] [ERROR] Failed to load resource: the server responded with a status of 404 () @ https://mychef.id/generated/avatar-ai.webp:0
[  772920ms] [WARNING] The resource https://mychef.id/generated/bali-hub-hero.webp was preloaded using link preload but not used within a few seconds from the window's load event. Please make sure it has an appropriate `as` value and it is preloaded intentionally. @ https://mychef.id/locations:0
[  784634ms] [WARNING] The resource https://mychef.id/generated/bali-hub-hero.webp was preloaded using link preload but not used within a few seconds from the window's load event. Please make sure it has an appropriate `as` value and it is preloaded intentionally. @ https://mychef.id/locations:0
[  794040ms] [ERROR] Failed to load resource: the server responded with a status of 404 () @ https://mychef.id/generated/avatar-ai.webp:0
[  797050ms] [WARNING] The resource https://mychef.id/generated/bali-hub-hero.webp was preloaded using link preload but not used within a few seconds from the window's load event. Please make sure it has an appropriate `as` value and it is preloaded intentionally. @ https://mychef.id/locations:0
[  808636ms] [WARNING] The resource https://mychef.id/generated/bali-hub-hero.webp was preloaded using link preload but not used within a few seconds from the window's load event. Please make sure it has an appropriate `as` value and it is preloaded intentionally. @ https://mychef.id/locations:0
[  817952ms] [ERROR] Failed to load resource: the server responded with a status of 404 () @ https://mychef.id/generated/avatar-ai.webp:0
[  820974ms] [WARNING] The resource https://mychef.id/generated/bali-hub-hero.webp was preloaded using link preload but not used within a few seconds from the window's load event. Please make sure it has an appropriate `as` value and it is preloaded intentionally. @ https://mychef.id/locations:0
[  833477ms] [WARNING] The resource https://mychef.id/generated/bali-hub-hero.webp was preloaded using link preload but not used within a few seconds from the window's load event. Please make sure it has an appropriate `as` value and it is preloaded intentionally. @ https://mychef.id/locations:0
[  842505ms] [ERROR] Failed to load resource: the server responded with a status of 404 () @ https://mychef.id/generated/avatar-ai.webp:0
[  848582ms] [WARNING] The resource https://mychef.id/generated/bali-hub-hero.webp was preloaded using link preload but not used within a few seconds from the window's load event. Please make sure it has an appropriate `as` value and it is preloaded intentionally. @ https://mychef.id/locations:0
[  856893ms] [WARNING] The resource https://mychef.id/generated/bali-hub-hero.webp was preloaded using link preload but not used within a few seconds from the window's load event. Please make sure it has an appropriate `as` value and it is preloaded intentionally. @ https://mychef.id/locations:0
[  865916ms] [ERROR] Failed to load resource: the server responded with a status of 404 () @ https://mychef.id/generated/avatar-ai.webp:0
[  868932ms] [WARNING] The resource https://mychef.id/generated/bali-hub-hero.webp was preloaded using link preload but not used within a few seconds from the window's load event. Please make sure it has an appropriate `as` value and it is preloaded intentionally. @ https://mychef.id/locations:0
[  881004ms] [WARNING] The resource https://mychef.id/generated/bali-hub-hero.webp was preloaded using link preload but not used within a few seconds from the window's load event. Please make sure it has an appropriate `as` value and it is preloaded intentionally. @ https://mychef.id/locations:0
[  890194ms] [ERROR] Failed to load resource: the server responded with a status of 404 () @ https://mychef.id/generated/avatar-ai.webp:0
[  893353ms] [WARNING] The resource https://mychef.id/generated/bali-hub-hero.webp was preloaded using link preload but not used within a few seconds from the window's load event. Please make sure it has an appropriate `as` value and it is preloaded intentionally. @ https://mychef.id/locations:0
[  907261ms] [WARNING] The resource https://mychef.id/generated/bali-hub-hero.webp was preloaded using link preload but not used within a few seconds from the window's load event. Please make sure it has an appropriate `as` value and it is preloaded intentionally. @ https://mychef.id/locations:0
[  915539ms] [ERROR] Failed to load resource: the server responded with a status of 404 () @ https://mychef.id/generated/avatar-ai.webp:0
[  918628ms] [WARNING] The resource https://mychef.id/generated/bali-hub-hero.webp was preloaded using link preload but not used within a few seconds from the window's load event. Please make sure it has an appropriate `as` value and it is preloaded intentionally. @ https://mychef.id/locations:0
[  928807ms] [WARNING] The resource https://mychef.id/generated/bali-hub-hero.webp was preloaded using link preload but not used within a few seconds from the window's load event. Please make sure it has an appropriate `as` value and it is preloaded intentionally. @ https://mychef.id/locations:0
[  938682ms] [ERROR] Failed to load resource: the server responded with a status of 404 () @ https://mychef.id/generated/avatar-ai.webp:0
[  941962ms] [WARNING] The resource https://mychef.id/generated/bali-hub-hero.webp was preloaded using link preload but not used within a few seconds from the window's load event. Please make sure it has an appropriate `as` value and it is preloaded intentionally. @ https://mychef.id/locations:0
[  954036ms] [WARNING] The resource https://mychef.id/generated/bali-hub-hero.webp was preloaded using link preload but not used within a few seconds from the window's load event. Please make sure it has an appropriate `as` value and it is preloaded intentionally. @ https://mychef.id/locations:0
[  962568ms] [ERROR] Failed to load resource: the server responded with a status of 404 () @ https://mychef.id/generated/avatar-ai.webp:0
[  965613ms] [WARNING] The resource https://mychef.id/generated/bali-hub-hero.webp was preloaded using link preload but not used within a few seconds from the window's load event. Please make sure it has an appropriate `as` value and it is preloaded intentionally. @ https://mychef.id/locations:0
[  979719ms] [WARNING] The resource https://mychef.id/generated/bali-hub-hero.webp was preloaded using link preload but not used within a few seconds from the window's load event. Please make sure it has an appropriate `as` value and it is preloaded intentionally. @ https://mychef.id/locations:0
[  987992ms] [ERROR] Failed to load resource: the server responded with a status of 404 () @ https://mychef.id/generated/avatar-ai.webp:0
[  991117ms] [WARNING] The resource https://mychef.id/generated/bali-hub-hero.webp was preloaded using link preload but not used within a few seconds from the window's load event. Please make sure it has an appropriate `as` value and it is preloaded intentionally. @ https://mychef.id/locations:0
[ 1006400ms] [WARNING] The resource https://mychef.id/generated/bali-hub-hero.webp was preloaded using link preload but not used within a few seconds from the window's load event. Please make sure it has an appropriate `as` value and it is preloaded intentionally. @ https://mychef.id/locations:0
[ 1011515ms] [ERROR] Failed to load resource: the server responded with a status of 404 () @ https://mychef.id/generated/avatar-ai.webp:0
[ 1014563ms] [WARNING] The resource https://mychef.id/generated/bali-hub-hero.webp was preloaded using link preload but not used within a few seconds from the window's load event. Please make sure it has an appropriate `as` value and it is preloaded intentionally. @ https://mychef.id/locations:0
[ 1029238ms] [WARNING] The resource https://mychef.id/generated/bali-hub-hero.webp was preloaded using link preload but not used within a few seconds from the window's load event. Please make sure it has an appropriate `as` value and it is preloaded intentionally. @ https://mychef.id/locations:0
[ 1034485ms] [ERROR] Failed to load resource: the server responded with a status of 404 () @ https://mychef.id/generated/avatar-ai.webp:0
[ 1037807ms] [WARNING] The resource https://mychef.id/generated/bali-hub-hero.webp was preloaded using link preload but not used within a few seconds from the window's load event. Please make sure it has an appropriate `as` value and it is preloaded intentionally. @ https://mychef.id/locations:0
[ 1051330ms] [WARNING] The resource https://mychef.id/generated/bali-hub-hero.webp was preloaded using link preload but not used within a few seconds from the window's load event. Please make sure it has an appropriate `as` value and it is preloaded intentionally. @ https://mychef.id/locations:0
[ 1060044ms] [ERROR] Failed to load resource: the server responded with a status of 404 () @ https://mychef.id/generated/avatar-ai.webp:0
[ 1064577ms] [WARNING] The resource https://mychef.id/generated/bali-hub-hero.webp was preloaded using link preload but not used within a few seconds from the window's load event. Please make sure it has an appropriate `as` value and it is preloaded intentionally. @ https://mychef.id/locations:0
[ 1087895ms] [WARNING] The resource https://mychef.id/generated/bali-hub-hero.webp was preloaded using link preload but not used within a few seconds from the window's load event. Please make sure it has an appropriate `as` value and it is preloaded intentionally. @ https://mychef.id/locations:0
[ 1089118ms] [ERROR] Failed to load resource: the server responded with a status of 404 () @ https://mychef.id/generated/avatar-ai.webp:0
[ 1092156ms] [WARNING] The resource https://mychef.id/generated/bali-hub-hero.webp was preloaded using link preload but not used within a few seconds from the window's load event. Please make sure it has an appropriate `as` value and it is preloaded intentionally. @ https://mychef.id/locations:0
[ 1097360ms] [WARNING] The resource https://mychef.id/generated/bali-hub-hero.webp was preloaded using link preload but not used within a few seconds from the window's load event. Please make sure it has an appropriate `as` value and it is preloaded intentionally. @ https://mychef.id/locations:0
[ 1108081ms] [ERROR] Failed to load resource: the server responded with a status of 404 () @ https://mychef.id/generated/avatar-ai.webp:0
[ 1111129ms] [WARNING] The resource https://mychef.id/generated/bali-hub-hero.webp was preloaded using link preload but not used within a few seconds from the window's load event. Please make sure it has an appropriate `as` value and it is preloaded intentionally. @ https://mychef.id/locations:0
[ 1120924ms] [WARNING] The resource https://mychef.id/generated/bali-hub-hero.webp was preloaded using link preload but not used within a few seconds from the window's load event. Please make sure it has an appropriate `as` value and it is preloaded intentionally. @ https://mychef.id/locations:0
[ 1130642ms] [ERROR] Failed to load resource: the server responded with a status of 404 () @ https://mychef.id/generated/avatar-ai.webp:0
[ 1133775ms] [WARNING] The resource https://mychef.id/generated/bali-hub-hero.webp was preloaded using link preload but not used within a few seconds from the window's load event. Please make sure it has an appropriate `as` value and it is preloaded intentionally. @ https://mychef.id/locations:0
[ 1145547ms] [WARNING] The resource https://mychef.id/generated/bali-hub-hero.webp was preloaded using link preload but not used within a few seconds from the window's load event. Please make sure it has an appropriate `as` value and it is preloaded intentionally. @ https://mychef.id/locations:0
[ 1155599ms] [ERROR] Failed to load resource: the server responded with a status of 404 () @ https://mychef.id/generated/avatar-ai.webp:0
[ 1158704ms] [WARNING] The resource https://mychef.id/generated/bali-hub-hero.webp was preloaded using link preload but not used within a few seconds from the window's load event. Please make sure it has an appropriate `as` value and it is preloaded intentionally. @ https://mychef.id/locations:0
[ 1170234ms] [WARNING] The resource https://mychef.id/generated/bali-hub-hero.webp was preloaded using link preload but not used within a few seconds from the window's load event. Please make sure it has an appropriate `as` value and it is preloaded intentionally. @ https://mychef.id/locations:0
[ 1182794ms] [ERROR] Failed to load resource: the server responded with a status of 404 () @ https://mychef.id/generated/avatar-ai.webp:0
[ 1185923ms] [WARNING] The resource https://mychef.id/generated/bali-hub-hero.webp was preloaded using link preload but not used within a few seconds from the window's load event. Please make sure it has an appropriate `as` value and it is preloaded intentionally. @ https://mychef.id/locations:0
[ 1196273ms] [WARNING] The resource https://mychef.id/generated/bali-hub-hero.webp was preloaded using link preload but not used within a few seconds from the window's load event. Please make sure it has an appropriate `as` value and it is preloaded intentionally. @ https://mychef.id/locations:0
[ 1203090ms] [ERROR] Failed to load resource: the server responded with a status of 404 () @ https://mychef.id/generated/avatar-ai.webp:0
[ 1206209ms] [WARNING] The resource https://mychef.id/generated/bali-hub-hero.webp was preloaded using link preload but not used within a few seconds from the window's load event. Please make sure it has an appropriate `as` value and it is preloaded intentionally. @ https://mychef.id/locations:0
[ 1219834ms] [WARNING] The resource https://mychef.id/generated/bali-hub-hero.webp was preloaded using link preload but not used within a few seconds from the window's load event. Please make sure it has an appropriate `as` value and it is preloaded intentionally. @ https://mychef.id/locations:0
[ 1227111ms] [ERROR] Failed to load resource: the server responded with a status of 404 () @ https://mychef.id/generated/avatar-ai.webp:0
[ 1230124ms] [WARNING] The resource https://mychef.id/generated/bali-hub-hero.webp was preloaded using link preload but not used within a few seconds from the window's load event. Please make sure it has an appropriate `as` value and it is preloaded intentionally. @ https://mychef.id/locations:0
[ 1241238ms] [WARNING] The resource https://mychef.id/generated/bali-hub-hero.webp was preloaded using link preload but not used within a few seconds from the window's load event. Please make sure it has an appropriate `as` value and it is preloaded intentionally. @ https://mychef.id/locations:0
[ 1252263ms] [ERROR] Failed to load resource: the server responded with a status of 404 () @ https://mychef.id/generated/avatar-ai.webp:0
[ 1255468ms] [WARNING] The resource https://mychef.id/generated/bali-hub-hero.webp was preloaded using link preload but not used within a few seconds from the window's load event. Please make sure it has an appropriate `as` value and it is preloaded intentionally. @ https://mychef.id/locations:0
[ 1266142ms] [WARNING] The resource https://mychef.id/generated/bali-hub-hero.webp was preloaded using link preload but not used within a few seconds from the window's load event. Please make sure it has an appropriate `as` value and it is preloaded intentionally. @ https://mychef.id/locations:0
[ 1274345ms] [ERROR] Failed to load resource: the server responded with a status of 404 () @ https://mychef.id/generated/avatar-ai.webp:0
[ 1277358ms] [WARNING] The resource https://mychef.id/generated/bali-hub-hero.webp was preloaded using link preload but not used within a few seconds from the window's load event. Please make sure it has an appropriate `as` value and it is preloaded intentionally. @ https://mychef.id/locations:0
[ 1288787ms] [WARNING] The resource https://mychef.id/generated/bali-hub-hero.webp was preloaded using link preload but not used within a few seconds from the window's load event. Please make sure it has an appropriate `as` value and it is preloaded intentionally. @ https://mychef.id/locations:0
[ 1297951ms] [ERROR] Failed to load resource: the server responded with a status of 404 () @ https://mychef.id/generated/avatar-ai.webp:0
[ 1300956ms] [WARNING] The resource https://mychef.id/generated/bali-hub-hero.webp was preloaded using link preload but not used within a few seconds from the window's load event. Please make sure it has an appropriate `as` value and it is preloaded intentionally. @ https://mychef.id/locations:0
[ 1312742ms] [WARNING] The resource https://mychef.id/generated/bali-hub-hero.webp was preloaded using link preload but not used within a few seconds from the window's load event. Please make sure it has an appropriate `as` value and it is preloaded intentionally. @ https://mychef.id/locations:0
[ 1322177ms] [ERROR] Failed to load resource: the server responded with a status of 404 () @ https://mychef.id/generated/avatar-ai.webp:0
[ 1325189ms] [WARNING] The resource https://mychef.id/generated/bali-hub-hero.webp was preloaded using link preload but not used within a few seconds from the window's load event. Please make sure it has an appropriate `as` value and it is preloaded intentionally. @ https://mychef.id/locations:0
[ 1337114ms] [WARNING] The resource https://mychef.id/generated/bali-hub-hero.webp was preloaded using link preload but not used within a few seconds from the window's load event. Please make sure it has an appropriate `as` value and it is preloaded intentionally. @ https://mychef.id/locations:0
[ 1346309ms] [ERROR] Failed to load resource: the server responded with a status of 404 () @ https://mychef.id/generated/avatar-ai.webp:0
[ 1349381ms] [WARNING] The resource https://mychef.id/generated/bali-hub-hero.webp was preloaded using link preload but not used within a few seconds from the window's load event. Please make sure it has an appropriate `as` value and it is preloaded intentionally. @ https://mychef.id/locations:0
[ 1360745ms] [WARNING] The resource https://mychef.id/generated/bali-hub-hero.webp was preloaded using link preload but not used within a few seconds from the window's load event. Please make sure it has an appropriate `as` value and it is preloaded intentionally. @ https://mychef.id/locations:0
[ 1369919ms] [ERROR] Failed to load resource: the server responded with a status of 404 () @ https://mychef.id/generated/avatar-ai.webp:0
[ 1372935ms] [WARNING] The resource https://mychef.id/generated/bali-hub-hero.webp was preloaded using link preload but not used within a few seconds from the window's load event. Please make sure it has an appropriate `as` value and it is preloaded intentionally. @ https://mychef.id/locations:0
[ 1384746ms] [WARNING] The resource https://mychef.id/generated/bali-hub-hero.webp was preloaded using link preload but not used within a few seconds from the window's load event. Please make sure it has an appropriate `as` value and it is preloaded intentionally. @ https://mychef.id/locations:0
[ 1394294ms] [ERROR] Failed to load resource: the server responded with a status of 404 () @ https://mychef.id/generated/avatar-ai.webp:0
[ 1397502ms] [WARNING] The resource https://mychef.id/generated/bali-hub-hero.webp was preloaded using link preload but not used within a few seconds from the window's load event. Please make sure it has an appropriate `as` value and it is preloaded intentionally. @ https://mychef.id/locations:0
[ 1409041ms] [WARNING] The resource https://mychef.id/generated/bali-hub-hero.webp was preloaded using link preload but not used within a few seconds from the window's load event. Please make sure it has an appropriate `as` value and it is preloaded intentionally. @ https://mychef.id/locations:0
[ 1417963ms] [ERROR] Failed to load resource: the server responded with a status of 404 () @ https://mychef.id/generated/avatar-ai.webp:0
[ 1420968ms] [WARNING] The resource https://mychef.id/generated/bali-hub-hero.webp was preloaded using link preload but not used within a few seconds from the window's load event. Please make sure it has an appropriate `as` value and it is preloaded intentionally. @ https://mychef.id/locations:0
[ 1432699ms] [WARNING] The resource https://mychef.id/generated/bali-hub-hero.webp was preloaded using link preload but not used within a few seconds from the window's load event. Please make sure it has an appropriate `as` value and it is preloaded intentionally. @ https://mychef.id/locations:0
[ 1441958ms] [ERROR] Failed to load resource: the server responded with a status of 404 () @ https://mychef.id/generated/avatar-ai.webp:0
[ 1445003ms] [WARNING] The resource https://mychef.id/generated/bali-hub-hero.webp was preloaded using link preload but not used within a few seconds from the window's load event. Please make sure it has an appropriate `as` value and it is preloaded intentionally. @ https://mychef.id/locations:0
[ 1456753ms] [WARNING] The resource https://mychef.id/generated/bali-hub-hero.webp was preloaded using link preload but not used within a few seconds from the window's load event. Please make sure it has an appropriate `as` value and it is preloaded intentionally. @ https://mychef.id/locations:0
[ 1465976ms] [ERROR] Failed to load resource: the server responded with a status of 404 () @ https://mychef.id/generated/avatar-ai.webp:0
[ 1469041ms] [WARNING] The resource https://mychef.id/generated/bali-hub-hero.webp was preloaded using link preload but not used within a few seconds from the window's load event. Please make sure it has an appropriate `as` value and it is preloaded intentionally. @ https://mychef.id/locations:0
[ 1481801ms] [WARNING] The resource https://mychef.id/generated/bali-hub-hero.webp was preloaded using link preload but not used within a few seconds from the window's load event. Please make sure it has an appropriate `as` value and it is preloaded intentionally. @ https://mychef.id/locations:0
[ 1490119ms] [ERROR] Failed to load resource: the server responded with a status of 404 () @ https://mychef.id/generated/avatar-ai.webp:0
[ 1493289ms] [WARNING] The resource https://mychef.id/generated/bali-hub-hero.webp was preloaded using link preload but not used within a few seconds from the window's load event. Please make sure it has an appropriate `as` value and it is preloaded intentionally. @ https://mychef.id/locations:0
[ 1505379ms] [WARNING] The resource https://mychef.id/generated/bali-hub-hero.webp was preloaded using link preload but not used within a few seconds from the window's load event. Please make sure it has an appropriate `as` value and it is preloaded intentionally. @ https://mychef.id/locations:0
[ 1514835ms] [ERROR] Failed to load resource: the server responded with a status of 404 () @ https://mychef.id/generated/avatar-ai.webp:0
[ 1517889ms] [WARNING] The resource https://mychef.id/generated/bali-hub-hero.webp was preloaded using link preload but not used within a few seconds from the window's load event. Please make sure it has an appropriate `as` value and it is preloaded intentionally. @ https://mychef.id/locations:0
[ 1530695ms] [WARNING] The resource https://mychef.id/generated/bali-hub-hero.webp was preloaded using link preload but not used within a few seconds from the window's load event. Please make sure it has an appropriate `as` value and it is preloaded intentionally. @ https://mychef.id/locations:0
[ 1537992ms] [ERROR] Failed to load resource: the server responded with a status of 404 () @ https://mychef.id/generated/avatar-ai.webp:0
[ 1541039ms] [WARNING] The resource https://mychef.id/generated/bali-hub-hero.webp was preloaded using link preload but not used within a few seconds from the window's load event. Please make sure it has an appropriate `as` value and it is preloaded intentionally. @ https://mychef.id/locations:0
[ 1552693ms] [WARNING] The resource https://mychef.id/generated/bali-hub-hero.webp was preloaded using link preload but not used within a few seconds from the window's load event. Please make sure it has an appropriate `as` value and it is preloaded intentionally. @ https://mychef.id/locations:0
[ 1562670ms] [ERROR] Failed to load resource: the server responded with a status of 404 () @ https://mychef.id/generated/avatar-ai.webp:0
[ 1565702ms] [WARNING] The resource https://mychef.id/generated/bali-hub-hero.webp was preloaded using link preload but not used within a few seconds from the window's load event. Please make sure it has an appropriate `as` value and it is preloaded intentionally. @ https://mychef.id/locations:0
[ 1576702ms] [WARNING] The resource https://mychef.id/generated/bali-hub-hero.webp was preloaded using link preload but not used within a few seconds from the window's load event. Please make sure it has an appropriate `as` value and it is preloaded intentionally. @ https://mychef.id/locations:0
[ 1585925ms] [ERROR] Failed to load resource: the server responded with a status of 404 () @ https://mychef.id/generated/avatar-ai.webp:0
[ 1588940ms] [WARNING] The resource https://mychef.id/generated/bali-hub-hero.webp was preloaded using link preload but not used within a few seconds from the window's load event. Please make sure it has an appropriate `as` value and it is preloaded intentionally. @ https://mychef.id/locations:0
[ 1600692ms] [WARNING] The resource https://mychef.id/generated/bali-hub-hero.webp was preloaded using link preload but not used within a few seconds from the window's load event. Please make sure it has an appropriate `as` value and it is preloaded intentionally. @ https://mychef.id/locations:0
[ 1610201ms] [ERROR] Failed to load resource: the server responded with a status of 404 () @ https://mychef.id/generated/avatar-ai.webp:0
[ 1613240ms] [WARNING] The resource https://mychef.id/generated/bali-hub-hero.webp was preloaded using link preload but not used within a few seconds from the window's load event. Please make sure it has an appropriate `as` value and it is preloaded intentionally. @ https://mychef.id/locations:0
[ 1624663ms] [WARNING] The resource https://mychef.id/generated/bali-hub-hero.webp was preloaded using link preload but not used within a few seconds from the window's load event. Please make sure it has an appropriate `as` value and it is preloaded intentionally. @ https://mychef.id/locations:0
[ 1634016ms] [ERROR] Failed to load resource: the server responded with a status of 404 () @ https://mychef.id/generated/avatar-ai.webp:0
[ 1637026ms] [WARNING] The resource https://mychef.id/generated/bali-hub-hero.webp was preloaded using link preload but not used within a few seconds from the window's load event. Please make sure it has an appropriate `as` value and it is preloaded intentionally. @ https://mychef.id/locations:0
[ 1648762ms] [WARNING] The resource https://mychef.id/generated/bali-hub-hero.webp was preloaded using link preload but not used within a few seconds from the window's load event. Please make sure it has an appropriate `as` value and it is preloaded intentionally. @ https://mychef.id/locations:0
[ 1657971ms] [ERROR] Failed to load resource: the server responded with a status of 404 () @ https://mychef.id/generated/avatar-ai.webp:0
[ 1661002ms] [WARNING] The resource https://mychef.id/generated/bali-hub-hero.webp was preloaded using link preload but not used within a few seconds from the window's load event. Please make sure it has an appropriate `as` value and it is preloaded intentionally. @ https://mychef.id/locations:0
[ 1672735ms] [WARNING] The resource https://mychef.id/generated/bali-hub-hero.webp was preloaded using link preload but not used within a few seconds from the window's load event. Please make sure it has an appropriate `as` value and it is preloaded intentionally. @ https://mychef.id/locations:0
[ 1681925ms] [ERROR] Failed to load resource: the server responded with a status of 404 () @ https://mychef.id/generated/avatar-ai.webp:0
[ 1684969ms] [WARNING] The resource https://mychef.id/generated/bali-hub-hero.webp was preloaded using link preload but not used within a few seconds from the window's load event. Please make sure it has an appropriate `as` value and it is preloaded intentionally. @ https://mychef.id/locations:0
[ 1696909ms] [WARNING] The resource https://mychef.id/generated/bali-hub-hero.webp was preloaded using link preload but not used within a few seconds from the window's load event. Please make sure it has an appropriate `as` value and it is preloaded intentionally. @ https://mychef.id/locations:0
[ 1705977ms] [ERROR] Failed to load resource: the server responded with a status of 404 () @ https://mychef.id/generated/avatar-ai.webp:0
[ 1709310ms] [WARNING] The resource https://mychef.id/generated/bali-hub-hero.webp was preloaded using link preload but not used within a few seconds from the window's load event. Please make sure it has an appropriate `as` value and it is preloaded intentionally. @ https://mychef.id/locations:0
[ 1720707ms] [WARNING] The resource https://mychef.id/generated/bali-hub-hero.webp was preloaded using link preload but not used within a few seconds from the window's load event. Please make sure it has an appropriate `as` value and it is preloaded intentionally. @ https://mychef.id/locations:0
[ 1731694ms] [ERROR] Failed to load resource: the server responded with a status of 404 () @ https://mychef.id/generated/avatar-ai.webp:0
[ 1734724ms] [WARNING] The resource https://mychef.id/generated/bali-hub-hero.webp was preloaded using link preload but not used within a few seconds from the window's load event. Please make sure it has an appropriate `as` value and it is preloaded intentionally. @ https://mychef.id/locations:0
[ 1745604ms] [WARNING] The resource https://mychef.id/generated/bali-hub-hero.webp was preloaded using link preload but not used within a few seconds from the window's load event. Please make sure it has an appropriate `as` value and it is preloaded intentionally. @ https://mychef.id/locations:0
[ 1754123ms] [ERROR] Failed to load resource: the server responded with a status of 404 () @ https://mychef.id/generated/avatar-ai.webp:0
[ 1757249ms] [WARNING] The resource https://mychef.id/generated/bali-hub-hero.webp was preloaded using link preload but not used within a few seconds from the window's load event. Please make sure it has an appropriate `as` value and it is preloaded intentionally. @ https://mychef.id/locations:0
[ 1768683ms] [WARNING] The resource https://mychef.id/generated/bali-hub-hero.webp was preloaded using link preload but not used within a few seconds from the window's load event. Please make sure it has an appropriate `as` value and it is preloaded intentionally. @ https://mychef.id/locations:0
[ 1777972ms] [ERROR] Failed to load resource: the server responded with a status of 404 () @ https://mychef.id/generated/avatar-ai.webp:0
[ 1781007ms] [WARNING] The resource https://mychef.id/generated/bali-hub-hero.webp was preloaded using link preload but not used within a few seconds from the window's load event. Please make sure it has an appropriate `as` value and it is preloaded intentionally. @ https://mychef.id/locations:0
[ 1792735ms] [WARNING] The resource https://mychef.id/generated/bali-hub-hero.webp was preloaded using link preload but not used within a few seconds from the window's load event. Please make sure it has an appropriate `as` value and it is preloaded intentionally. @ https://mychef.id/locations:0
[ 1801998ms] [ERROR] Failed to load resource: the server responded with a status of 404 () @ https://mychef.id/generated/avatar-ai.webp:0
[ 1805066ms] [WARNING] The resource https://mychef.id/generated/bali-hub-hero.webp was preloaded using link preload but not used within a few seconds from the window's load event. Please make sure it has an appropriate `as` value and it is preloaded intentionally. @ https://mychef.id/locations:0
[ 1816909ms] [WARNING] The resource https://mychef.id/generated/bali-hub-hero.webp was preloaded using link preload but not used within a few seconds from the window's load event. Please make sure it has an appropriate `as` value and it is preloaded intentionally. @ https://mychef.id/locations:0
[ 1826032ms] [ERROR] Failed to load resource: the server responded with a status of 404 () @ https://mychef.id/generated/avatar-ai.webp:0
[ 1829066ms] [WARNING] The resource https://mychef.id/generated/bali-hub-hero.webp was preloaded using link preload but not used within a few seconds from the window's load event. Please make sure it has an appropriate `as` value and it is preloaded intentionally. @ https://mychef.id/locations:0
[ 1840798ms] [WARNING] The resource https://mychef.id/generated/bali-hub-hero.webp was preloaded using link preload but not used within a few seconds from the window's load event. Please make sure it has an appropriate `as` value and it is preloaded intentionally. @ https://mychef.id/locations:0
[ 1849962ms] [ERROR] Failed to load resource: the server responded with a status of 404 () @ https://mychef.id/generated/avatar-ai.webp:0
[ 1852980ms] [WARNING] The resource https://mychef.id/generated/bali-hub-hero.webp was preloaded using link preload but not used within a few seconds from the window's load event. Please make sure it has an appropriate `as` value and it is preloaded intentionally. @ https://mychef.id/locations:0
[ 1866019ms] [WARNING] The resource https://mychef.id/generated/bali-hub-hero.webp was preloaded using link preload but not used within a few seconds from the window's load event. Please make sure it has an appropriate `as` value and it is preloaded intentionally. @ https://mychef.id/locations:0
[ 1874031ms] [ERROR] Failed to load resource: the server responded with a status of 404 () @ https://mychef.id/generated/avatar-ai.webp:0
[ 1877287ms] [WARNING] The resource https://mychef.id/generated/bali-hub-hero.webp was preloaded using link preload but not used within a few seconds from the window's load event. Please make sure it has an appropriate `as` value and it is preloaded intentionally. @ https://mychef.id/locations:0
[ 1888749ms] [WARNING] The resource https://mychef.id/generated/bali-hub-hero.webp was preloaded using link preload but not used within a few seconds from the window's load event. Please make sure it has an appropriate `as` value and it is preloaded intentionally. @ https://mychef.id/locations:0
[ 1898111ms] [ERROR] Failed to load resource: the server responded with a status of 404 () @ https://mychef.id/generated/avatar-ai.webp:0
[ 1901177ms] [WARNING] The resource https://mychef.id/generated/bali-hub-hero.webp was preloaded using link preload but not used within a few seconds from the window's load event. Please make sure it has an appropriate `as` value and it is preloaded intentionally. @ https://mychef.id/locations:0
[ 1912729ms] [WARNING] The resource https://mychef.id/generated/bali-hub-hero.webp was preloaded using link preload but not used within a few seconds from the window's load event. Please make sure it has an appropriate `as` value and it is preloaded intentionally. @ https://mychef.id/locations:0
[ 1921947ms] [ERROR] Failed to load resource: the server responded with a status of 404 () @ https://mychef.id/generated/avatar-ai.webp:0
[ 1924969ms] [WARNING] The resource https://mychef.id/generated/bali-hub-hero.webp was preloaded using link preload but not used within a few seconds from the window's load event. Please make sure it has an appropriate `as` value and it is preloaded intentionally. @ https://mychef.id/locations:0
[ 1936738ms] [WARNING] The resource https://mychef.id/generated/bali-hub-hero.webp was preloaded using link preload but not used within a few seconds from the window's load event. Please make sure it has an appropriate `as` value and it is preloaded intentionally. @ https://mychef.id/locations:0
[ 1945967ms] [ERROR] Failed to load resource: the server responded with a status of 404 () @ https://mychef.id/generated/avatar-ai.webp:0
[ 1949085ms] [WARNING] The resource https://mychef.id/generated/bali-hub-hero.webp was preloaded using link preload but not used within a few seconds from the window's load event. Please make sure it has an appropriate `as` value and it is preloaded intentionally. @ https://mychef.id/locations:0
[ 1960632ms] [WARNING] The resource https://mychef.id/generated/bali-hub-hero.webp was preloaded using link preload but not used within a few seconds from the window's load event. Please make sure it has an appropriate `as` value and it is preloaded intentionally. @ https://mychef.id/locations:0
[ 1969991ms] [ERROR] Failed to load resource: the server responded with a status of 404 () @ https://mychef.id/generated/avatar-ai.webp:0
[ 1973123ms] [WARNING] The resource https://mychef.id/generated/bali-hub-hero.webp was preloaded using link preload but not used within a few seconds from the window's load event. Please make sure it has an appropriate `as` value and it is preloaded intentionally. @ https://mychef.id/locations:0
[ 1984601ms] [WARNING] The resource https://mychef.id/generated/bali-hub-hero.webp was preloaded using link preload but not used within a few seconds from the window's load event. Please make sure it has an appropriate `as` value and it is preloaded intentionally. @ https://mychef.id/locations:0
[ 1994124ms] [ERROR] Failed to load resource: the server responded with a status of 404 () @ https://mychef.id/generated/avatar-ai.webp:0
[ 1997140ms] [WARNING] The resource https://mychef.id/generated/bali-hub-hero.webp was preloaded using link preload but not used within a few seconds from the window's load event. Please make sure it has an appropriate `as` value and it is preloaded intentionally. @ https://mychef.id/locations:0
[ 2008605ms] [WARNING] The resource https://mychef.id/generated/bali-hub-hero.webp was preloaded using link preload but not used within a few seconds from the window's load event. Please make sure it has an appropriate `as` value and it is preloaded intentionally. @ https://mychef.id/locations:0
[ 2017893ms] [ERROR] Failed to load resource: the server responded with a status of 404 () @ https://mychef.id/generated/avatar-ai.webp:0
[ 2021019ms] [WARNING] The resource https://mychef.id/generated/bali-hub-hero.webp was preloaded using link preload but not used within a few seconds from the window's load event. Please make sure it has an appropriate `as` value and it is preloaded intentionally. @ https://mychef.id/locations:0
[ 2032661ms] [WARNING] The resource https://mychef.id/generated/bali-hub-hero.webp was preloaded using link preload but not used within a few seconds from the window's load event. Please make sure it has an appropriate `as` value and it is preloaded intentionally. @ https://mychef.id/locations:0
[ 2041893ms] [ERROR] Failed to load resource: the server responded with a status of 404 () @ https://mychef.id/generated/avatar-ai.webp:0
[ 2044913ms] [WARNING] The resource https://mychef.id/generated/bali-hub-hero.webp was preloaded using link preload but not used within a few seconds from the window's load event. Please make sure it has an appropriate `as` value and it is preloaded intentionally. @ https://mychef.id/locations:0
[ 2056650ms] [WARNING] The resource https://mychef.id/generated/bali-hub-hero.webp was preloaded using link preload but not used within a few seconds from the window's load event. Please make sure it has an appropriate `as` value and it is preloaded intentionally. @ https://mychef.id/locations:0
