[     203ms] [INFO] %cDownload the React DevTools for a better development experience: https://react.dev/link/react-devtools font-weight:bold @ http://localhost:5174/node_modules/.vite/deps/react-dom_client.js?v=2ed775c6:20102
[     457ms] [LOG] %c[Vercel Web Analytics]%c Debug mode is enabled by default in development. No requests will be sent to the server. color: rgb(120, 120, 120) color: inherit @ https://va.vercel-scripts.com/v1/script.debug.js:0
[     457ms] [LOG] %c[Vercel Web Analytics]%c [view] http://localhost:5174/ color: rgb(120, 120, 120) color: inherit {o: http://localhost:5174/, sv: 0.1.3, sdkn: @vercel/analytics/react, sdkv: 2.0.1, ts: 1779733996511} /_vercel/insights/view @ https://va.vercel-scripts.com/v1/script.debug.js:0
[     459ms] [LOG] %c[Vercel Speed Insights]%c Debug mode is enabled by default in development. No requests will be sent to the server. color: rgb(120, 120, 120) color: inherit @ https://va.vercel-scripts.com/v1/speed-insights/script.debug.js:0
[     684ms] [WARNING] GSAP target .trust-item not found. https://gsap.com @ http://localhost:5174/node_modules/.vite/deps/chunk-YNVTO5JC.js?v=0dd5348d:86
[     684ms] [WARNING] GSAP target  not found. https://gsap.com @ http://localhost:5174/node_modules/.vite/deps/chunk-YNVTO5JC.js?v=0dd5348d:86
[     685ms] [WARNING] GSAP target  not found. https://gsap.com @ http://localhost:5174/node_modules/.vite/deps/chunk-YNVTO5JC.js?v=0dd5348d:86
[     687ms] [WARNING] GSAP target .hiw-step not found. https://gsap.com @ http://localhost:5174/node_modules/.vite/deps/chunk-YNVTO5JC.js?v=0dd5348d:86
[     687ms] [WARNING] GSAP target  not found. https://gsap.com @ http://localhost:5174/node_modules/.vite/deps/chunk-YNVTO5JC.js?v=0dd5348d:86
[     687ms] [WARNING] GSAP target  not found. https://gsap.com @ http://localhost:5174/node_modules/.vite/deps/chunk-YNVTO5JC.js?v=0dd5348d:86
[     687ms] [WARNING] Element not found: .hiw-section @ http://localhost:5174/node_modules/.vite/deps/gsap_ScrollTrigger.js?v=e76132f5:118
[     688ms] [WARNING] GSAP target  not found. https://gsap.com @ http://localhost:5174/node_modules/.vite/deps/chunk-YNVTO5JC.js?v=0dd5348d:86
[     701ms] [WARNING] GSAP target  not found. https://gsap.com @ http://localhost:5174/node_modules/.vite/deps/chunk-YNVTO5JC.js?v=0dd5348d:86
[    3704ms] [WARNING] The resource http://localhost:5174/generated/bali-hub-hero.webp was preloaded using link preload but not used within a few seconds from the window's load event. Please make sure it has an appropriate `as` value and it is preloaded intentionally. @ http://localhost:5174/:0
[   15427ms] [WARNING] The resource http://localhost:5174/generated/bali-hub-hero.webp was preloaded using link preload but not used within a few seconds from the window's load event. Please make sure it has an appropriate `as` value and it is preloaded intentionally. @ http://localhost:5174/:0
[   27399ms] [WARNING] The resource http://localhost:5174/generated/bali-hub-hero.webp was preloaded using link preload but not used within a few seconds from the window's load event. Please make sure it has an appropriate `as` value and it is preloaded intentionally. @ http://localhost:5174/:0
[   39400ms] [WARNING] The resource http://localhost:5174/generated/bali-hub-hero.webp was preloaded using link preload but not used within a few seconds from the window's load event. Please make sure it has an appropriate `as` value and it is preloaded intentionally. @ http://localhost:5174/:0
[   51397ms] [WARNING] The resource http://localhost:5174/generated/bali-hub-hero.webp was preloaded using link preload but not used within a few seconds from the window's load event. Please make sure it has an appropriate `as` value and it is preloaded intentionally. @ http://localhost:5174/:0
[   63396ms] [WARNING] The resource http://localhost:5174/generated/bali-hub-hero.webp was preloaded using link preload but not used within a few seconds from the window's load event. Please make sure it has an appropriate `as` value and it is preloaded intentionally. @ http://localhost:5174/:0
[   75388ms] [WARNING] The resource http://localhost:5174/generated/bali-hub-hero.webp was preloaded using link preload but not used within a few seconds from the window's load event. Please make sure it has an appropriate `as` value and it is preloaded intentionally. @ http://localhost:5174/:0
[   87400ms] [WARNING] The resource http://localhost:5174/generated/bali-hub-hero.webp was preloaded using link preload but not used within a few seconds from the window's load event. Please make sure it has an appropriate `as` value and it is preloaded intentionally. @ http://localhost:5174/:0
[   99399ms] [WARNING] The resource http://localhost:5174/generated/bali-hub-hero.webp was preloaded using link preload but not used within a few seconds from the window's load event. Please make sure it has an appropriate `as` value and it is preloaded intentionally. @ http://localhost:5174/:0
[  111507ms] [WARNING] The resource http://localhost:5174/generated/bali-hub-hero.webp was preloaded using link preload but not used within a few seconds from the window's load event. Please make sure it has an appropriate `as` value and it is preloaded intentionally. @ http://localhost:5174/:0
[  123406ms] [WARNING] The resource http://localhost:5174/generated/bali-hub-hero.webp was preloaded using link preload but not used within a few seconds from the window's load event. Please make sure it has an appropriate `as` value and it is preloaded intentionally. @ http://localhost:5174/:0
[  135433ms] [WARNING] The resource http://localhost:5174/generated/bali-hub-hero.webp was preloaded using link preload but not used within a few seconds from the window's load event. Please make sure it has an appropriate `as` value and it is preloaded intentionally. @ http://localhost:5174/:0
[  147408ms] [WARNING] The resource http://localhost:5174/generated/bali-hub-hero.webp was preloaded using link preload but not used within a few seconds from the window's load event. Please make sure it has an appropriate `as` value and it is preloaded intentionally. @ http://localhost:5174/:0
[  159436ms] [WARNING] The resource http://localhost:5174/generated/bali-hub-hero.webp was preloaded using link preload but not used within a few seconds from the window's load event. Please make sure it has an appropriate `as` value and it is preloaded intentionally. @ http://localhost:5174/:0
[  171430ms] [WARNING] The resource http://localhost:5174/generated/bali-hub-hero.webp was preloaded using link preload but not used within a few seconds from the window's load event. Please make sure it has an appropriate `as` value and it is preloaded intentionally. @ http://localhost:5174/:0
[  183412ms] [WARNING] The resource http://localhost:5174/generated/bali-hub-hero.webp was preloaded using link preload but not used within a few seconds from the window's load event. Please make sure it has an appropriate `as` value and it is preloaded intentionally. @ http://localhost:5174/:0
