[     334ms] [ERROR] Failed to load resource: the server responded with a status of 404 () @ https://mychef.id/in-villa-service:0
[     344ms] [ERROR] Executing inline script violates the following Content Security Policy directive 'script-src 'self' https://va.vercel-scripts.com'. Either the 'unsafe-inline' keyword, a hash ('sha256-ywWB4SJkXKjrZuG9yiHtFBhpVMc32MKVTAEvP1ON9NU='), or a nonce ('nonce-...') is required to enable inline execution. The action has been blocked. @ https://mychef.id/in-villa-service:13
[     361ms] [ERROR] Executing inline event handler violates the following Content Security Policy directive 'script-src 'self' https://va.vercel-scripts.com'. Either the 'unsafe-inline' keyword, a hash ('sha256-...'), or a nonce ('nonce-...') is required to enable inline execution. Note that hashes do not apply to event handlers, style attributes and javascript: navigations unless the 'unsafe-hashes' keyword is present. The action has been blocked. @ https://mychef.id/in-villa-service:57
[     664ms] [ERROR] Failed to load resource: the server responded with a status of 404 () @ https://mychef.id/generated/bali-hub-hero.webp:0
[     856ms] [ERROR] Loading the script 'https://www.googletagmanager.com/gtag/js?id=G-W0PQH8ZKTF' violates the following Content Security Policy directive: "script-src 'self' https://va.vercel-scripts.com". Note that 'script-src-elem' was not explicitly set, so 'script-src' is used as a fallback. The action has been blocked. @ https://mychef.id/assets/index-CjS3F8a_.js:1
[    1093ms] [ERROR] Failed to load resource: the server responded with a status of 404 () @ https://mychef.id/generated/avatar-ai.webp:0
[    4330ms] [WARNING] The resource https://mychef.id/generated/bali-hub-hero.webp was preloaded using link preload but not used within a few seconds from the window's load event. Please make sure it has an appropriate `as` value and it is preloaded intentionally. @ https://mychef.id/in-villa-service:0
[   17689ms] [WARNING] The resource https://mychef.id/generated/bali-hub-hero.webp was preloaded using link preload but not used within a few seconds from the window's load event. Please make sure it has an appropriate `as` value and it is preloaded intentionally. @ https://mychef.id/in-villa-service:0
[   25326ms] [ERROR] Failed to load resource: the server responded with a status of 404 () @ https://mychef.id/generated/avatar-ai.webp:0
[   28330ms] [WARNING] The resource https://mychef.id/generated/bali-hub-hero.webp was preloaded using link preload but not used within a few seconds from the window's load event. Please make sure it has an appropriate `as` value and it is preloaded intentionally. @ https://mychef.id/in-villa-service:0
[   42075ms] [WARNING] The resource https://mychef.id/generated/bali-hub-hero.webp was preloaded using link preload but not used within a few seconds from the window's load event. Please make sure it has an appropriate `as` value and it is preloaded intentionally. @ https://mychef.id/in-villa-service:0
[   50987ms] [ERROR] Failed to load resource: the server responded with a status of 404 () @ https://mychef.id/generated/avatar-ai.webp:0
[   54028ms] [WARNING] The resource https://mychef.id/generated/bali-hub-hero.webp was preloaded using link preload but not used within a few seconds from the window's load event. Please make sure it has an appropriate `as` value and it is preloaded intentionally. @ https://mychef.id/in-villa-service:0
[   66192ms] [WARNING] The resource https://mychef.id/generated/bali-hub-hero.webp was preloaded using link preload but not used within a few seconds from the window's load event. Please make sure it has an appropriate `as` value and it is preloaded intentionally. @ https://mychef.id/in-villa-service:0
[   73742ms] [ERROR] Failed to load resource: the server responded with a status of 404 () @ https://mychef.id/generated/avatar-ai.webp:0
[   76884ms] [WARNING] The resource https://mychef.id/generated/bali-hub-hero.webp was preloaded using link preload but not used within a few seconds from the window's load event. Please make sure it has an appropriate `as` value and it is preloaded intentionally. @ https://mychef.id/in-villa-service:0
[   89988ms] [WARNING] The resource https://mychef.id/generated/bali-hub-hero.webp was preloaded using link preload but not used within a few seconds from the window's load event. Please make sure it has an appropriate `as` value and it is preloaded intentionally. @ https://mychef.id/in-villa-service:0
[   99458ms] [ERROR] Failed to load resource: the server responded with a status of 404 () @ https://mychef.id/generated/avatar-ai.webp:0
[  102838ms] [WARNING] The resource https://mychef.id/generated/bali-hub-hero.webp was preloaded using link preload but not used within a few seconds from the window's load event. Please make sure it has an appropriate `as` value and it is preloaded intentionally. @ https://mychef.id/in-villa-service:0
[  119074ms] [WARNING] The resource https://mychef.id/generated/bali-hub-hero.webp was preloaded using link preload but not used within a few seconds from the window's load event. Please make sure it has an appropriate `as` value and it is preloaded intentionally. @ https://mychef.id/in-villa-service:0
[  122007ms] [ERROR] Failed to load resource: the server responded with a status of 404 () @ https://mychef.id/generated/avatar-ai.webp:0
[  125038ms] [WARNING] The resource https://mychef.id/generated/bali-hub-hero.webp was preloaded using link preload but not used within a few seconds from the window's load event. Please make sure it has an appropriate `as` value and it is preloaded intentionally. @ https://mychef.id/in-villa-service:0
[  143055ms] [WARNING] The resource https://mychef.id/generated/bali-hub-hero.webp was preloaded using link preload but not used within a few seconds from the window's load event. Please make sure it has an appropriate `as` value and it is preloaded intentionally. @ https://mychef.id/in-villa-service:0
[  147157ms] [ERROR] Failed to load resource: the server responded with a status of 404 () @ https://mychef.id/generated/avatar-ai.webp:0
[  150251ms] [WARNING] The resource https://mychef.id/generated/bali-hub-hero.webp was preloaded using link preload but not used within a few seconds from the window's load event. Please make sure it has an appropriate `as` value and it is preloaded intentionally. @ https://mychef.id/in-villa-service:0
[  161692ms] [WARNING] The resource https://mychef.id/generated/bali-hub-hero.webp was preloaded using link preload but not used within a few seconds from the window's load event. Please make sure it has an appropriate `as` value and it is preloaded intentionally. @ https://mychef.id/in-villa-service:0
[  170473ms] [ERROR] Failed to load resource: the server responded with a status of 404 () @ https://mychef.id/generated/avatar-ai.webp:0
[  173559ms] [WARNING] The resource https://mychef.id/generated/bali-hub-hero.webp was preloaded using link preload but not used within a few seconds from the window's load event. Please make sure it has an appropriate `as` value and it is preloaded intentionally. @ https://mychef.id/in-villa-service:0
[  184245ms] [WARNING] The resource https://mychef.id/generated/bali-hub-hero.webp was preloaded using link preload but not used within a few seconds from the window's load event. Please make sure it has an appropriate `as` value and it is preloaded intentionally. @ https://mychef.id/in-villa-service:0
[  194613ms] [ERROR] Failed to load resource: the server responded with a status of 404 () @ https://mychef.id/generated/avatar-ai.webp:0
[  197731ms] [WARNING] The resource https://mychef.id/generated/bali-hub-hero.webp was preloaded using link preload but not used within a few seconds from the window's load event. Please make sure it has an appropriate `as` value and it is preloaded intentionally. @ https://mychef.id/in-villa-service:0
[  208048ms] [WARNING] The resource https://mychef.id/generated/bali-hub-hero.webp was preloaded using link preload but not used within a few seconds from the window's load event. Please make sure it has an appropriate `as` value and it is preloaded intentionally. @ https://mychef.id/in-villa-service:0
[  219157ms] [ERROR] Failed to load resource: the server responded with a status of 404 () @ https://mychef.id/generated/avatar-ai.webp:0
[  222406ms] [WARNING] The resource https://mychef.id/generated/bali-hub-hero.webp was preloaded using link preload but not used within a few seconds from the window's load event. Please make sure it has an appropriate `as` value and it is preloaded intentionally. @ https://mychef.id/in-villa-service:0
[  231850ms] [WARNING] The resource https://mychef.id/generated/bali-hub-hero.webp was preloaded using link preload but not used within a few seconds from the window's load event. Please make sure it has an appropriate `as` value and it is preloaded intentionally. @ https://mychef.id/in-villa-service:0
[  241352ms] [ERROR] Failed to load resource: the server responded with a status of 404 () @ https://mychef.id/generated/avatar-ai.webp:0
[  244370ms] [WARNING] The resource https://mychef.id/generated/bali-hub-hero.webp was preloaded using link preload but not used within a few seconds from the window's load event. Please make sure it has an appropriate `as` value and it is preloaded intentionally. @ https://mychef.id/in-villa-service:0
[  255985ms] [WARNING] The resource https://mychef.id/generated/bali-hub-hero.webp was preloaded using link preload but not used within a few seconds from the window's load event. Please make sure it has an appropriate `as` value and it is preloaded intentionally. @ https://mychef.id/in-villa-service:0
[  265047ms] [ERROR] Failed to load resource: the server responded with a status of 404 () @ https://mychef.id/generated/avatar-ai.webp:0
[  268051ms] [WARNING] The resource https://mychef.id/generated/bali-hub-hero.webp was preloaded using link preload but not used within a few seconds from the window's load event. Please make sure it has an appropriate `as` value and it is preloaded intentionally. @ https://mychef.id/in-villa-service:0
[  279861ms] [WARNING] The resource https://mychef.id/generated/bali-hub-hero.webp was preloaded using link preload but not used within a few seconds from the window's load event. Please make sure it has an appropriate `as` value and it is preloaded intentionally. @ https://mychef.id/in-villa-service:0
[  289116ms] [ERROR] Failed to load resource: the server responded with a status of 404 () @ https://mychef.id/generated/avatar-ai.webp:0
[  292127ms] [WARNING] The resource https://mychef.id/generated/bali-hub-hero.webp was preloaded using link preload but not used within a few seconds from the window's load event. Please make sure it has an appropriate `as` value and it is preloaded intentionally. @ https://mychef.id/in-villa-service:0
[  303874ms] [WARNING] The resource https://mychef.id/generated/bali-hub-hero.webp was preloaded using link preload but not used within a few seconds from the window's load event. Please make sure it has an appropriate `as` value and it is preloaded intentionally. @ https://mychef.id/in-villa-service:0
[  313008ms] [ERROR] Failed to load resource: the server responded with a status of 404 () @ https://mychef.id/generated/avatar-ai.webp:0
[  316015ms] [WARNING] The resource https://mychef.id/generated/bali-hub-hero.webp was preloaded using link preload but not used within a few seconds from the window's load event. Please make sure it has an appropriate `as` value and it is preloaded intentionally. @ https://mychef.id/in-villa-service:0
[  327759ms] [WARNING] The resource https://mychef.id/generated/bali-hub-hero.webp was preloaded using link preload but not used within a few seconds from the window's load event. Please make sure it has an appropriate `as` value and it is preloaded intentionally. @ https://mychef.id/in-villa-service:0
[  337011ms] [ERROR] Failed to load resource: the server responded with a status of 404 () @ https://mychef.id/generated/avatar-ai.webp:0
[  340014ms] [WARNING] The resource https://mychef.id/generated/bali-hub-hero.webp was preloaded using link preload but not used within a few seconds from the window's load event. Please make sure it has an appropriate `as` value and it is preloaded intentionally. @ https://mychef.id/in-villa-service:0
[  351789ms] [WARNING] The resource https://mychef.id/generated/bali-hub-hero.webp was preloaded using link preload but not used within a few seconds from the window's load event. Please make sure it has an appropriate `as` value and it is preloaded intentionally. @ https://mychef.id/in-villa-service:0
[  361015ms] [ERROR] Failed to load resource: the server responded with a status of 404 () @ https://mychef.id/generated/avatar-ai.webp:0
[  364027ms] [WARNING] The resource https://mychef.id/generated/bali-hub-hero.webp was preloaded using link preload but not used within a few seconds from the window's load event. Please make sure it has an appropriate `as` value and it is preloaded intentionally. @ https://mychef.id/in-villa-service:0
[  376057ms] [WARNING] The resource https://mychef.id/generated/bali-hub-hero.webp was preloaded using link preload but not used within a few seconds from the window's load event. Please make sure it has an appropriate `as` value and it is preloaded intentionally. @ https://mychef.id/in-villa-service:0
[  385393ms] [ERROR] Failed to load resource: the server responded with a status of 404 () @ https://mychef.id/generated/avatar-ai.webp:0
[  388548ms] [WARNING] The resource https://mychef.id/generated/bali-hub-hero.webp was preloaded using link preload but not used within a few seconds from the window's load event. Please make sure it has an appropriate `as` value and it is preloaded intentionally. @ https://mychef.id/in-villa-service:0
[  399766ms] [WARNING] The resource https://mychef.id/generated/bali-hub-hero.webp was preloaded using link preload but not used within a few seconds from the window's load event. Please make sure it has an appropriate `as` value and it is preloaded intentionally. @ https://mychef.id/in-villa-service:0
[  411666ms] [ERROR] Failed to load resource: the server responded with a status of 404 () @ https://mychef.id/generated/avatar-ai.webp:0
[  414938ms] [WARNING] The resource https://mychef.id/generated/bali-hub-hero.webp was preloaded using link preload but not used within a few seconds from the window's load event. Please make sure it has an appropriate `as` value and it is preloaded intentionally. @ https://mychef.id/in-villa-service:0
[  426886ms] [WARNING] The resource https://mychef.id/generated/bali-hub-hero.webp was preloaded using link preload but not used within a few seconds from the window's load event. Please make sure it has an appropriate `as` value and it is preloaded intentionally. @ https://mychef.id/in-villa-service:0
[  434274ms] [ERROR] Failed to load resource: the server responded with a status of 404 () @ https://mychef.id/generated/avatar-ai.webp:0
[  437305ms] [WARNING] The resource https://mychef.id/generated/bali-hub-hero.webp was preloaded using link preload but not used within a few seconds from the window's load event. Please make sure it has an appropriate `as` value and it is preloaded intentionally. @ https://mychef.id/in-villa-service:0
[  449517ms] [WARNING] The resource https://mychef.id/generated/bali-hub-hero.webp was preloaded using link preload but not used within a few seconds from the window's load event. Please make sure it has an appropriate `as` value and it is preloaded intentionally. @ https://mychef.id/in-villa-service:0
[  458247ms] [ERROR] Failed to load resource: the server responded with a status of 404 () @ https://mychef.id/generated/avatar-ai.webp:0
[  461563ms] [WARNING] The resource https://mychef.id/generated/bali-hub-hero.webp was preloaded using link preload but not used within a few seconds from the window's load event. Please make sure it has an appropriate `as` value and it is preloaded intentionally. @ https://mychef.id/in-villa-service:0
[  472591ms] [WARNING] The resource https://mychef.id/generated/bali-hub-hero.webp was preloaded using link preload but not used within a few seconds from the window's load event. Please make sure it has an appropriate `as` value and it is preloaded intentionally. @ https://mychef.id/in-villa-service:0
[  481026ms] [ERROR] Failed to load resource: the server responded with a status of 404 () @ https://mychef.id/generated/avatar-ai.webp:0
[  484146ms] [WARNING] The resource https://mychef.id/generated/bali-hub-hero.webp was preloaded using link preload but not used within a few seconds from the window's load event. Please make sure it has an appropriate `as` value and it is preloaded intentionally. @ https://mychef.id/in-villa-service:0
[  495845ms] [WARNING] The resource https://mychef.id/generated/bali-hub-hero.webp was preloaded using link preload but not used within a few seconds from the window's load event. Please make sure it has an appropriate `as` value and it is preloaded intentionally. @ https://mychef.id/in-villa-service:0
[  505122ms] [ERROR] Failed to load resource: the server responded with a status of 404 () @ https://mychef.id/generated/avatar-ai.webp:0
[  508154ms] [WARNING] The resource https://mychef.id/generated/bali-hub-hero.webp was preloaded using link preload but not used within a few seconds from the window's load event. Please make sure it has an appropriate `as` value and it is preloaded intentionally. @ https://mychef.id/in-villa-service:0
[  519936ms] [WARNING] The resource https://mychef.id/generated/bali-hub-hero.webp was preloaded using link preload but not used within a few seconds from the window's load event. Please make sure it has an appropriate `as` value and it is preloaded intentionally. @ https://mychef.id/in-villa-service:0
[  529715ms] [ERROR] Failed to load resource: the server responded with a status of 404 () @ https://mychef.id/generated/avatar-ai.webp:0
[  532736ms] [WARNING] The resource https://mychef.id/generated/bali-hub-hero.webp was preloaded using link preload but not used within a few seconds from the window's load event. Please make sure it has an appropriate `as` value and it is preloaded intentionally. @ https://mychef.id/in-villa-service:0
[  547084ms] [WARNING] The resource https://mychef.id/generated/bali-hub-hero.webp was preloaded using link preload but not used within a few seconds from the window's load event. Please make sure it has an appropriate `as` value and it is preloaded intentionally. @ https://mychef.id/in-villa-service:0
[  553276ms] [ERROR] Failed to load resource: the server responded with a status of 404 () @ https://mychef.id/generated/avatar-ai.webp:0
[  557268ms] [WARNING] The resource https://mychef.id/generated/bali-hub-hero.webp was preloaded using link preload but not used within a few seconds from the window's load event. Please make sure it has an appropriate `as` value and it is preloaded intentionally. @ https://mychef.id/in-villa-service:0
[  571311ms] [WARNING] The resource https://mychef.id/generated/bali-hub-hero.webp was preloaded using link preload but not used within a few seconds from the window's load event. Please make sure it has an appropriate `as` value and it is preloaded intentionally. @ https://mychef.id/in-villa-service:0
[  577962ms] [ERROR] Failed to load resource: the server responded with a status of 404 () @ https://mychef.id/generated/avatar-ai.webp:0
[  581032ms] [WARNING] The resource https://mychef.id/generated/bali-hub-hero.webp was preloaded using link preload but not used within a few seconds from the window's load event. Please make sure it has an appropriate `as` value and it is preloaded intentionally. @ https://mychef.id/in-villa-service:0
[  592099ms] [WARNING] The resource https://mychef.id/generated/bali-hub-hero.webp was preloaded using link preload but not used within a few seconds from the window's load event. Please make sure it has an appropriate `as` value and it is preloaded intentionally. @ https://mychef.id/in-villa-service:0
[  601294ms] [ERROR] Failed to load resource: the server responded with a status of 404 () @ https://mychef.id/generated/avatar-ai.webp:0
[  604339ms] [WARNING] The resource https://mychef.id/generated/bali-hub-hero.webp was preloaded using link preload but not used within a few seconds from the window's load event. Please make sure it has an appropriate `as` value and it is preloaded intentionally. @ https://mychef.id/in-villa-service:0
[  615822ms] [WARNING] The resource https://mychef.id/generated/bali-hub-hero.webp was preloaded using link preload but not used within a few seconds from the window's load event. Please make sure it has an appropriate `as` value and it is preloaded intentionally. @ https://mychef.id/in-villa-service:0
[  625014ms] [ERROR] Failed to load resource: the server responded with a status of 404 () @ https://mychef.id/generated/avatar-ai.webp:0
[  628020ms] [WARNING] The resource https://mychef.id/generated/bali-hub-hero.webp was preloaded using link preload but not used within a few seconds from the window's load event. Please make sure it has an appropriate `as` value and it is preloaded intentionally. @ https://mychef.id/in-villa-service:0
[  640294ms] [WARNING] The resource https://mychef.id/generated/bali-hub-hero.webp was preloaded using link preload but not used within a few seconds from the window's load event. Please make sure it has an appropriate `as` value and it is preloaded intentionally. @ https://mychef.id/in-villa-service:0
[  649035ms] [ERROR] Failed to load resource: the server responded with a status of 404 () @ https://mychef.id/generated/avatar-ai.webp:0
[  652065ms] [WARNING] The resource https://mychef.id/generated/bali-hub-hero.webp was preloaded using link preload but not used within a few seconds from the window's load event. Please make sure it has an appropriate `as` value and it is preloaded intentionally. @ https://mychef.id/in-villa-service:0
[  663759ms] [WARNING] The resource https://mychef.id/generated/bali-hub-hero.webp was preloaded using link preload but not used within a few seconds from the window's load event. Please make sure it has an appropriate `as` value and it is preloaded intentionally. @ https://mychef.id/in-villa-service:0
[  673097ms] [ERROR] Failed to load resource: the server responded with a status of 404 () @ https://mychef.id/generated/avatar-ai.webp:0
[  676100ms] [WARNING] The resource https://mychef.id/generated/bali-hub-hero.webp was preloaded using link preload but not used within a few seconds from the window's load event. Please make sure it has an appropriate `as` value and it is preloaded intentionally. @ https://mychef.id/in-villa-service:0
[  690557ms] [WARNING] The resource https://mychef.id/generated/bali-hub-hero.webp was preloaded using link preload but not used within a few seconds from the window's load event. Please make sure it has an appropriate `as` value and it is preloaded intentionally. @ https://mychef.id/in-villa-service:0
[  697163ms] [ERROR] Failed to load resource: the server responded with a status of 404 () @ https://mychef.id/generated/avatar-ai.webp:0
[  700227ms] [WARNING] The resource https://mychef.id/generated/bali-hub-hero.webp was preloaded using link preload but not used within a few seconds from the window's load event. Please make sure it has an appropriate `as` value and it is preloaded intentionally. @ https://mychef.id/in-villa-service:0
[  713977ms] [WARNING] The resource https://mychef.id/generated/bali-hub-hero.webp was preloaded using link preload but not used within a few seconds from the window's load event. Please make sure it has an appropriate `as` value and it is preloaded intentionally. @ https://mychef.id/in-villa-service:0
[  723428ms] [ERROR] Failed to load resource: the server responded with a status of 404 () @ https://mychef.id/generated/avatar-ai.webp:0
[  726526ms] [WARNING] The resource https://mychef.id/generated/bali-hub-hero.webp was preloaded using link preload but not used within a few seconds from the window's load event. Please make sure it has an appropriate `as` value and it is preloaded intentionally. @ https://mychef.id/in-villa-service:0
[  736759ms] [WARNING] The resource https://mychef.id/generated/bali-hub-hero.webp was preloaded using link preload but not used within a few seconds from the window's load event. Please make sure it has an appropriate `as` value and it is preloaded intentionally. @ https://mychef.id/in-villa-service:0
[  745464ms] [ERROR] Failed to load resource: the server responded with a status of 404 () @ https://mychef.id/generated/avatar-ai.webp:0
[  748804ms] [WARNING] The resource https://mychef.id/generated/bali-hub-hero.webp was preloaded using link preload but not used within a few seconds from the window's load event. Please make sure it has an appropriate `as` value and it is preloaded intentionally. @ https://mychef.id/in-villa-service:0
[  761391ms] [WARNING] The resource https://mychef.id/generated/bali-hub-hero.webp was preloaded using link preload but not used within a few seconds from the window's load event. Please make sure it has an appropriate `as` value and it is preloaded intentionally. @ https://mychef.id/in-villa-service:0
[  770126ms] [ERROR] Failed to load resource: the server responded with a status of 404 () @ https://mychef.id/generated/avatar-ai.webp:0
[  773187ms] [WARNING] The resource https://mychef.id/generated/bali-hub-hero.webp was preloaded using link preload but not used within a few seconds from the window's load event. Please make sure it has an appropriate `as` value and it is preloaded intentionally. @ https://mychef.id/in-villa-service:0
[  783985ms] [WARNING] The resource https://mychef.id/generated/bali-hub-hero.webp was preloaded using link preload but not used within a few seconds from the window's load event. Please make sure it has an appropriate `as` value and it is preloaded intentionally. @ https://mychef.id/in-villa-service:0
[  793397ms] [ERROR] Failed to load resource: the server responded with a status of 404 () @ https://mychef.id/generated/avatar-ai.webp:0
[  796409ms] [WARNING] The resource https://mychef.id/generated/bali-hub-hero.webp was preloaded using link preload but not used within a few seconds from the window's load event. Please make sure it has an appropriate `as` value and it is preloaded intentionally. @ https://mychef.id/in-villa-service:0
[  807780ms] [WARNING] The resource https://mychef.id/generated/bali-hub-hero.webp was preloaded using link preload but not used within a few seconds from the window's load event. Please make sure it has an appropriate `as` value and it is preloaded intentionally. @ https://mychef.id/in-villa-service:0
[  818208ms] [ERROR] Failed to load resource: the server responded with a status of 404 () @ https://mychef.id/generated/avatar-ai.webp:0
[  821355ms] [WARNING] The resource https://mychef.id/generated/bali-hub-hero.webp was preloaded using link preload but not used within a few seconds from the window's load event. Please make sure it has an appropriate `as` value and it is preloaded intentionally. @ https://mychef.id/in-villa-service:0
[  831986ms] [WARNING] The resource https://mychef.id/generated/bali-hub-hero.webp was preloaded using link preload but not used within a few seconds from the window's load event. Please make sure it has an appropriate `as` value and it is preloaded intentionally. @ https://mychef.id/in-villa-service:0
[  841490ms] [ERROR] Failed to load resource: the server responded with a status of 404 () @ https://mychef.id/generated/avatar-ai.webp:0
[  844518ms] [WARNING] The resource https://mychef.id/generated/bali-hub-hero.webp was preloaded using link preload but not used within a few seconds from the window's load event. Please make sure it has an appropriate `as` value and it is preloaded intentionally. @ https://mychef.id/in-villa-service:0
[  858268ms] [WARNING] The resource https://mychef.id/generated/bali-hub-hero.webp was preloaded using link preload but not used within a few seconds from the window's load event. Please make sure it has an appropriate `as` value and it is preloaded intentionally. @ https://mychef.id/in-villa-service:0
[  865082ms] [ERROR] Failed to load resource: the server responded with a status of 404 () @ https://mychef.id/generated/avatar-ai.webp:0
[  868084ms] [WARNING] The resource https://mychef.id/generated/bali-hub-hero.webp was preloaded using link preload but not used within a few seconds from the window's load event. Please make sure it has an appropriate `as` value and it is preloaded intentionally. @ https://mychef.id/in-villa-service:0
[  880131ms] [WARNING] The resource https://mychef.id/generated/bali-hub-hero.webp was preloaded using link preload but not used within a few seconds from the window's load event. Please make sure it has an appropriate `as` value and it is preloaded intentionally. @ https://mychef.id/in-villa-service:0
[  889310ms] [ERROR] Failed to load resource: the server responded with a status of 404 () @ https://mychef.id/generated/avatar-ai.webp:0
[  892736ms] [WARNING] The resource https://mychef.id/generated/bali-hub-hero.webp was preloaded using link preload but not used within a few seconds from the window's load event. Please make sure it has an appropriate `as` value and it is preloaded intentionally. @ https://mychef.id/in-villa-service:0
[  904536ms] [WARNING] The resource https://mychef.id/generated/bali-hub-hero.webp was preloaded using link preload but not used within a few seconds from the window's load event. Please make sure it has an appropriate `as` value and it is preloaded intentionally. @ https://mychef.id/in-villa-service:0
[  915042ms] [ERROR] Failed to load resource: the server responded with a status of 404 () @ https://mychef.id/generated/avatar-ai.webp:0
[  918655ms] [WARNING] The resource https://mychef.id/generated/bali-hub-hero.webp was preloaded using link preload but not used within a few seconds from the window's load event. Please make sure it has an appropriate `as` value and it is preloaded intentionally. @ https://mychef.id/in-villa-service:0
[  930021ms] [WARNING] The resource https://mychef.id/generated/bali-hub-hero.webp was preloaded using link preload but not used within a few seconds from the window's load event. Please make sure it has an appropriate `as` value and it is preloaded intentionally. @ https://mychef.id/in-villa-service:0
[  937111ms] [ERROR] Failed to load resource: the server responded with a status of 404 () @ https://mychef.id/generated/avatar-ai.webp:0
[  940151ms] [WARNING] The resource https://mychef.id/generated/bali-hub-hero.webp was preloaded using link preload but not used within a few seconds from the window's load event. Please make sure it has an appropriate `as` value and it is preloaded intentionally. @ https://mychef.id/in-villa-service:0
[  952241ms] [WARNING] The resource https://mychef.id/generated/bali-hub-hero.webp was preloaded using link preload but not used within a few seconds from the window's load event. Please make sure it has an appropriate `as` value and it is preloaded intentionally. @ https://mychef.id/in-villa-service:0
[  961419ms] [ERROR] Failed to load resource: the server responded with a status of 404 () @ https://mychef.id/generated/avatar-ai.webp:0
[  964662ms] [WARNING] The resource https://mychef.id/generated/bali-hub-hero.webp was preloaded using link preload but not used within a few seconds from the window's load event. Please make sure it has an appropriate `as` value and it is preloaded intentionally. @ https://mychef.id/in-villa-service:0
[  976325ms] [WARNING] The resource https://mychef.id/generated/bali-hub-hero.webp was preloaded using link preload but not used within a few seconds from the window's load event. Please make sure it has an appropriate `as` value and it is preloaded intentionally. @ https://mychef.id/in-villa-service:0
[  985090ms] [ERROR] Failed to load resource: the server responded with a status of 404 () @ https://mychef.id/generated/avatar-ai.webp:0
[  988098ms] [WARNING] The resource https://mychef.id/generated/bali-hub-hero.webp was preloaded using link preload but not used within a few seconds from the window's load event. Please make sure it has an appropriate `as` value and it is preloaded intentionally. @ https://mychef.id/in-villa-service:0
[ 1000972ms] [WARNING] The resource https://mychef.id/generated/bali-hub-hero.webp was preloaded using link preload but not used within a few seconds from the window's load event. Please make sure it has an appropriate `as` value and it is preloaded intentionally. @ https://mychef.id/in-villa-service:0
[ 1011693ms] [ERROR] Failed to load resource: the server responded with a status of 404 () @ https://mychef.id/generated/avatar-ai.webp:0
[ 1014778ms] [WARNING] The resource https://mychef.id/generated/bali-hub-hero.webp was preloaded using link preload but not used within a few seconds from the window's load event. Please make sure it has an appropriate `as` value and it is preloaded intentionally. @ https://mychef.id/in-villa-service:0
[ 1025923ms] [WARNING] The resource https://mychef.id/generated/bali-hub-hero.webp was preloaded using link preload but not used within a few seconds from the window's load event. Please make sure it has an appropriate `as` value and it is preloaded intentionally. @ https://mychef.id/in-villa-service:0
[ 1035666ms] [ERROR] Failed to load resource: the server responded with a status of 404 () @ https://mychef.id/generated/avatar-ai.webp:0
[ 1038928ms] [WARNING] The resource https://mychef.id/generated/bali-hub-hero.webp was preloaded using link preload but not used within a few seconds from the window's load event. Please make sure it has an appropriate `as` value and it is preloaded intentionally. @ https://mychef.id/in-villa-service:0
[ 1049100ms] [WARNING] The resource https://mychef.id/generated/bali-hub-hero.webp was preloaded using link preload but not used within a few seconds from the window's load event. Please make sure it has an appropriate `as` value and it is preloaded intentionally. @ https://mychef.id/in-villa-service:0
[ 1058444ms] [ERROR] Failed to load resource: the server responded with a status of 404 () @ https://mychef.id/generated/avatar-ai.webp:0
[ 1061569ms] [WARNING] The resource https://mychef.id/generated/bali-hub-hero.webp was preloaded using link preload but not used within a few seconds from the window's load event. Please make sure it has an appropriate `as` value and it is preloaded intentionally. @ https://mychef.id/in-villa-service:0
[ 1076093ms] [WARNING] The resource https://mychef.id/generated/bali-hub-hero.webp was preloaded using link preload but not used within a few seconds from the window's load event. Please make sure it has an appropriate `as` value and it is preloaded intentionally. @ https://mychef.id/in-villa-service:0
[ 1082222ms] [ERROR] Failed to load resource: the server responded with a status of 404 () @ https://mychef.id/generated/avatar-ai.webp:0
[ 1085274ms] [WARNING] The resource https://mychef.id/generated/bali-hub-hero.webp was preloaded using link preload but not used within a few seconds from the window's load event. Please make sure it has an appropriate `as` value and it is preloaded intentionally. @ https://mychef.id/in-villa-service:0
[ 1096813ms] [WARNING] The resource https://mychef.id/generated/bali-hub-hero.webp was preloaded using link preload but not used within a few seconds from the window's load event. Please make sure it has an appropriate `as` value and it is preloaded intentionally. @ https://mychef.id/in-villa-service:0
[ 1108536ms] [ERROR] Failed to load resource: the server responded with a status of 404 () @ https://mychef.id/generated/avatar-ai.webp:0
[ 1111756ms] [WARNING] The resource https://mychef.id/generated/bali-hub-hero.webp was preloaded using link preload but not used within a few seconds from the window's load event. Please make sure it has an appropriate `as` value and it is preloaded intentionally. @ https://mychef.id/in-villa-service:0
[ 1120984ms] [WARNING] The resource https://mychef.id/generated/bali-hub-hero.webp was preloaded using link preload but not used within a few seconds from the window's load event. Please make sure it has an appropriate `as` value and it is preloaded intentionally. @ https://mychef.id/in-villa-service:0
[ 1129175ms] [ERROR] Failed to load resource: the server responded with a status of 404 () @ https://mychef.id/generated/avatar-ai.webp:0
[ 1132180ms] [WARNING] The resource https://mychef.id/generated/bali-hub-hero.webp was preloaded using link preload but not used within a few seconds from the window's load event. Please make sure it has an appropriate `as` value and it is preloaded intentionally. @ https://mychef.id/in-villa-service:0
[ 1144306ms] [WARNING] The resource https://mychef.id/generated/bali-hub-hero.webp was preloaded using link preload but not used within a few seconds from the window's load event. Please make sure it has an appropriate `as` value and it is preloaded intentionally. @ https://mychef.id/in-villa-service:0
[ 1153592ms] [ERROR] Failed to load resource: the server responded with a status of 404 () @ https://mychef.id/generated/avatar-ai.webp:0
[ 1156608ms] [WARNING] The resource https://mychef.id/generated/bali-hub-hero.webp was preloaded using link preload but not used within a few seconds from the window's load event. Please make sure it has an appropriate `as` value and it is preloaded intentionally. @ https://mychef.id/in-villa-service:0
[ 1169228ms] [WARNING] The resource https://mychef.id/generated/bali-hub-hero.webp was preloaded using link preload but not used within a few seconds from the window's load event. Please make sure it has an appropriate `as` value and it is preloaded intentionally. @ https://mychef.id/in-villa-service:0
[ 1178710ms] [ERROR] Failed to load resource: the server responded with a status of 404 () @ https://mychef.id/generated/avatar-ai.webp:0
[ 1181826ms] [WARNING] The resource https://mychef.id/generated/bali-hub-hero.webp was preloaded using link preload but not used within a few seconds from the window's load event. Please make sure it has an appropriate `as` value and it is preloaded intentionally. @ https://mychef.id/in-villa-service:0
[ 1198905ms] [WARNING] The resource https://mychef.id/generated/bali-hub-hero.webp was preloaded using link preload but not used within a few seconds from the window's load event. Please make sure it has an appropriate `as` value and it is preloaded intentionally. @ https://mychef.id/in-villa-service:0
[ 1202294ms] [ERROR] Failed to load resource: the server responded with a status of 404 () @ https://mychef.id/generated/avatar-ai.webp:0
[ 1205509ms] [WARNING] The resource https://mychef.id/generated/bali-hub-hero.webp was preloaded using link preload but not used within a few seconds from the window's load event. Please make sure it has an appropriate `as` value and it is preloaded intentionally. @ https://mychef.id/in-villa-service:0
[ 1219983ms] [WARNING] The resource https://mychef.id/generated/bali-hub-hero.webp was preloaded using link preload but not used within a few seconds from the window's load event. Please make sure it has an appropriate `as` value and it is preloaded intentionally. @ https://mychef.id/in-villa-service:0
[ 1227575ms] [ERROR] Failed to load resource: the server responded with a status of 404 () @ https://mychef.id/generated/avatar-ai.webp:0
[ 1230702ms] [WARNING] The resource https://mychef.id/generated/bali-hub-hero.webp was preloaded using link preload but not used within a few seconds from the window's load event. Please make sure it has an appropriate `as` value and it is preloaded intentionally. @ https://mychef.id/in-villa-service:0
[ 1241048ms] [WARNING] The resource https://mychef.id/generated/bali-hub-hero.webp was preloaded using link preload but not used within a few seconds from the window's load event. Please make sure it has an appropriate `as` value and it is preloaded intentionally. @ https://mychef.id/in-villa-service:0
[ 1249327ms] [ERROR] Failed to load resource: the server responded with a status of 404 () @ https://mychef.id/generated/avatar-ai.webp:0
[ 1252339ms] [WARNING] The resource https://mychef.id/generated/bali-hub-hero.webp was preloaded using link preload but not used within a few seconds from the window's load event. Please make sure it has an appropriate `as` value and it is preloaded intentionally. @ https://mychef.id/in-villa-service:0
[ 1265737ms] [WARNING] The resource https://mychef.id/generated/bali-hub-hero.webp was preloaded using link preload but not used within a few seconds from the window's load event. Please make sure it has an appropriate `as` value and it is preloaded intentionally. @ https://mychef.id/in-villa-service:0
[ 1273613ms] [ERROR] Failed to load resource: the server responded with a status of 404 () @ https://mychef.id/generated/avatar-ai.webp:0
[ 1276875ms] [WARNING] The resource https://mychef.id/generated/bali-hub-hero.webp was preloaded using link preload but not used within a few seconds from the window's load event. Please make sure it has an appropriate `as` value and it is preloaded intentionally. @ https://mychef.id/in-villa-service:0
[ 1287874ms] [WARNING] The resource https://mychef.id/generated/bali-hub-hero.webp was preloaded using link preload but not used within a few seconds from the window's load event. Please make sure it has an appropriate `as` value and it is preloaded intentionally. @ https://mychef.id/in-villa-service:0
[ 1297031ms] [ERROR] Failed to load resource: the server responded with a status of 404 () @ https://mychef.id/generated/avatar-ai.webp:0
[ 1300033ms] [WARNING] The resource https://mychef.id/generated/bali-hub-hero.webp was preloaded using link preload but not used within a few seconds from the window's load event. Please make sure it has an appropriate `as` value and it is preloaded intentionally. @ https://mychef.id/in-villa-service:0
[ 1311827ms] [WARNING] The resource https://mychef.id/generated/bali-hub-hero.webp was preloaded using link preload but not used within a few seconds from the window's load event. Please make sure it has an appropriate `as` value and it is preloaded intentionally. @ https://mychef.id/in-villa-service:0
[ 1321065ms] [ERROR] Failed to load resource: the server responded with a status of 404 () @ https://mychef.id/generated/avatar-ai.webp:0
[ 1324161ms] [WARNING] The resource https://mychef.id/generated/bali-hub-hero.webp was preloaded using link preload but not used within a few seconds from the window's load event. Please make sure it has an appropriate `as` value and it is preloaded intentionally. @ https://mychef.id/in-villa-service:0
[ 1335786ms] [WARNING] The resource https://mychef.id/generated/bali-hub-hero.webp was preloaded using link preload but not used within a few seconds from the window's load event. Please make sure it has an appropriate `as` value and it is preloaded intentionally. @ https://mychef.id/in-villa-service:0
[ 1345178ms] [ERROR] Failed to load resource: the server responded with a status of 404 () @ https://mychef.id/generated/avatar-ai.webp:0
[ 1348248ms] [WARNING] The resource https://mychef.id/generated/bali-hub-hero.webp was preloaded using link preload but not used within a few seconds from the window's load event. Please make sure it has an appropriate `as` value and it is preloaded intentionally. @ https://mychef.id/in-villa-service:0
[ 1359872ms] [WARNING] The resource https://mychef.id/generated/bali-hub-hero.webp was preloaded using link preload but not used within a few seconds from the window's load event. Please make sure it has an appropriate `as` value and it is preloaded intentionally. @ https://mychef.id/in-villa-service:0
[ 1369038ms] [ERROR] Failed to load resource: the server responded with a status of 404 () @ https://mychef.id/generated/avatar-ai.webp:0
[ 1372042ms] [WARNING] The resource https://mychef.id/generated/bali-hub-hero.webp was preloaded using link preload but not used within a few seconds from the window's load event. Please make sure it has an appropriate `as` value and it is preloaded intentionally. @ https://mychef.id/in-villa-service:0
[ 1384239ms] [WARNING] The resource https://mychef.id/generated/bali-hub-hero.webp was preloaded using link preload but not used within a few seconds from the window's load event. Please make sure it has an appropriate `as` value and it is preloaded intentionally. @ https://mychef.id/in-villa-service:0
[ 1393039ms] [ERROR] Failed to load resource: the server responded with a status of 404 () @ https://mychef.id/generated/avatar-ai.webp:0
[ 1396064ms] [WARNING] The resource https://mychef.id/generated/bali-hub-hero.webp was preloaded using link preload but not used within a few seconds from the window's load event. Please make sure it has an appropriate `as` value and it is preloaded intentionally. @ https://mychef.id/in-villa-service:0
[ 1407783ms] [WARNING] The resource https://mychef.id/generated/bali-hub-hero.webp was preloaded using link preload but not used within a few seconds from the window's load event. Please make sure it has an appropriate `as` value and it is preloaded intentionally. @ https://mychef.id/in-villa-service:0
[ 1417295ms] [ERROR] Failed to load resource: the server responded with a status of 404 () @ https://mychef.id/generated/avatar-ai.webp:0
[ 1420297ms] [WARNING] The resource https://mychef.id/generated/bali-hub-hero.webp was preloaded using link preload but not used within a few seconds from the window's load event. Please make sure it has an appropriate `as` value and it is preloaded intentionally. @ https://mychef.id/in-villa-service:0
[ 1431783ms] [WARNING] The resource https://mychef.id/generated/bali-hub-hero.webp was preloaded using link preload but not used within a few seconds from the window's load event. Please make sure it has an appropriate `as` value and it is preloaded intentionally. @ https://mychef.id/in-villa-service:0
[ 1441037ms] [ERROR] Failed to load resource: the server responded with a status of 404 () @ https://mychef.id/generated/avatar-ai.webp:0
[ 1444067ms] [WARNING] The resource https://mychef.id/generated/bali-hub-hero.webp was preloaded using link preload but not used within a few seconds from the window's load event. Please make sure it has an appropriate `as` value and it is preloaded intentionally. @ https://mychef.id/in-villa-service:0
[ 1455784ms] [WARNING] The resource https://mychef.id/generated/bali-hub-hero.webp was preloaded using link preload but not used within a few seconds from the window's load event. Please make sure it has an appropriate `as` value and it is preloaded intentionally. @ https://mychef.id/in-villa-service:0
[ 1465087ms] [ERROR] Failed to load resource: the server responded with a status of 404 () @ https://mychef.id/generated/avatar-ai.webp:0
[ 1468089ms] [WARNING] The resource https://mychef.id/generated/bali-hub-hero.webp was preloaded using link preload but not used within a few seconds from the window's load event. Please make sure it has an appropriate `as` value and it is preloaded intentionally. @ https://mychef.id/in-villa-service:0
[ 1479804ms] [WARNING] The resource https://mychef.id/generated/bali-hub-hero.webp was preloaded using link preload but not used within a few seconds from the window's load event. Please make sure it has an appropriate `as` value and it is preloaded intentionally. @ https://mychef.id/in-villa-service:0
[ 1489112ms] [ERROR] Failed to load resource: the server responded with a status of 404 () @ https://mychef.id/generated/avatar-ai.webp:0
[ 1492156ms] [WARNING] The resource https://mychef.id/generated/bali-hub-hero.webp was preloaded using link preload but not used within a few seconds from the window's load event. Please make sure it has an appropriate `as` value and it is preloaded intentionally. @ https://mychef.id/in-villa-service:0
[ 1504703ms] [WARNING] The resource https://mychef.id/generated/bali-hub-hero.webp was preloaded using link preload but not used within a few seconds from the window's load event. Please make sure it has an appropriate `as` value and it is preloaded intentionally. @ https://mychef.id/in-villa-service:0
[ 1513117ms] [ERROR] Failed to load resource: the server responded with a status of 404 () @ https://mychef.id/generated/avatar-ai.webp:0
[ 1516145ms] [WARNING] The resource https://mychef.id/generated/bali-hub-hero.webp was preloaded using link preload but not used within a few seconds from the window's load event. Please make sure it has an appropriate `as` value and it is preloaded intentionally. @ https://mychef.id/in-villa-service:0
[ 1527897ms] [WARNING] The resource https://mychef.id/generated/bali-hub-hero.webp was preloaded using link preload but not used within a few seconds from the window's load event. Please make sure it has an appropriate `as` value and it is preloaded intentionally. @ https://mychef.id/in-villa-service:0
[ 1537078ms] [ERROR] Failed to load resource: the server responded with a status of 404 () @ https://mychef.id/generated/avatar-ai.webp:0
[ 1540097ms] [WARNING] The resource https://mychef.id/generated/bali-hub-hero.webp was preloaded using link preload but not used within a few seconds from the window's load event. Please make sure it has an appropriate `as` value and it is preloaded intentionally. @ https://mychef.id/in-villa-service:0
[ 1555507ms] [WARNING] The resource https://mychef.id/generated/bali-hub-hero.webp was preloaded using link preload but not used within a few seconds from the window's load event. Please make sure it has an appropriate `as` value and it is preloaded intentionally. @ https://mychef.id/in-villa-service:0
[ 1561053ms] [ERROR] Failed to load resource: the server responded with a status of 404 () @ https://mychef.id/generated/avatar-ai.webp:0
[ 1564089ms] [WARNING] The resource https://mychef.id/generated/bali-hub-hero.webp was preloaded using link preload but not used within a few seconds from the window's load event. Please make sure it has an appropriate `as` value and it is preloaded intentionally. @ https://mychef.id/in-villa-service:0
[ 1575911ms] [WARNING] The resource https://mychef.id/generated/bali-hub-hero.webp was preloaded using link preload but not used within a few seconds from the window's load event. Please make sure it has an appropriate `as` value and it is preloaded intentionally. @ https://mychef.id/in-villa-service:0
[ 1585051ms] [ERROR] Failed to load resource: the server responded with a status of 404 () @ https://mychef.id/generated/avatar-ai.webp:0
[ 1588054ms] [WARNING] The resource https://mychef.id/generated/bali-hub-hero.webp was preloaded using link preload but not used within a few seconds from the window's load event. Please make sure it has an appropriate `as` value and it is preloaded intentionally. @ https://mychef.id/in-villa-service:0
[ 1599820ms] [WARNING] The resource https://mychef.id/generated/bali-hub-hero.webp was preloaded using link preload but not used within a few seconds from the window's load event. Please make sure it has an appropriate `as` value and it is preloaded intentionally. @ https://mychef.id/in-villa-service:0
[ 1609166ms] [ERROR] Failed to load resource: the server responded with a status of 404 () @ https://mychef.id/generated/avatar-ai.webp:0
[ 1612224ms] [WARNING] The resource https://mychef.id/generated/bali-hub-hero.webp was preloaded using link preload but not used within a few seconds from the window's load event. Please make sure it has an appropriate `as` value and it is preloaded intentionally. @ https://mychef.id/in-villa-service:0
[ 1623882ms] [WARNING] The resource https://mychef.id/generated/bali-hub-hero.webp was preloaded using link preload but not used within a few seconds from the window's load event. Please make sure it has an appropriate `as` value and it is preloaded intentionally. @ https://mychef.id/in-villa-service:0
[ 1633273ms] [ERROR] Failed to load resource: the server responded with a status of 404 () @ https://mychef.id/generated/avatar-ai.webp:0
[ 1636279ms] [WARNING] The resource https://mychef.id/generated/bali-hub-hero.webp was preloaded using link preload but not used within a few seconds from the window's load event. Please make sure it has an appropriate `as` value and it is preloaded intentionally. @ https://mychef.id/in-villa-service:0
[ 1647974ms] [WARNING] The resource https://mychef.id/generated/bali-hub-hero.webp was preloaded using link preload but not used within a few seconds from the window's load event. Please make sure it has an appropriate `as` value and it is preloaded intentionally. @ https://mychef.id/in-villa-service:0
[ 1657036ms] [ERROR] Failed to load resource: the server responded with a status of 404 () @ https://mychef.id/generated/avatar-ai.webp:0
[ 1660045ms] [WARNING] The resource https://mychef.id/generated/bali-hub-hero.webp was preloaded using link preload but not used within a few seconds from the window's load event. Please make sure it has an appropriate `as` value and it is preloaded intentionally. @ https://mychef.id/in-villa-service:0
[ 1671788ms] [WARNING] The resource https://mychef.id/generated/bali-hub-hero.webp was preloaded using link preload but not used within a few seconds from the window's load event. Please make sure it has an appropriate `as` value and it is preloaded intentionally. @ https://mychef.id/in-villa-service:0
[ 1682155ms] [ERROR] Failed to load resource: the server responded with a status of 404 () @ https://mychef.id/generated/avatar-ai.webp:0
[ 1685204ms] [WARNING] The resource https://mychef.id/generated/bali-hub-hero.webp was preloaded using link preload but not used within a few seconds from the window's load event. Please make sure it has an appropriate `as` value and it is preloaded intentionally. @ https://mychef.id/in-villa-service:0
[ 1695846ms] [WARNING] The resource https://mychef.id/generated/bali-hub-hero.webp was preloaded using link preload but not used within a few seconds from the window's load event. Please make sure it has an appropriate `as` value and it is preloaded intentionally. @ https://mychef.id/in-villa-service:0
[ 1705288ms] [ERROR] Failed to load resource: the server responded with a status of 404 () @ https://mychef.id/generated/avatar-ai.webp:0
[ 1708310ms] [WARNING] The resource https://mychef.id/generated/bali-hub-hero.webp was preloaded using link preload but not used within a few seconds from the window's load event. Please make sure it has an appropriate `as` value and it is preloaded intentionally. @ https://mychef.id/in-villa-service:0
[ 1719803ms] [WARNING] The resource https://mychef.id/generated/bali-hub-hero.webp was preloaded using link preload but not used within a few seconds from the window's load event. Please make sure it has an appropriate `as` value and it is preloaded intentionally. @ https://mychef.id/in-villa-service:0
[ 1729085ms] [ERROR] Failed to load resource: the server responded with a status of 404 () @ https://mychef.id/generated/avatar-ai.webp:0
[ 1732089ms] [WARNING] The resource https://mychef.id/generated/bali-hub-hero.webp was preloaded using link preload but not used within a few seconds from the window's load event. Please make sure it has an appropriate `as` value and it is preloaded intentionally. @ https://mychef.id/in-villa-service:0
[ 1743803ms] [WARNING] The resource https://mychef.id/generated/bali-hub-hero.webp was preloaded using link preload but not used within a few seconds from the window's load event. Please make sure it has an appropriate `as` value and it is preloaded intentionally. @ https://mychef.id/in-villa-service:0
[ 1753162ms] [ERROR] Failed to load resource: the server responded with a status of 404 () @ https://mychef.id/generated/avatar-ai.webp:0
[ 1756165ms] [WARNING] The resource https://mychef.id/generated/bali-hub-hero.webp was preloaded using link preload but not used within a few seconds from the window's load event. Please make sure it has an appropriate `as` value and it is preloaded intentionally. @ https://mychef.id/in-villa-service:0
[ 1767799ms] [WARNING] The resource https://mychef.id/generated/bali-hub-hero.webp was preloaded using link preload but not used within a few seconds from the window's load event. Please make sure it has an appropriate `as` value and it is preloaded intentionally. @ https://mychef.id/in-villa-service:0
[ 1777075ms] [ERROR] Failed to load resource: the server responded with a status of 404 () @ https://mychef.id/generated/avatar-ai.webp:0
[ 1780080ms] [WARNING] The resource https://mychef.id/generated/bali-hub-hero.webp was preloaded using link preload but not used within a few seconds from the window's load event. Please make sure it has an appropriate `as` value and it is preloaded intentionally. @ https://mychef.id/in-villa-service:0
[ 1791914ms] [WARNING] The resource https://mychef.id/generated/bali-hub-hero.webp was preloaded using link preload but not used within a few seconds from the window's load event. Please make sure it has an appropriate `as` value and it is preloaded intentionally. @ https://mychef.id/in-villa-service:0
[ 1801030ms] [ERROR] Failed to load resource: the server responded with a status of 404 () @ https://mychef.id/generated/avatar-ai.webp:0
[ 1804035ms] [WARNING] The resource https://mychef.id/generated/bali-hub-hero.webp was preloaded using link preload but not used within a few seconds from the window's load event. Please make sure it has an appropriate `as` value and it is preloaded intentionally. @ https://mychef.id/in-villa-service:0
[ 1815791ms] [WARNING] The resource https://mychef.id/generated/bali-hub-hero.webp was preloaded using link preload but not used within a few seconds from the window's load event. Please make sure it has an appropriate `as` value and it is preloaded intentionally. @ https://mychef.id/in-villa-service:0
[ 1825100ms] [ERROR] Failed to load resource: the server responded with a status of 404 () @ https://mychef.id/generated/avatar-ai.webp:0
[ 1828105ms] [WARNING] The resource https://mychef.id/generated/bali-hub-hero.webp was preloaded using link preload but not used within a few seconds from the window's load event. Please make sure it has an appropriate `as` value and it is preloaded intentionally. @ https://mychef.id/in-villa-service:0
[ 1839796ms] [WARNING] The resource https://mychef.id/generated/bali-hub-hero.webp was preloaded using link preload but not used within a few seconds from the window's load event. Please make sure it has an appropriate `as` value and it is preloaded intentionally. @ https://mychef.id/in-villa-service:0
[ 1849043ms] [ERROR] Failed to load resource: the server responded with a status of 404 () @ https://mychef.id/generated/avatar-ai.webp:0
[ 1852048ms] [WARNING] The resource https://mychef.id/generated/bali-hub-hero.webp was preloaded using link preload but not used within a few seconds from the window's load event. Please make sure it has an appropriate `as` value and it is preloaded intentionally. @ https://mychef.id/in-villa-service:0
[ 1863844ms] [WARNING] The resource https://mychef.id/generated/bali-hub-hero.webp was preloaded using link preload but not used within a few seconds from the window's load event. Please make sure it has an appropriate `as` value and it is preloaded intentionally. @ https://mychef.id/in-villa-service:0
[ 1873056ms] [ERROR] Failed to load resource: the server responded with a status of 404 () @ https://mychef.id/generated/avatar-ai.webp:0
[ 1876066ms] [WARNING] The resource https://mychef.id/generated/bali-hub-hero.webp was preloaded using link preload but not used within a few seconds from the window's load event. Please make sure it has an appropriate `as` value and it is preloaded intentionally. @ https://mychef.id/in-villa-service:0
[ 1887820ms] [WARNING] The resource https://mychef.id/generated/bali-hub-hero.webp was preloaded using link preload but not used within a few seconds from the window's load event. Please make sure it has an appropriate `as` value and it is preloaded intentionally. @ https://mychef.id/in-villa-service:0
[ 1897101ms] [ERROR] Failed to load resource: the server responded with a status of 404 () @ https://mychef.id/generated/avatar-ai.webp:0
[ 1900103ms] [WARNING] The resource https://mychef.id/generated/bali-hub-hero.webp was preloaded using link preload but not used within a few seconds from the window's load event. Please make sure it has an appropriate `as` value and it is preloaded intentionally. @ https://mychef.id/in-villa-service:0
[ 1911808ms] [WARNING] The resource https://mychef.id/generated/bali-hub-hero.webp was preloaded using link preload but not used within a few seconds from the window's load event. Please make sure it has an appropriate `as` value and it is preloaded intentionally. @ https://mychef.id/in-villa-service:0
[ 1921147ms] [ERROR] Failed to load resource: the server responded with a status of 404 () @ https://mychef.id/generated/avatar-ai.webp:0
[ 1924170ms] [WARNING] The resource https://mychef.id/generated/bali-hub-hero.webp was preloaded using link preload but not used within a few seconds from the window's load event. Please make sure it has an appropriate `as` value and it is preloaded intentionally. @ https://mychef.id/in-villa-service:0
[ 1935944ms] [WARNING] The resource https://mychef.id/generated/bali-hub-hero.webp was preloaded using link preload but not used within a few seconds from the window's load event. Please make sure it has an appropriate `as` value and it is preloaded intentionally. @ https://mychef.id/in-villa-service:0
[ 1945075ms] [ERROR] Failed to load resource: the server responded with a status of 404 () @ https://mychef.id/generated/avatar-ai.webp:0
[ 1948079ms] [WARNING] The resource https://mychef.id/generated/bali-hub-hero.webp was preloaded using link preload but not used within a few seconds from the window's load event. Please make sure it has an appropriate `as` value and it is preloaded intentionally. @ https://mychef.id/in-villa-service:0
[ 1959794ms] [WARNING] The resource https://mychef.id/generated/bali-hub-hero.webp was preloaded using link preload but not used within a few seconds from the window's load event. Please make sure it has an appropriate `as` value and it is preloaded intentionally. @ https://mychef.id/in-villa-service:0
[ 1969109ms] [ERROR] Failed to load resource: the server responded with a status of 404 () @ https://mychef.id/generated/avatar-ai.webp:0
[ 1972118ms] [WARNING] The resource https://mychef.id/generated/bali-hub-hero.webp was preloaded using link preload but not used within a few seconds from the window's load event. Please make sure it has an appropriate `as` value and it is preloaded intentionally. @ https://mychef.id/in-villa-service:0
[ 1983711ms] [WARNING] The resource https://mychef.id/generated/bali-hub-hero.webp was preloaded using link preload but not used within a few seconds from the window's load event. Please make sure it has an appropriate `as` value and it is preloaded intentionally. @ https://mychef.id/in-villa-service:0
[ 1993067ms] [ERROR] Failed to load resource: the server responded with a status of 404 () @ https://mychef.id/generated/avatar-ai.webp:0
[ 1996205ms] [WARNING] The resource https://mychef.id/generated/bali-hub-hero.webp was preloaded using link preload but not used within a few seconds from the window's load event. Please make sure it has an appropriate `as` value and it is preloaded intentionally. @ https://mychef.id/in-villa-service:0
[ 2007719ms] [WARNING] The resource https://mychef.id/generated/bali-hub-hero.webp was preloaded using link preload but not used within a few seconds from the window's load event. Please make sure it has an appropriate `as` value and it is preloaded intentionally. @ https://mychef.id/in-villa-service:0
[ 2016960ms] [ERROR] Failed to load resource: the server responded with a status of 404 () @ https://mychef.id/generated/avatar-ai.webp:0
[ 2019966ms] [WARNING] The resource https://mychef.id/generated/bali-hub-hero.webp was preloaded using link preload but not used within a few seconds from the window's load event. Please make sure it has an appropriate `as` value and it is preloaded intentionally. @ https://mychef.id/in-villa-service:0
[ 2031717ms] [WARNING] The resource https://mychef.id/generated/bali-hub-hero.webp was preloaded using link preload but not used within a few seconds from the window's load event. Please make sure it has an appropriate `as` value and it is preloaded intentionally. @ https://mychef.id/in-villa-service:0
[ 2040982ms] [ERROR] Failed to load resource: the server responded with a status of 404 () @ https://mychef.id/generated/avatar-ai.webp:0
[ 2043984ms] [WARNING] The resource https://mychef.id/generated/bali-hub-hero.webp was preloaded using link preload but not used within a few seconds from the window's load event. Please make sure it has an appropriate `as` value and it is preloaded intentionally. @ https://mychef.id/in-villa-service:0
[ 2055714ms] [WARNING] The resource https://mychef.id/generated/bali-hub-hero.webp was preloaded using link preload but not used within a few seconds from the window's load event. Please make sure it has an appropriate `as` value and it is preloaded intentionally. @ https://mychef.id/in-villa-service:0
