[     863ms] [ERROR] Executing inline script violates the following Content Security Policy directive 'script-src 'self' https://va.vercel-scripts.com'. Either the 'unsafe-inline' keyword, a hash ('sha256-ywWB4SJkXKjrZuG9yiHtFBhpVMc32MKVTAEvP1ON9NU='), or a nonce ('nonce-...') is required to enable inline execution. The action has been blocked. @ https://mychef.id/:13
[    1090ms] [ERROR] Failed to load resource: the server responded with a status of 404 () @ https://mychef.id/generated/bali-hub-hero.webp:0
[    1951ms] [ERROR] Executing inline event handler violates the following Content Security Policy directive 'script-src 'self' https://va.vercel-scripts.com'. Either the 'unsafe-inline' keyword, a hash ('sha256-...'), or a nonce ('nonce-...') is required to enable inline execution. Note that hashes do not apply to event handlers, style attributes and javascript: navigations unless the 'unsafe-hashes' keyword is present. The action has been blocked. @ https://mychef.id/:57
[    2094ms] [ERROR] Failed to load resource: the server responded with a status of 404 () @ https://mychef.id/generated/avatar-ai.webp:0
[    2743ms] [ERROR] Loading the script 'https://www.googletagmanager.com/gtag/js?id=G-W0PQH8ZKTF' violates the following Content Security Policy directive: "script-src 'self' https://va.vercel-scripts.com". Note that 'script-src-elem' was not explicitly set, so 'script-src' is used as a fallback. The action has been blocked. @ https://mychef.id/assets/index-CjS3F8a_.js:1
[    2964ms] [WARNING] GSAP target .trust-item not found. https://gsap.com @ https://mychef.id/assets/gsap-D-3BVCAT.js:0
[    2965ms] [WARNING] GSAP target  not found. https://gsap.com @ https://mychef.id/assets/gsap-D-3BVCAT.js:0
[    2965ms] [WARNING] GSAP target  not found. https://gsap.com @ https://mychef.id/assets/gsap-D-3BVCAT.js:0
[    2968ms] [WARNING] GSAP target .hiw-step not found. https://gsap.com @ https://mychef.id/assets/gsap-D-3BVCAT.js:0
[    2968ms] [WARNING] GSAP target  not found. https://gsap.com @ https://mychef.id/assets/gsap-D-3BVCAT.js:0
[    2968ms] [WARNING] GSAP target  not found. https://gsap.com @ https://mychef.id/assets/gsap-D-3BVCAT.js:0
[    2968ms] [WARNING] Element not found: .hiw-section @ https://mychef.id/assets/gsap-D-3BVCAT.js:0
[    2969ms] [WARNING] GSAP target  not found. https://gsap.com @ https://mychef.id/assets/gsap-D-3BVCAT.js:0
[    2970ms] [WARNING] GSAP target  not found. https://gsap.com @ https://mychef.id/assets/gsap-D-3BVCAT.js:0
[    3031ms] [ERROR] Failed to load resource: the server responded with a status of 404 () @ https://mychef.id/generated/mychef-misc-bali-trust-section-bg.png:0
[    6186ms] [WARNING] The resource https://mychef.id/generated/bali-hub-hero.webp was preloaded using link preload but not used within a few seconds from the window's load event. Please make sure it has an appropriate `as` value and it is preloaded intentionally. @ https://mychef.id/:0
[   17305ms] [WARNING] The resource https://mychef.id/generated/bali-hub-hero.webp was preloaded using link preload but not used within a few seconds from the window's load event. Please make sure it has an appropriate `as` value and it is preloaded intentionally. @ https://mychef.id/:0
[   26249ms] [ERROR] Failed to load resource: the server responded with a status of 404 () @ https://mychef.id/generated/avatar-ai.webp:0
[   29263ms] [WARNING] The resource https://mychef.id/generated/bali-hub-hero.webp was preloaded using link preload but not used within a few seconds from the window's load event. Please make sure it has an appropriate `as` value and it is preloaded intentionally. @ https://mychef.id/:0
[   41961ms] [WARNING] The resource https://mychef.id/generated/bali-hub-hero.webp was preloaded using link preload but not used within a few seconds from the window's load event. Please make sure it has an appropriate `as` value and it is preloaded intentionally. @ https://mychef.id/:0
[   50220ms] [ERROR] Failed to load resource: the server responded with a status of 404 () @ https://mychef.id/generated/avatar-ai.webp:0
[   53230ms] [WARNING] The resource https://mychef.id/generated/bali-hub-hero.webp was preloaded using link preload but not used within a few seconds from the window's load event. Please make sure it has an appropriate `as` value and it is preloaded intentionally. @ https://mychef.id/:0
[   65013ms] [WARNING] The resource https://mychef.id/generated/bali-hub-hero.webp was preloaded using link preload but not used within a few seconds from the window's load event. Please make sure it has an appropriate `as` value and it is preloaded intentionally. @ https://mychef.id/:0
[   74446ms] [ERROR] Failed to load resource: the server responded with a status of 404 () @ https://mychef.id/generated/avatar-ai.webp:0
[   77508ms] [WARNING] The resource https://mychef.id/generated/bali-hub-hero.webp was preloaded using link preload but not used within a few seconds from the window's load event. Please make sure it has an appropriate `as` value and it is preloaded intentionally. @ https://mychef.id/:0
[   89512ms] [WARNING] The resource https://mychef.id/generated/bali-hub-hero.webp was preloaded using link preload but not used within a few seconds from the window's load event. Please make sure it has an appropriate `as` value and it is preloaded intentionally. @ https://mychef.id/:0
[   98282ms] [ERROR] Failed to load resource: the server responded with a status of 404 () @ https://mychef.id/generated/avatar-ai.webp:0
[  101306ms] [WARNING] The resource https://mychef.id/generated/bali-hub-hero.webp was preloaded using link preload but not used within a few seconds from the window's load event. Please make sure it has an appropriate `as` value and it is preloaded intentionally. @ https://mychef.id/:0
