[     607ms] [ERROR] Failed to load resource: the server responded with a status of 404 () @ https://mychef.id/fine-dining:0
[     651ms] [ERROR] Executing inline script violates the following Content Security Policy directive 'script-src 'self' https://va.vercel-scripts.com'. Either the 'unsafe-inline' keyword, a hash ('sha256-ywWB4SJkXKjrZuG9yiHtFBhpVMc32MKVTAEvP1ON9NU='), or a nonce ('nonce-...') is required to enable inline execution. The action has been blocked. @ https://mychef.id/fine-dining:13
[     660ms] [ERROR] Executing inline event handler violates the following Content Security Policy directive 'script-src 'self' https://va.vercel-scripts.com'. Either the 'unsafe-inline' keyword, a hash ('sha256-...'), or a nonce ('nonce-...') is required to enable inline execution. Note that hashes do not apply to event handlers, style attributes and javascript: navigations unless the 'unsafe-hashes' keyword is present. The action has been blocked. @ https://mychef.id/fine-dining:57
[     876ms] [ERROR] Failed to load resource: the server responded with a status of 404 () @ https://mychef.id/generated/bali-hub-hero.webp:0
[     959ms] [ERROR] Loading the script 'https://www.googletagmanager.com/gtag/js?id=G-W0PQH8ZKTF' violates the following Content Security Policy directive: "script-src 'self' https://va.vercel-scripts.com". Note that 'script-src-elem' was not explicitly set, so 'script-src' is used as a fallback. The action has been blocked. @ https://mychef.id/assets/index-CjS3F8a_.js:1
[    1020ms] [ERROR] Failed to load resource: the server responded with a status of 404 () @ https://mychef.id/generated/avatar-ai.webp:0
[    4888ms] [WARNING] The resource https://mychef.id/generated/bali-hub-hero.webp was preloaded using link preload but not used within a few seconds from the window's load event. Please make sure it has an appropriate `as` value and it is preloaded intentionally. @ https://mychef.id/fine-dining:0
[   16152ms] [WARNING] The resource https://mychef.id/generated/bali-hub-hero.webp was preloaded using link preload but not used within a few seconds from the window's load event. Please make sure it has an appropriate `as` value and it is preloaded intentionally. @ https://mychef.id/fine-dining:0
[   24334ms] [ERROR] Failed to load resource: the server responded with a status of 404 () @ https://mychef.id/in-villa-service:0
[   24371ms] [ERROR] Executing inline script violates the following Content Security Policy directive 'script-src 'self' https://va.vercel-scripts.com'. Either the 'unsafe-inline' keyword, a hash ('sha256-ywWB4SJkXKjrZuG9yiHtFBhpVMc32MKVTAEvP1ON9NU='), or a nonce ('nonce-...') is required to enable inline execution. The action has been blocked. @ https://mychef.id/in-villa-service:13
[   24379ms] [ERROR] Executing inline event handler violates the following Content Security Policy directive 'script-src 'self' https://va.vercel-scripts.com'. Either the 'unsafe-inline' keyword, a hash ('sha256-...'), or a nonce ('nonce-...') is required to enable inline execution. Note that hashes do not apply to event handlers, style attributes and javascript: navigations unless the 'unsafe-hashes' keyword is present. The action has been blocked. @ https://mychef.id/in-villa-service:57
[   24554ms] [ERROR] Loading the script 'https://www.googletagmanager.com/gtag/js?id=G-W0PQH8ZKTF' violates the following Content Security Policy directive: "script-src 'self' https://va.vercel-scripts.com". Note that 'script-src-elem' was not explicitly set, so 'script-src' is used as a fallback. The action has been blocked. @ https://mychef.id/assets/index-CjS3F8a_.js:1
[   24596ms] [ERROR] Failed to load resource: the server responded with a status of 404 () @ https://mychef.id/generated/bali-hub-hero.webp:0
[   24750ms] [ERROR] Failed to load resource: the server responded with a status of 404 () @ https://mychef.id/generated/avatar-ai.webp:0
[   27036ms] [ERROR] Failed to load resource: the server responded with a status of 404 () @ https://mychef.id/staffing:0
[   27041ms] [ERROR] Executing inline script violates the following Content Security Policy directive 'script-src 'self' https://va.vercel-scripts.com'. Either the 'unsafe-inline' keyword, a hash ('sha256-ywWB4SJkXKjrZuG9yiHtFBhpVMc32MKVTAEvP1ON9NU='), or a nonce ('nonce-...') is required to enable inline execution. The action has been blocked. @ https://mychef.id/staffing:13
[   27043ms] [ERROR] Executing inline event handler violates the following Content Security Policy directive 'script-src 'self' https://va.vercel-scripts.com'. Either the 'unsafe-inline' keyword, a hash ('sha256-...'), or a nonce ('nonce-...') is required to enable inline execution. Note that hashes do not apply to event handlers, style attributes and javascript: navigations unless the 'unsafe-hashes' keyword is present. The action has been blocked. @ https://mychef.id/staffing:57
[   27092ms] [ERROR] Loading the script 'https://www.googletagmanager.com/gtag/js?id=G-W0PQH8ZKTF' violates the following Content Security Policy directive: "script-src 'self' https://va.vercel-scripts.com". Note that 'script-src-elem' was not explicitly set, so 'script-src' is used as a fallback. The action has been blocked. @ https://mychef.id/assets/index-CjS3F8a_.js:1
[   27278ms] [ERROR] Failed to load resource: the server responded with a status of 404 () @ https://mychef.id/generated/bali-hub-hero.webp:0
[   27305ms] [ERROR] Failed to load resource: the server responded with a status of 404 () @ https://mychef.id/generated/avatar-ai.webp:0
[   29684ms] [ERROR] Executing inline script violates the following Content Security Policy directive 'script-src 'self' https://va.vercel-scripts.com'. Either the 'unsafe-inline' keyword, a hash ('sha256-ywWB4SJkXKjrZuG9yiHtFBhpVMc32MKVTAEvP1ON9NU='), or a nonce ('nonce-...') is required to enable inline execution. The action has been blocked. @ https://mychef.id/locations:13
[   29686ms] [ERROR] Executing inline event handler violates the following Content Security Policy directive 'script-src 'self' https://va.vercel-scripts.com'. Either the 'unsafe-inline' keyword, a hash ('sha256-...'), or a nonce ('nonce-...') is required to enable inline execution. Note that hashes do not apply to event handlers, style attributes and javascript: navigations unless the 'unsafe-hashes' keyword is present. The action has been blocked. @ https://mychef.id/locations:57
[   29722ms] [ERROR] Loading the script 'https://www.googletagmanager.com/gtag/js?id=G-W0PQH8ZKTF' violates the following Content Security Policy directive: "script-src 'self' https://va.vercel-scripts.com". Note that 'script-src-elem' was not explicitly set, so 'script-src' is used as a fallback. The action has been blocked. @ https://mychef.id/assets/index-CjS3F8a_.js:1
[   29937ms] [ERROR] Failed to load resource: the server responded with a status of 404 () @ https://mychef.id/generated/bali-hub-hero.webp:0
[   29946ms] [ERROR] Failed to load resource: the server responded with a status of 404 () @ https://mychef.id/generated/avatar-ai.webp:0
[   32085ms] [ERROR] Failed to load resource: the server responded with a status of 404 () @ https://mychef.id/help:0
[   32090ms] [ERROR] Executing inline script violates the following Content Security Policy directive 'script-src 'self' https://va.vercel-scripts.com'. Either the 'unsafe-inline' keyword, a hash ('sha256-ywWB4SJkXKjrZuG9yiHtFBhpVMc32MKVTAEvP1ON9NU='), or a nonce ('nonce-...') is required to enable inline execution. The action has been blocked. @ https://mychef.id/help:13
[   32091ms] [ERROR] Executing inline event handler violates the following Content Security Policy directive 'script-src 'self' https://va.vercel-scripts.com'. Either the 'unsafe-inline' keyword, a hash ('sha256-...'), or a nonce ('nonce-...') is required to enable inline execution. Note that hashes do not apply to event handlers, style attributes and javascript: navigations unless the 'unsafe-hashes' keyword is present. The action has been blocked. @ https://mychef.id/help:57
[   32125ms] [ERROR] Loading the script 'https://www.googletagmanager.com/gtag/js?id=G-W0PQH8ZKTF' violates the following Content Security Policy directive: "script-src 'self' https://va.vercel-scripts.com". Note that 'script-src-elem' was not explicitly set, so 'script-src' is used as a fallback. The action has been blocked. @ https://mychef.id/assets/index-CjS3F8a_.js:1
[   32329ms] [ERROR] Failed to load resource: the server responded with a status of 404 () @ https://mychef.id/generated/bali-hub-hero.webp:0
[   32350ms] [ERROR] Failed to load resource: the server responded with a status of 404 () @ https://mychef.id/generated/avatar-ai.webp:0
[   36041ms] [WARNING] The resource https://mychef.id/generated/bali-hub-hero.webp was preloaded using link preload but not used within a few seconds from the window's load event. Please make sure it has an appropriate `as` value and it is preloaded intentionally. @ https://mychef.id/help:0
[   47630ms] [WARNING] The resource https://mychef.id/generated/bali-hub-hero.webp was preloaded using link preload but not used within a few seconds from the window's load event. Please make sure it has an appropriate `as` value and it is preloaded intentionally. @ https://mychef.id/help:0
[   55143ms] [WARNING] The resource https://mychef.id/generated/bali-hub-hero.webp was preloaded using link preload but not used within a few seconds from the window's load event. Please make sure it has an appropriate `as` value and it is preloaded intentionally. @ https://mychef.id/fine-dining:0
[   56392ms] [ERROR] Failed to load resource: the server responded with a status of 404 () @ https://mychef.id/generated/avatar-ai.webp:0
[   63559ms] [WARNING] The resource https://mychef.id/generated/bali-hub-hero.webp was preloaded using link preload but not used within a few seconds from the window's load event. Please make sure it has an appropriate `as` value and it is preloaded intentionally. @ https://mychef.id/fine-dining:0
[   71770ms] [WARNING] The resource https://mychef.id/generated/bali-hub-hero.webp was preloaded using link preload but not used within a few seconds from the window's load event. Please make sure it has an appropriate `as` value and it is preloaded intentionally. @ https://mychef.id/fine-dining:0
[   80383ms] [ERROR] Failed to load resource: the server responded with a status of 404 () @ https://mychef.id/generated/avatar-ai.webp:0
[   83390ms] [WARNING] The resource https://mychef.id/generated/bali-hub-hero.webp was preloaded using link preload but not used within a few seconds from the window's load event. Please make sure it has an appropriate `as` value and it is preloaded intentionally. @ https://mychef.id/fine-dining:0
[   95151ms] [WARNING] The resource https://mychef.id/generated/bali-hub-hero.webp was preloaded using link preload but not used within a few seconds from the window's load event. Please make sure it has an appropriate `as` value and it is preloaded intentionally. @ https://mychef.id/fine-dining:0
[   95939ms] [ERROR] Failed to load resource: the server responded with a status of 404 () @ https://mychef.id/catering:0
[   96048ms] [ERROR] Executing inline script violates the following Content Security Policy directive 'script-src 'self' https://va.vercel-scripts.com'. Either the 'unsafe-inline' keyword, a hash ('sha256-ywWB4SJkXKjrZuG9yiHtFBhpVMc32MKVTAEvP1ON9NU='), or a nonce ('nonce-...') is required to enable inline execution. The action has been blocked. @ https://mychef.id/catering:13
[   96104ms] [ERROR] Executing inline event handler violates the following Content Security Policy directive 'script-src 'self' https://va.vercel-scripts.com'. Either the 'unsafe-inline' keyword, a hash ('sha256-...'), or a nonce ('nonce-...') is required to enable inline execution. Note that hashes do not apply to event handlers, style attributes and javascript: navigations unless the 'unsafe-hashes' keyword is present. The action has been blocked. @ https://mychef.id/catering:57
[   96275ms] [ERROR] Failed to load resource: the server responded with a status of 404 () @ https://mychef.id/generated/bali-hub-hero.webp:0
[   96395ms] [ERROR] Loading the script 'https://www.googletagmanager.com/gtag/js?id=G-W0PQH8ZKTF' violates the following Content Security Policy directive: "script-src 'self' https://va.vercel-scripts.com". Note that 'script-src-elem' was not explicitly set, so 'script-src' is used as a fallback. The action has been blocked. @ https://mychef.id/assets/index-CjS3F8a_.js:1
[   96518ms] [ERROR] Failed to load resource: the server responded with a status of 404 () @ https://mychef.id/generated/avatar-ai.webp:0
[   97121ms] [ERROR] Failed to load resource: the server responded with a status of 404 () @ https://mychef.id/generated/catering/dropoff-hero.webp:0
[   97122ms] [ERROR] Failed to load resource: the server responded with a status of 404 () @ https://mychef.id/generated/pkg-bbq.webp:0
[   97122ms] [ERROR] Failed to load resource: the server responded with a status of 404 () @ https://mychef.id/generated/aura-buffet.webp:0
[   97126ms] [ERROR] Failed to load resource: the server responded with a status of 404 () @ https://mychef.id/generated/hub-catering.webp:0
[  100419ms] [WARNING] The resource https://mychef.id/generated/bali-hub-hero.webp was preloaded using link preload but not used within a few seconds from the window's load event. Please make sure it has an appropriate `as` value and it is preloaded intentionally. @ https://mychef.id/catering:0
[  112858ms] [WARNING] The resource https://mychef.id/generated/bali-hub-hero.webp was preloaded using link preload but not used within a few seconds from the window's load event. Please make sure it has an appropriate `as` value and it is preloaded intentionally. @ https://mychef.id/catering:0
[  120844ms] [ERROR] Failed to load resource: the server responded with a status of 404 () @ https://mychef.id/generated/avatar-ai.webp:0
[  123912ms] [WARNING] The resource https://mychef.id/generated/bali-hub-hero.webp was preloaded using link preload but not used within a few seconds from the window's load event. Please make sure it has an appropriate `as` value and it is preloaded intentionally. @ https://mychef.id/catering:0
[  135648ms] [WARNING] The resource https://mychef.id/generated/bali-hub-hero.webp was preloaded using link preload but not used within a few seconds from the window's load event. Please make sure it has an appropriate `as` value and it is preloaded intentionally. @ https://mychef.id/catering:0
[  147690ms] [ERROR] Failed to load resource: the server responded with a status of 404 () @ https://mychef.id/generated/avatar-ai.webp:0
[  150991ms] [WARNING] The resource https://mychef.id/generated/bali-hub-hero.webp was preloaded using link preload but not used within a few seconds from the window's load event. Please make sure it has an appropriate `as` value and it is preloaded intentionally. @ https://mychef.id/catering:0
[  163002ms] [WARNING] The resource https://mychef.id/generated/bali-hub-hero.webp was preloaded using link preload but not used within a few seconds from the window's load event. Please make sure it has an appropriate `as` value and it is preloaded intentionally. @ https://mychef.id/catering:0
[  168694ms] [ERROR] Failed to load resource: the server responded with a status of 404 () @ https://mychef.id/generated/avatar-ai.webp:0
[  171746ms] [WARNING] The resource https://mychef.id/generated/bali-hub-hero.webp was preloaded using link preload but not used within a few seconds from the window's load event. Please make sure it has an appropriate `as` value and it is preloaded intentionally. @ https://mychef.id/catering:0
[  183404ms] [WARNING] The resource https://mychef.id/generated/bali-hub-hero.webp was preloaded using link preload but not used within a few seconds from the window's load event. Please make sure it has an appropriate `as` value and it is preloaded intentionally. @ https://mychef.id/catering:0
[  193113ms] [ERROR] Failed to load resource: the server responded with a status of 404 () @ https://mychef.id/generated/avatar-ai.webp:0
[  196147ms] [WARNING] The resource https://mychef.id/generated/bali-hub-hero.webp was preloaded using link preload but not used within a few seconds from the window's load event. Please make sure it has an appropriate `as` value and it is preloaded intentionally. @ https://mychef.id/catering:0
[  207926ms] [WARNING] The resource https://mychef.id/generated/bali-hub-hero.webp was preloaded using link preload but not used within a few seconds from the window's load event. Please make sure it has an appropriate `as` value and it is preloaded intentionally. @ https://mychef.id/catering:0
[  220580ms] [ERROR] Failed to load resource: the server responded with a status of 404 () @ https://mychef.id/generated/avatar-ai.webp:0
[  224043ms] [WARNING] The resource https://mychef.id/generated/bali-hub-hero.webp was preloaded using link preload but not used within a few seconds from the window's load event. Please make sure it has an appropriate `as` value and it is preloaded intentionally. @ https://mychef.id/catering:0
[  231906ms] [WARNING] The resource https://mychef.id/generated/bali-hub-hero.webp was preloaded using link preload but not used within a few seconds from the window's load event. Please make sure it has an appropriate `as` value and it is preloaded intentionally. @ https://mychef.id/catering:0
[  242946ms] [ERROR] Failed to load resource: the server responded with a status of 404 () @ https://mychef.id/generated/avatar-ai.webp:0
[  246303ms] [WARNING] The resource https://mychef.id/generated/bali-hub-hero.webp was preloaded using link preload but not used within a few seconds from the window's load event. Please make sure it has an appropriate `as` value and it is preloaded intentionally. @ https://mychef.id/catering:0
[  262041ms] [WARNING] The resource https://mychef.id/generated/bali-hub-hero.webp was preloaded using link preload but not used within a few seconds from the window's load event. Please make sure it has an appropriate `as` value and it is preloaded intentionally. @ https://mychef.id/catering:0
[  266230ms] [ERROR] Failed to load resource: the server responded with a status of 404 () @ https://mychef.id/generated/avatar-ai.webp:0
[  269355ms] [WARNING] The resource https://mychef.id/generated/bali-hub-hero.webp was preloaded using link preload but not used within a few seconds from the window's load event. Please make sure it has an appropriate `as` value and it is preloaded intentionally. @ https://mychef.id/catering:0
[  285096ms] [WARNING] The resource https://mychef.id/generated/bali-hub-hero.webp was preloaded using link preload but not used within a few seconds from the window's load event. Please make sure it has an appropriate `as` value and it is preloaded intentionally. @ https://mychef.id/catering:0
[  295150ms] [ERROR] Failed to load resource: the server responded with a status of 404 () @ https://mychef.id/generated/avatar-ai.webp:0
[  298596ms] [WARNING] The resource https://mychef.id/generated/bali-hub-hero.webp was preloaded using link preload but not used within a few seconds from the window's load event. Please make sure it has an appropriate `as` value and it is preloaded intentionally. @ https://mychef.id/catering:0
[  311282ms] [WARNING] The resource https://mychef.id/generated/bali-hub-hero.webp was preloaded using link preload but not used within a few seconds from the window's load event. Please make sure it has an appropriate `as` value and it is preloaded intentionally. @ https://mychef.id/catering:0
[  313751ms] [ERROR] Failed to load resource: the server responded with a status of 404 () @ https://mychef.id/generated/avatar-ai.webp:0
[  316764ms] [WARNING] The resource https://mychef.id/generated/bali-hub-hero.webp was preloaded using link preload but not used within a few seconds from the window's load event. Please make sure it has an appropriate `as` value and it is preloaded intentionally. @ https://mychef.id/catering:0
[  335295ms] [WARNING] The resource https://mychef.id/generated/bali-hub-hero.webp was preloaded using link preload but not used within a few seconds from the window's load event. Please make sure it has an appropriate `as` value and it is preloaded intentionally. @ https://mychef.id/catering:0
[  340371ms] [ERROR] Failed to load resource: the server responded with a status of 404 () @ https://mychef.id/generated/avatar-ai.webp:0
[  343618ms] [WARNING] The resource https://mychef.id/generated/bali-hub-hero.webp was preloaded using link preload but not used within a few seconds from the window's load event. Please make sure it has an appropriate `as` value and it is preloaded intentionally. @ https://mychef.id/catering:0
[  355840ms] [WARNING] The resource https://mychef.id/generated/bali-hub-hero.webp was preloaded using link preload but not used within a few seconds from the window's load event. Please make sure it has an appropriate `as` value and it is preloaded intentionally. @ https://mychef.id/catering:0
[  361223ms] [ERROR] Failed to load resource: the server responded with a status of 404 () @ https://mychef.id/generated/avatar-ai.webp:0
[  364240ms] [WARNING] The resource https://mychef.id/generated/bali-hub-hero.webp was preloaded using link preload but not used within a few seconds from the window's load event. Please make sure it has an appropriate `as` value and it is preloaded intentionally. @ https://mychef.id/catering:0
[  378474ms] [WARNING] The resource https://mychef.id/generated/bali-hub-hero.webp was preloaded using link preload but not used within a few seconds from the window's load event. Please make sure it has an appropriate `as` value and it is preloaded intentionally. @ https://mychef.id/catering:0
[  385066ms] [ERROR] Failed to load resource: the server responded with a status of 404 () @ https://mychef.id/generated/avatar-ai.webp:0
[  388412ms] [WARNING] The resource https://mychef.id/generated/bali-hub-hero.webp was preloaded using link preload but not used within a few seconds from the window's load event. Please make sure it has an appropriate `as` value and it is preloaded intentionally. @ https://mychef.id/catering:0
[  402999ms] [WARNING] The resource https://mychef.id/generated/bali-hub-hero.webp was preloaded using link preload but not used within a few seconds from the window's load event. Please make sure it has an appropriate `as` value and it is preloaded intentionally. @ https://mychef.id/catering:0
[  408811ms] [ERROR] Failed to load resource: the server responded with a status of 404 () @ https://mychef.id/generated/avatar-ai.webp:0
[  411827ms] [WARNING] The resource https://mychef.id/generated/bali-hub-hero.webp was preloaded using link preload but not used within a few seconds from the window's load event. Please make sure it has an appropriate `as` value and it is preloaded intentionally. @ https://mychef.id/catering:0
[  423679ms] [WARNING] The resource https://mychef.id/generated/bali-hub-hero.webp was preloaded using link preload but not used within a few seconds from the window's load event. Please make sure it has an appropriate `as` value and it is preloaded intentionally. @ https://mychef.id/catering:0
[  432731ms] [ERROR] Failed to load resource: the server responded with a status of 404 () @ https://mychef.id/generated/avatar-ai.webp:0
[  435803ms] [WARNING] The resource https://mychef.id/generated/bali-hub-hero.webp was preloaded using link preload but not used within a few seconds from the window's load event. Please make sure it has an appropriate `as` value and it is preloaded intentionally. @ https://mychef.id/catering:0
[  447920ms] [WARNING] The resource https://mychef.id/generated/bali-hub-hero.webp was preloaded using link preload but not used within a few seconds from the window's load event. Please make sure it has an appropriate `as` value and it is preloaded intentionally. @ https://mychef.id/catering:0
[  457477ms] [ERROR] Failed to load resource: the server responded with a status of 404 () @ https://mychef.id/generated/avatar-ai.webp:0
[  460493ms] [WARNING] The resource https://mychef.id/generated/bali-hub-hero.webp was preloaded using link preload but not used within a few seconds from the window's load event. Please make sure it has an appropriate `as` value and it is preloaded intentionally. @ https://mychef.id/catering:0
[  472024ms] [WARNING] The resource https://mychef.id/generated/bali-hub-hero.webp was preloaded using link preload but not used within a few seconds from the window's load event. Please make sure it has an appropriate `as` value and it is preloaded intentionally. @ https://mychef.id/catering:0
[  480700ms] [ERROR] Failed to load resource: the server responded with a status of 404 () @ https://mychef.id/generated/avatar-ai.webp:0
[  483807ms] [WARNING] The resource https://mychef.id/generated/bali-hub-hero.webp was preloaded using link preload but not used within a few seconds from the window's load event. Please make sure it has an appropriate `as` value and it is preloaded intentionally. @ https://mychef.id/catering:0
[  495403ms] [WARNING] The resource https://mychef.id/generated/bali-hub-hero.webp was preloaded using link preload but not used within a few seconds from the window's load event. Please make sure it has an appropriate `as` value and it is preloaded intentionally. @ https://mychef.id/catering:0
[  504697ms] [ERROR] Failed to load resource: the server responded with a status of 404 () @ https://mychef.id/generated/avatar-ai.webp:0
[  507718ms] [WARNING] The resource https://mychef.id/generated/bali-hub-hero.webp was preloaded using link preload but not used within a few seconds from the window's load event. Please make sure it has an appropriate `as` value and it is preloaded intentionally. @ https://mychef.id/catering:0
[  519589ms] [WARNING] The resource https://mychef.id/generated/bali-hub-hero.webp was preloaded using link preload but not used within a few seconds from the window's load event. Please make sure it has an appropriate `as` value and it is preloaded intentionally. @ https://mychef.id/catering:0
[  528681ms] [ERROR] Failed to load resource: the server responded with a status of 404 () @ https://mychef.id/generated/avatar-ai.webp:0
[  531693ms] [WARNING] The resource https://mychef.id/generated/bali-hub-hero.webp was preloaded using link preload but not used within a few seconds from the window's load event. Please make sure it has an appropriate `as` value and it is preloaded intentionally. @ https://mychef.id/catering:0
[  543430ms] [WARNING] The resource https://mychef.id/generated/bali-hub-hero.webp was preloaded using link preload but not used within a few seconds from the window's load event. Please make sure it has an appropriate `as` value and it is preloaded intentionally. @ https://mychef.id/catering:0
[  552686ms] [ERROR] Failed to load resource: the server responded with a status of 404 () @ https://mychef.id/generated/avatar-ai.webp:0
[  555747ms] [WARNING] The resource https://mychef.id/generated/bali-hub-hero.webp was preloaded using link preload but not used within a few seconds from the window's load event. Please make sure it has an appropriate `as` value and it is preloaded intentionally. @ https://mychef.id/catering:0
[  567703ms] [WARNING] The resource https://mychef.id/generated/bali-hub-hero.webp was preloaded using link preload but not used within a few seconds from the window's load event. Please make sure it has an appropriate `as` value and it is preloaded intentionally. @ https://mychef.id/catering:0
[  577593ms] [ERROR] Failed to load resource: the server responded with a status of 404 () @ https://mychef.id/generated/avatar-ai.webp:0
[  580880ms] [WARNING] The resource https://mychef.id/generated/bali-hub-hero.webp was preloaded using link preload but not used within a few seconds from the window's load event. Please make sure it has an appropriate `as` value and it is preloaded intentionally. @ https://mychef.id/catering:0
[  592094ms] [WARNING] The resource https://mychef.id/generated/bali-hub-hero.webp was preloaded using link preload but not used within a few seconds from the window's load event. Please make sure it has an appropriate `as` value and it is preloaded intentionally. @ https://mychef.id/catering:0
[  602363ms] [ERROR] Failed to load resource: the server responded with a status of 404 () @ https://mychef.id/generated/avatar-ai.webp:0
[  605574ms] [WARNING] The resource https://mychef.id/generated/bali-hub-hero.webp was preloaded using link preload but not used within a few seconds from the window's load event. Please make sure it has an appropriate `as` value and it is preloaded intentionally. @ https://mychef.id/catering:0
[  622735ms] [WARNING] The resource https://mychef.id/generated/bali-hub-hero.webp was preloaded using link preload but not used within a few seconds from the window's load event. Please make sure it has an appropriate `as` value and it is preloaded intentionally. @ https://mychef.id/catering:0
[  626401ms] [ERROR] Failed to load resource: the server responded with a status of 404 () @ https://mychef.id/generated/avatar-ai.webp:0
[  629498ms] [WARNING] The resource https://mychef.id/generated/bali-hub-hero.webp was preloaded using link preload but not used within a few seconds from the window's load event. Please make sure it has an appropriate `as` value and it is preloaded intentionally. @ https://mychef.id/catering:0
[  644459ms] [WARNING] The resource https://mychef.id/generated/bali-hub-hero.webp was preloaded using link preload but not used within a few seconds from the window's load event. Please make sure it has an appropriate `as` value and it is preloaded intentionally. @ https://mychef.id/catering:0
[  651111ms] [ERROR] Failed to load resource: the server responded with a status of 404 () @ https://mychef.id/generated/avatar-ai.webp:0
[  654519ms] [WARNING] The resource https://mychef.id/generated/bali-hub-hero.webp was preloaded using link preload but not used within a few seconds from the window's load event. Please make sure it has an appropriate `as` value and it is preloaded intentionally. @ https://mychef.id/catering:0
[  663836ms] [WARNING] The resource https://mychef.id/generated/bali-hub-hero.webp was preloaded using link preload but not used within a few seconds from the window's load event. Please make sure it has an appropriate `as` value and it is preloaded intentionally. @ https://mychef.id/catering:0
[  672686ms] [ERROR] Failed to load resource: the server responded with a status of 404 () @ https://mychef.id/generated/avatar-ai.webp:0
[  675710ms] [WARNING] The resource https://mychef.id/generated/bali-hub-hero.webp was preloaded using link preload but not used within a few seconds from the window's load event. Please make sure it has an appropriate `as` value and it is preloaded intentionally. @ https://mychef.id/catering:0
[  687682ms] [WARNING] The resource https://mychef.id/generated/bali-hub-hero.webp was preloaded using link preload but not used within a few seconds from the window's load event. Please make sure it has an appropriate `as` value and it is preloaded intentionally. @ https://mychef.id/catering:0
[  696763ms] [ERROR] Failed to load resource: the server responded with a status of 404 () @ https://mychef.id/generated/avatar-ai.webp:0
[  699778ms] [WARNING] The resource https://mychef.id/generated/bali-hub-hero.webp was preloaded using link preload but not used within a few seconds from the window's load event. Please make sure it has an appropriate `as` value and it is preloaded intentionally. @ https://mychef.id/catering:0
[  715786ms] [WARNING] The resource https://mychef.id/generated/bali-hub-hero.webp was preloaded using link preload but not used within a few seconds from the window's load event. Please make sure it has an appropriate `as` value and it is preloaded intentionally. @ https://mychef.id/catering:0
[  721993ms] [ERROR] Failed to load resource: the server responded with a status of 404 () @ https://mychef.id/generated/avatar-ai.webp:0
[  725012ms] [WARNING] The resource https://mychef.id/generated/bali-hub-hero.webp was preloaded using link preload but not used within a few seconds from the window's load event. Please make sure it has an appropriate `as` value and it is preloaded intentionally. @ https://mychef.id/catering:0
[  735416ms] [WARNING] The resource https://mychef.id/generated/bali-hub-hero.webp was preloaded using link preload but not used within a few seconds from the window's load event. Please make sure it has an appropriate `as` value and it is preloaded intentionally. @ https://mychef.id/catering:0
[  745109ms] [ERROR] Failed to load resource: the server responded with a status of 404 () @ https://mychef.id/generated/avatar-ai.webp:0
[  748129ms] [WARNING] The resource https://mychef.id/generated/bali-hub-hero.webp was preloaded using link preload but not used within a few seconds from the window's load event. Please make sure it has an appropriate `as` value and it is preloaded intentionally. @ https://mychef.id/catering:0
[  762695ms] [WARNING] The resource https://mychef.id/generated/bali-hub-hero.webp was preloaded using link preload but not used within a few seconds from the window's load event. Please make sure it has an appropriate `as` value and it is preloaded intentionally. @ https://mychef.id/catering:0
[  773574ms] [ERROR] Failed to load resource: the server responded with a status of 404 () @ https://mychef.id/generated/avatar-ai.webp:0
[  776588ms] [WARNING] The resource https://mychef.id/generated/bali-hub-hero.webp was preloaded using link preload but not used within a few seconds from the window's load event. Please make sure it has an appropriate `as` value and it is preloaded intentionally. @ https://mychef.id/catering:0
[  783691ms] [WARNING] The resource https://mychef.id/generated/bali-hub-hero.webp was preloaded using link preload but not used within a few seconds from the window's load event. Please make sure it has an appropriate `as` value and it is preloaded intentionally. @ https://mychef.id/catering:0
[  794266ms] [ERROR] Failed to load resource: the server responded with a status of 404 () @ https://mychef.id/generated/avatar-ai.webp:0
[  797585ms] [WARNING] The resource https://mychef.id/generated/bali-hub-hero.webp was preloaded using link preload but not used within a few seconds from the window's load event. Please make sure it has an appropriate `as` value and it is preloaded intentionally. @ https://mychef.id/catering:0
[  807678ms] [WARNING] The resource https://mychef.id/generated/bali-hub-hero.webp was preloaded using link preload but not used within a few seconds from the window's load event. Please make sure it has an appropriate `as` value and it is preloaded intentionally. @ https://mychef.id/catering:0
[  816764ms] [ERROR] Failed to load resource: the server responded with a status of 404 () @ https://mychef.id/generated/avatar-ai.webp:0
[  819778ms] [WARNING] The resource https://mychef.id/generated/bali-hub-hero.webp was preloaded using link preload but not used within a few seconds from the window's load event. Please make sure it has an appropriate `as` value and it is preloaded intentionally. @ https://mychef.id/catering:0
[  831430ms] [WARNING] The resource https://mychef.id/generated/bali-hub-hero.webp was preloaded using link preload but not used within a few seconds from the window's load event. Please make sure it has an appropriate `as` value and it is preloaded intentionally. @ https://mychef.id/catering:0
[  840736ms] [ERROR] Failed to load resource: the server responded with a status of 404 () @ https://mychef.id/generated/avatar-ai.webp:0
[  843952ms] [WARNING] The resource https://mychef.id/generated/bali-hub-hero.webp was preloaded using link preload but not used within a few seconds from the window's load event. Please make sure it has an appropriate `as` value and it is preloaded intentionally. @ https://mychef.id/catering:0
[  855406ms] [WARNING] The resource https://mychef.id/generated/bali-hub-hero.webp was preloaded using link preload but not used within a few seconds from the window's load event. Please make sure it has an appropriate `as` value and it is preloaded intentionally. @ https://mychef.id/catering:0
[  864696ms] [ERROR] Failed to load resource: the server responded with a status of 404 () @ https://mychef.id/generated/avatar-ai.webp:0
[  867765ms] [WARNING] The resource https://mychef.id/generated/bali-hub-hero.webp was preloaded using link preload but not used within a few seconds from the window's load event. Please make sure it has an appropriate `as` value and it is preloaded intentionally. @ https://mychef.id/catering:0
[  879709ms] [WARNING] The resource https://mychef.id/generated/bali-hub-hero.webp was preloaded using link preload but not used within a few seconds from the window's load event. Please make sure it has an appropriate `as` value and it is preloaded intentionally. @ https://mychef.id/catering:0
[  888669ms] [ERROR] Failed to load resource: the server responded with a status of 404 () @ https://mychef.id/generated/avatar-ai.webp:0
[  891688ms] [WARNING] The resource https://mychef.id/generated/bali-hub-hero.webp was preloaded using link preload but not used within a few seconds from the window's load event. Please make sure it has an appropriate `as` value and it is preloaded intentionally. @ https://mychef.id/catering:0
[  907858ms] [WARNING] The resource https://mychef.id/generated/bali-hub-hero.webp was preloaded using link preload but not used within a few seconds from the window's load event. Please make sure it has an appropriate `as` value and it is preloaded intentionally. @ https://mychef.id/catering:0
[  913725ms] [ERROR] Failed to load resource: the server responded with a status of 404 () @ https://mychef.id/generated/avatar-ai.webp:0
[  917142ms] [WARNING] The resource https://mychef.id/generated/bali-hub-hero.webp was preloaded using link preload but not used within a few seconds from the window's load event. Please make sure it has an appropriate `as` value and it is preloaded intentionally. @ https://mychef.id/catering:0
[  927888ms] [WARNING] The resource https://mychef.id/generated/bali-hub-hero.webp was preloaded using link preload but not used within a few seconds from the window's load event. Please make sure it has an appropriate `as` value and it is preloaded intentionally. @ https://mychef.id/catering:0
[  936809ms] [ERROR] Failed to load resource: the server responded with a status of 404 () @ https://mychef.id/generated/avatar-ai.webp:0
[  939821ms] [WARNING] The resource https://mychef.id/generated/bali-hub-hero.webp was preloaded using link preload but not used within a few seconds from the window's load event. Please make sure it has an appropriate `as` value and it is preloaded intentionally. @ https://mychef.id/catering:0
[  952568ms] [WARNING] The resource https://mychef.id/generated/bali-hub-hero.webp was preloaded using link preload but not used within a few seconds from the window's load event. Please make sure it has an appropriate `as` value and it is preloaded intentionally. @ https://mychef.id/catering:0
[  960842ms] [ERROR] Failed to load resource: the server responded with a status of 404 () @ https://mychef.id/generated/avatar-ai.webp:0
[  963967ms] [WARNING] The resource https://mychef.id/generated/bali-hub-hero.webp was preloaded using link preload but not used within a few seconds from the window's load event. Please make sure it has an appropriate `as` value and it is preloaded intentionally. @ https://mychef.id/catering:0
[  975428ms] [WARNING] The resource https://mychef.id/generated/bali-hub-hero.webp was preloaded using link preload but not used within a few seconds from the window's load event. Please make sure it has an appropriate `as` value and it is preloaded intentionally. @ https://mychef.id/catering:0
[  984824ms] [ERROR] Failed to load resource: the server responded with a status of 404 () @ https://mychef.id/generated/avatar-ai.webp:0
[  987919ms] [WARNING] The resource https://mychef.id/generated/bali-hub-hero.webp was preloaded using link preload but not used within a few seconds from the window's load event. Please make sure it has an appropriate `as` value and it is preloaded intentionally. @ https://mychef.id/catering:0
[  999425ms] [WARNING] The resource https://mychef.id/generated/bali-hub-hero.webp was preloaded using link preload but not used within a few seconds from the window's load event. Please make sure it has an appropriate `as` value and it is preloaded intentionally. @ https://mychef.id/catering:0
[ 1008681ms] [ERROR] Failed to load resource: the server responded with a status of 404 () @ https://mychef.id/generated/avatar-ai.webp:0
[ 1011697ms] [WARNING] The resource https://mychef.id/generated/bali-hub-hero.webp was preloaded using link preload but not used within a few seconds from the window's load event. Please make sure it has an appropriate `as` value and it is preloaded intentionally. @ https://mychef.id/catering:0
[ 1026628ms] [WARNING] The resource https://mychef.id/generated/bali-hub-hero.webp was preloaded using link preload but not used within a few seconds from the window's load event. Please make sure it has an appropriate `as` value and it is preloaded intentionally. @ https://mychef.id/catering:0
[ 1033704ms] [ERROR] Failed to load resource: the server responded with a status of 404 () @ https://mychef.id/generated/avatar-ai.webp:0
[ 1036802ms] [WARNING] The resource https://mychef.id/generated/bali-hub-hero.webp was preloaded using link preload but not used within a few seconds from the window's load event. Please make sure it has an appropriate `as` value and it is preloaded intentionally. @ https://mychef.id/catering:0
[ 1048536ms] [WARNING] The resource https://mychef.id/generated/bali-hub-hero.webp was preloaded using link preload but not used within a few seconds from the window's load event. Please make sure it has an appropriate `as` value and it is preloaded intentionally. @ https://mychef.id/catering:0
[ 1056938ms] [ERROR] Failed to load resource: the server responded with a status of 404 () @ https://mychef.id/generated/avatar-ai.webp:0
[ 1059964ms] [WARNING] The resource https://mychef.id/generated/bali-hub-hero.webp was preloaded using link preload but not used within a few seconds from the window's load event. Please make sure it has an appropriate `as` value and it is preloaded intentionally. @ https://mychef.id/catering:0
[ 1071773ms] [WARNING] The resource https://mychef.id/generated/bali-hub-hero.webp was preloaded using link preload but not used within a few seconds from the window's load event. Please make sure it has an appropriate `as` value and it is preloaded intentionally. @ https://mychef.id/catering:0
[ 1080718ms] [ERROR] Failed to load resource: the server responded with a status of 404 () @ https://mychef.id/generated/avatar-ai.webp:0
[ 1083764ms] [WARNING] The resource https://mychef.id/generated/bali-hub-hero.webp was preloaded using link preload but not used within a few seconds from the window's load event. Please make sure it has an appropriate `as` value and it is preloaded intentionally. @ https://mychef.id/catering:0
[ 1098288ms] [WARNING] The resource https://mychef.id/generated/bali-hub-hero.webp was preloaded using link preload but not used within a few seconds from the window's load event. Please make sure it has an appropriate `as` value and it is preloaded intentionally. @ https://mychef.id/catering:0
[ 1105825ms] [ERROR] Failed to load resource: the server responded with a status of 404 () @ https://mychef.id/generated/avatar-ai.webp:0
[ 1109089ms] [WARNING] The resource https://mychef.id/generated/bali-hub-hero.webp was preloaded using link preload but not used within a few seconds from the window's load event. Please make sure it has an appropriate `as` value and it is preloaded intentionally. @ https://mychef.id/catering:0
[ 1122518ms] [WARNING] The resource https://mychef.id/generated/bali-hub-hero.webp was preloaded using link preload but not used within a few seconds from the window's load event. Please make sure it has an appropriate `as` value and it is preloaded intentionally. @ https://mychef.id/catering:0
[ 1128873ms] [ERROR] Failed to load resource: the server responded with a status of 404 () @ https://mychef.id/generated/avatar-ai.webp:0
[ 1132062ms] [WARNING] The resource https://mychef.id/generated/bali-hub-hero.webp was preloaded using link preload but not used within a few seconds from the window's load event. Please make sure it has an appropriate `as` value and it is preloaded intentionally. @ https://mychef.id/catering:0
[ 1143551ms] [WARNING] The resource https://mychef.id/generated/bali-hub-hero.webp was preloaded using link preload but not used within a few seconds from the window's load event. Please make sure it has an appropriate `as` value and it is preloaded intentionally. @ https://mychef.id/catering:0
[ 1153077ms] [ERROR] Failed to load resource: the server responded with a status of 404 () @ https://mychef.id/generated/avatar-ai.webp:0
[ 1156374ms] [WARNING] The resource https://mychef.id/generated/bali-hub-hero.webp was preloaded using link preload but not used within a few seconds from the window's load event. Please make sure it has an appropriate `as` value and it is preloaded intentionally. @ https://mychef.id/catering:0
[ 1170093ms] [WARNING] The resource https://mychef.id/generated/bali-hub-hero.webp was preloaded using link preload but not used within a few seconds from the window's load event. Please make sure it has an appropriate `as` value and it is preloaded intentionally. @ https://mychef.id/catering:0
[ 1178025ms] [ERROR] Failed to load resource: the server responded with a status of 404 () @ https://mychef.id/generated/avatar-ai.webp:0
[ 1181144ms] [WARNING] The resource https://mychef.id/generated/bali-hub-hero.webp was preloaded using link preload but not used within a few seconds from the window's load event. Please make sure it has an appropriate `as` value and it is preloaded intentionally. @ https://mychef.id/catering:0
[ 1193035ms] [WARNING] The resource https://mychef.id/generated/bali-hub-hero.webp was preloaded using link preload but not used within a few seconds from the window's load event. Please make sure it has an appropriate `as` value and it is preloaded intentionally. @ https://mychef.id/catering:0
[ 1205504ms] [ERROR] Failed to load resource: the server responded with a status of 404 () @ https://mychef.id/generated/avatar-ai.webp:0
[ 1208707ms] [WARNING] The resource https://mychef.id/generated/bali-hub-hero.webp was preloaded using link preload but not used within a few seconds from the window's load event. Please make sure it has an appropriate `as` value and it is preloaded intentionally. @ https://mychef.id/catering:0
[ 1220131ms] [WARNING] The resource https://mychef.id/generated/bali-hub-hero.webp was preloaded using link preload but not used within a few seconds from the window's load event. Please make sure it has an appropriate `as` value and it is preloaded intentionally. @ https://mychef.id/catering:0
[ 1228892ms] [ERROR] Failed to load resource: the server responded with a status of 404 () @ https://mychef.id/generated/avatar-ai.webp:0
[ 1231983ms] [WARNING] The resource https://mychef.id/generated/bali-hub-hero.webp was preloaded using link preload but not used within a few seconds from the window's load event. Please make sure it has an appropriate `as` value and it is preloaded intentionally. @ https://mychef.id/catering:0
[ 1244023ms] [WARNING] The resource https://mychef.id/generated/bali-hub-hero.webp was preloaded using link preload but not used within a few seconds from the window's load event. Please make sure it has an appropriate `as` value and it is preloaded intentionally. @ https://mychef.id/catering:0
[ 1250530ms] [ERROR] Failed to load resource: the server responded with a status of 404 () @ https://mychef.id/generated/avatar-ai.webp:0
[ 1253658ms] [WARNING] The resource https://mychef.id/generated/bali-hub-hero.webp was preloaded using link preload but not used within a few seconds from the window's load event. Please make sure it has an appropriate `as` value and it is preloaded intentionally. @ https://mychef.id/catering:0
[ 1265153ms] [WARNING] The resource https://mychef.id/generated/bali-hub-hero.webp was preloaded using link preload but not used within a few seconds from the window's load event. Please make sure it has an appropriate `as` value and it is preloaded intentionally. @ https://mychef.id/catering:0
[ 1273878ms] [ERROR] Failed to load resource: the server responded with a status of 404 () @ https://mychef.id/generated/avatar-ai.webp:0
[ 1277363ms] [WARNING] The resource https://mychef.id/generated/bali-hub-hero.webp was preloaded using link preload but not used within a few seconds from the window's load event. Please make sure it has an appropriate `as` value and it is preloaded intentionally. @ https://mychef.id/catering:0
[ 1293478ms] [WARNING] The resource https://mychef.id/generated/bali-hub-hero.webp was preloaded using link preload but not used within a few seconds from the window's load event. Please make sure it has an appropriate `as` value and it is preloaded intentionally. @ https://mychef.id/catering:0
[ 1297991ms] [ERROR] Failed to load resource: the server responded with a status of 404 () @ https://mychef.id/generated/avatar-ai.webp:0
[ 1301135ms] [WARNING] The resource https://mychef.id/generated/bali-hub-hero.webp was preloaded using link preload but not used within a few seconds from the window's load event. Please make sure it has an appropriate `as` value and it is preloaded intentionally. @ https://mychef.id/catering:0
[ 1314091ms] [WARNING] The resource https://mychef.id/generated/bali-hub-hero.webp was preloaded using link preload but not used within a few seconds from the window's load event. Please make sure it has an appropriate `as` value and it is preloaded intentionally. @ https://mychef.id/catering:0
[ 1321121ms] [ERROR] Failed to load resource: the server responded with a status of 404 () @ https://mychef.id/generated/avatar-ai.webp:0
[ 1324579ms] [WARNING] The resource https://mychef.id/generated/bali-hub-hero.webp was preloaded using link preload but not used within a few seconds from the window's load event. Please make sure it has an appropriate `as` value and it is preloaded intentionally. @ https://mychef.id/catering:0
[ 1335978ms] [WARNING] The resource https://mychef.id/generated/bali-hub-hero.webp was preloaded using link preload but not used within a few seconds from the window's load event. Please make sure it has an appropriate `as` value and it is preloaded intentionally. @ https://mychef.id/catering:0
[ 1346524ms] [ERROR] Failed to load resource: the server responded with a status of 404 () @ https://mychef.id/generated/avatar-ai.webp:0
[ 1349597ms] [WARNING] The resource https://mychef.id/generated/bali-hub-hero.webp was preloaded using link preload but not used within a few seconds from the window's load event. Please make sure it has an appropriate `as` value and it is preloaded intentionally. @ https://mychef.id/catering:0
[ 1365736ms] [WARNING] The resource https://mychef.id/generated/bali-hub-hero.webp was preloaded using link preload but not used within a few seconds from the window's load event. Please make sure it has an appropriate `as` value and it is preloaded intentionally. @ https://mychef.id/catering:0
[ 1369286ms] [ERROR] Failed to load resource: the server responded with a status of 404 () @ https://mychef.id/generated/avatar-ai.webp:0
[ 1372292ms] [WARNING] The resource https://mychef.id/generated/bali-hub-hero.webp was preloaded using link preload but not used within a few seconds from the window's load event. Please make sure it has an appropriate `as` value and it is preloaded intentionally. @ https://mychef.id/catering:0
[ 1389799ms] [WARNING] The resource https://mychef.id/generated/bali-hub-hero.webp was preloaded using link preload but not used within a few seconds from the window's load event. Please make sure it has an appropriate `as` value and it is preloaded intentionally. @ https://mychef.id/catering:0
[ 1398573ms] [ERROR] Failed to load resource: the server responded with a status of 404 () @ https://mychef.id/generated/avatar-ai.webp:0
[ 1401646ms] [WARNING] The resource https://mychef.id/generated/bali-hub-hero.webp was preloaded using link preload but not used within a few seconds from the window's load event. Please make sure it has an appropriate `as` value and it is preloaded intentionally. @ https://mychef.id/catering:0
[ 1414794ms] [WARNING] The resource https://mychef.id/generated/bali-hub-hero.webp was preloaded using link preload but not used within a few seconds from the window's load event. Please make sure it has an appropriate `as` value and it is preloaded intentionally. @ https://mychef.id/catering:0
[ 1419029ms] [ERROR] Failed to load resource: the server responded with a status of 404 () @ https://mychef.id/generated/avatar-ai.webp:0
[ 1422085ms] [WARNING] The resource https://mychef.id/generated/bali-hub-hero.webp was preloaded using link preload but not used within a few seconds from the window's load event. Please make sure it has an appropriate `as` value and it is preloaded intentionally. @ https://mychef.id/catering:0
[ 1432656ms] [WARNING] The resource https://mychef.id/generated/bali-hub-hero.webp was preloaded using link preload but not used within a few seconds from the window's load event. Please make sure it has an appropriate `as` value and it is preloaded intentionally. @ https://mychef.id/catering:0
[ 1441765ms] [ERROR] Failed to load resource: the server responded with a status of 404 () @ https://mychef.id/generated/avatar-ai.webp:0
[ 1444801ms] [WARNING] The resource https://mychef.id/generated/bali-hub-hero.webp was preloaded using link preload but not used within a few seconds from the window's load event. Please make sure it has an appropriate `as` value and it is preloaded intentionally. @ https://mychef.id/catering:0
[ 1455558ms] [WARNING] The resource https://mychef.id/generated/bali-hub-hero.webp was preloaded using link preload but not used within a few seconds from the window's load event. Please make sure it has an appropriate `as` value and it is preloaded intentionally. @ https://mychef.id/catering:0
[ 1465023ms] [ERROR] Failed to load resource: the server responded with a status of 404 () @ https://mychef.id/generated/avatar-ai.webp:0
[ 1468062ms] [WARNING] The resource https://mychef.id/generated/bali-hub-hero.webp was preloaded using link preload but not used within a few seconds from the window's load event. Please make sure it has an appropriate `as` value and it is preloaded intentionally. @ https://mychef.id/catering:0
[ 1480788ms] [WARNING] The resource https://mychef.id/generated/bali-hub-hero.webp was preloaded using link preload but not used within a few seconds from the window's load event. Please make sure it has an appropriate `as` value and it is preloaded intentionally. @ https://mychef.id/catering:0
[ 1488713ms] [ERROR] Failed to load resource: the server responded with a status of 404 () @ https://mychef.id/generated/avatar-ai.webp:0
[ 1491735ms] [WARNING] The resource https://mychef.id/generated/bali-hub-hero.webp was preloaded using link preload but not used within a few seconds from the window's load event. Please make sure it has an appropriate `as` value and it is preloaded intentionally. @ https://mychef.id/catering:0
[ 1503456ms] [WARNING] The resource https://mychef.id/generated/bali-hub-hero.webp was preloaded using link preload but not used within a few seconds from the window's load event. Please make sure it has an appropriate `as` value and it is preloaded intentionally. @ https://mychef.id/catering:0
[ 1512725ms] [ERROR] Failed to load resource: the server responded with a status of 404 () @ https://mychef.id/generated/avatar-ai.webp:0
[ 1515770ms] [WARNING] The resource https://mychef.id/generated/bali-hub-hero.webp was preloaded using link preload but not used within a few seconds from the window's load event. Please make sure it has an appropriate `as` value and it is preloaded intentionally. @ https://mychef.id/catering:0
[ 1527473ms] [WARNING] The resource https://mychef.id/generated/bali-hub-hero.webp was preloaded using link preload but not used within a few seconds from the window's load event. Please make sure it has an appropriate `as` value and it is preloaded intentionally. @ https://mychef.id/catering:0
[ 1536707ms] [ERROR] Failed to load resource: the server responded with a status of 404 () @ https://mychef.id/generated/avatar-ai.webp:0
[ 1539717ms] [WARNING] The resource https://mychef.id/generated/bali-hub-hero.webp was preloaded using link preload but not used within a few seconds from the window's load event. Please make sure it has an appropriate `as` value and it is preloaded intentionally. @ https://mychef.id/catering:0
[ 1551489ms] [WARNING] The resource https://mychef.id/generated/bali-hub-hero.webp was preloaded using link preload but not used within a few seconds from the window's load event. Please make sure it has an appropriate `as` value and it is preloaded intentionally. @ https://mychef.id/catering:0
[ 1560722ms] [ERROR] Failed to load resource: the server responded with a status of 404 () @ https://mychef.id/generated/avatar-ai.webp:0
[ 1563736ms] [WARNING] The resource https://mychef.id/generated/bali-hub-hero.webp was preloaded using link preload but not used within a few seconds from the window's load event. Please make sure it has an appropriate `as` value and it is preloaded intentionally. @ https://mychef.id/catering:0
[ 1575454ms] [WARNING] The resource https://mychef.id/generated/bali-hub-hero.webp was preloaded using link preload but not used within a few seconds from the window's load event. Please make sure it has an appropriate `as` value and it is preloaded intentionally. @ https://mychef.id/catering:0
[ 1584702ms] [ERROR] Failed to load resource: the server responded with a status of 404 () @ https://mychef.id/generated/avatar-ai.webp:0
[ 1587781ms] [WARNING] The resource https://mychef.id/generated/bali-hub-hero.webp was preloaded using link preload but not used within a few seconds from the window's load event. Please make sure it has an appropriate `as` value and it is preloaded intentionally. @ https://mychef.id/catering:0
[ 1599923ms] [WARNING] The resource https://mychef.id/generated/bali-hub-hero.webp was preloaded using link preload but not used within a few seconds from the window's load event. Please make sure it has an appropriate `as` value and it is preloaded intentionally. @ https://mychef.id/catering:0
[ 1608890ms] [ERROR] Failed to load resource: the server responded with a status of 404 () @ https://mychef.id/generated/avatar-ai.webp:0
[ 1611923ms] [WARNING] The resource https://mychef.id/generated/bali-hub-hero.webp was preloaded using link preload but not used within a few seconds from the window's load event. Please make sure it has an appropriate `as` value and it is preloaded intentionally. @ https://mychef.id/catering:0
[ 1623721ms] [WARNING] The resource https://mychef.id/generated/bali-hub-hero.webp was preloaded using link preload but not used within a few seconds from the window's load event. Please make sure it has an appropriate `as` value and it is preloaded intentionally. @ https://mychef.id/catering:0
[ 1632736ms] [ERROR] Failed to load resource: the server responded with a status of 404 () @ https://mychef.id/generated/avatar-ai.webp:0
[ 1635799ms] [WARNING] The resource https://mychef.id/generated/bali-hub-hero.webp was preloaded using link preload but not used within a few seconds from the window's load event. Please make sure it has an appropriate `as` value and it is preloaded intentionally. @ https://mychef.id/catering:0
[ 1647464ms] [WARNING] The resource https://mychef.id/generated/bali-hub-hero.webp was preloaded using link preload but not used within a few seconds from the window's load event. Please make sure it has an appropriate `as` value and it is preloaded intentionally. @ https://mychef.id/catering:0
[ 1657132ms] [ERROR] Failed to load resource: the server responded with a status of 404 () @ https://mychef.id/generated/avatar-ai.webp:0
[ 1660179ms] [WARNING] The resource https://mychef.id/generated/bali-hub-hero.webp was preloaded using link preload but not used within a few seconds from the window's load event. Please make sure it has an appropriate `as` value and it is preloaded intentionally. @ https://mychef.id/catering:0
[ 1671431ms] [WARNING] The resource https://mychef.id/generated/bali-hub-hero.webp was preloaded using link preload but not used within a few seconds from the window's load event. Please make sure it has an appropriate `as` value and it is preloaded intentionally. @ https://mychef.id/catering:0
[ 1681181ms] [ERROR] Failed to load resource: the server responded with a status of 404 () @ https://mychef.id/generated/avatar-ai.webp:0
[ 1684691ms] [WARNING] The resource https://mychef.id/generated/bali-hub-hero.webp was preloaded using link preload but not used within a few seconds from the window's load event. Please make sure it has an appropriate `as` value and it is preloaded intentionally. @ https://mychef.id/catering:0
[ 1696400ms] [WARNING] The resource https://mychef.id/generated/bali-hub-hero.webp was preloaded using link preload but not used within a few seconds from the window's load event. Please make sure it has an appropriate `as` value and it is preloaded intentionally. @ https://mychef.id/catering:0
[ 1705252ms] [ERROR] Failed to load resource: the server responded with a status of 404 () @ https://mychef.id/generated/avatar-ai.webp:0
[ 1708311ms] [WARNING] The resource https://mychef.id/generated/bali-hub-hero.webp was preloaded using link preload but not used within a few seconds from the window's load event. Please make sure it has an appropriate `as` value and it is preloaded intentionally. @ https://mychef.id/catering:0
[ 1720629ms] [WARNING] The resource https://mychef.id/generated/bali-hub-hero.webp was preloaded using link preload but not used within a few seconds from the window's load event. Please make sure it has an appropriate `as` value and it is preloaded intentionally. @ https://mychef.id/catering:0
[ 1728815ms] [ERROR] Failed to load resource: the server responded with a status of 404 () @ https://mychef.id/generated/avatar-ai.webp:0
[ 1731927ms] [WARNING] The resource https://mychef.id/generated/bali-hub-hero.webp was preloaded using link preload but not used within a few seconds from the window's load event. Please make sure it has an appropriate `as` value and it is preloaded intentionally. @ https://mychef.id/catering:0
[ 1743436ms] [WARNING] The resource https://mychef.id/generated/bali-hub-hero.webp was preloaded using link preload but not used within a few seconds from the window's load event. Please make sure it has an appropriate `as` value and it is preloaded intentionally. @ https://mychef.id/catering:0
[ 1752764ms] [ERROR] Failed to load resource: the server responded with a status of 404 () @ https://mychef.id/generated/avatar-ai.webp:0
[ 1755794ms] [WARNING] The resource https://mychef.id/generated/bali-hub-hero.webp was preloaded using link preload but not used within a few seconds from the window's load event. Please make sure it has an appropriate `as` value and it is preloaded intentionally. @ https://mychef.id/catering:0
[ 1767448ms] [WARNING] The resource https://mychef.id/generated/bali-hub-hero.webp was preloaded using link preload but not used within a few seconds from the window's load event. Please make sure it has an appropriate `as` value and it is preloaded intentionally. @ https://mychef.id/catering:0
[ 1777781ms] [ERROR] Failed to load resource: the server responded with a status of 404 () @ https://mychef.id/generated/avatar-ai.webp:0
[ 1780797ms] [WARNING] The resource https://mychef.id/generated/bali-hub-hero.webp was preloaded using link preload but not used within a few seconds from the window's load event. Please make sure it has an appropriate `as` value and it is preloaded intentionally. @ https://mychef.id/catering:0
[ 1791443ms] [WARNING] The resource https://mychef.id/generated/bali-hub-hero.webp was preloaded using link preload but not used within a few seconds from the window's load event. Please make sure it has an appropriate `as` value and it is preloaded intentionally. @ https://mychef.id/catering:0
[ 1800734ms] [ERROR] Failed to load resource: the server responded with a status of 404 () @ https://mychef.id/generated/avatar-ai.webp:0
[ 1804159ms] [WARNING] The resource https://mychef.id/generated/bali-hub-hero.webp was preloaded using link preload but not used within a few seconds from the window's load event. Please make sure it has an appropriate `as` value and it is preloaded intentionally. @ https://mychef.id/catering:0
[ 1817060ms] [WARNING] The resource https://mychef.id/generated/bali-hub-hero.webp was preloaded using link preload but not used within a few seconds from the window's load event. Please make sure it has an appropriate `as` value and it is preloaded intentionally. @ https://mychef.id/catering:0
[ 1824985ms] [ERROR] Failed to load resource: the server responded with a status of 404 () @ https://mychef.id/generated/avatar-ai.webp:0
[ 1828229ms] [WARNING] The resource https://mychef.id/generated/bali-hub-hero.webp was preloaded using link preload but not used within a few seconds from the window's load event. Please make sure it has an appropriate `as` value and it is preloaded intentionally. @ https://mychef.id/catering:0
[ 1840482ms] [WARNING] The resource https://mychef.id/generated/bali-hub-hero.webp was preloaded using link preload but not used within a few seconds from the window's load event. Please make sure it has an appropriate `as` value and it is preloaded intentionally. @ https://mychef.id/catering:0
[ 1848714ms] [ERROR] Failed to load resource: the server responded with a status of 404 () @ https://mychef.id/generated/avatar-ai.webp:0
[ 1851930ms] [WARNING] The resource https://mychef.id/generated/bali-hub-hero.webp was preloaded using link preload but not used within a few seconds from the window's load event. Please make sure it has an appropriate `as` value and it is preloaded intentionally. @ https://mychef.id/catering:0
[ 1863939ms] [WARNING] The resource https://mychef.id/generated/bali-hub-hero.webp was preloaded using link preload but not used within a few seconds from the window's load event. Please make sure it has an appropriate `as` value and it is preloaded intentionally. @ https://mychef.id/catering:0
[ 1873166ms] [ERROR] Failed to load resource: the server responded with a status of 404 () @ https://mychef.id/generated/avatar-ai.webp:0
[ 1876900ms] [WARNING] The resource https://mychef.id/generated/bali-hub-hero.webp was preloaded using link preload but not used within a few seconds from the window's load event. Please make sure it has an appropriate `as` value and it is preloaded intentionally. @ https://mychef.id/catering:0
[ 1887856ms] [WARNING] The resource https://mychef.id/generated/bali-hub-hero.webp was preloaded using link preload but not used within a few seconds from the window's load event. Please make sure it has an appropriate `as` value and it is preloaded intentionally. @ https://mychef.id/catering:0
[ 1896774ms] [ERROR] Failed to load resource: the server responded with a status of 404 () @ https://mychef.id/generated/avatar-ai.webp:0
[ 1899799ms] [WARNING] The resource https://mychef.id/generated/bali-hub-hero.webp was preloaded using link preload but not used within a few seconds from the window's load event. Please make sure it has an appropriate `as` value and it is preloaded intentionally. @ https://mychef.id/catering:0
[ 1911442ms] [WARNING] The resource https://mychef.id/generated/bali-hub-hero.webp was preloaded using link preload but not used within a few seconds from the window's load event. Please make sure it has an appropriate `as` value and it is preloaded intentionally. @ https://mychef.id/catering:0
[ 1920755ms] [ERROR] Failed to load resource: the server responded with a status of 404 () @ https://mychef.id/generated/avatar-ai.webp:0
[ 1923782ms] [WARNING] The resource https://mychef.id/generated/bali-hub-hero.webp was preloaded using link preload but not used within a few seconds from the window's load event. Please make sure it has an appropriate `as` value and it is preloaded intentionally. @ https://mychef.id/catering:0
[ 1935458ms] [WARNING] The resource https://mychef.id/generated/bali-hub-hero.webp was preloaded using link preload but not used within a few seconds from the window's load event. Please make sure it has an appropriate `as` value and it is preloaded intentionally. @ https://mychef.id/catering:0
[ 1945117ms] [ERROR] Failed to load resource: the server responded with a status of 404 () @ https://mychef.id/generated/avatar-ai.webp:0
[ 1948126ms] [WARNING] The resource https://mychef.id/generated/bali-hub-hero.webp was preloaded using link preload but not used within a few seconds from the window's load event. Please make sure it has an appropriate `as` value and it is preloaded intentionally. @ https://mychef.id/catering:0
[ 1960692ms] [WARNING] The resource https://mychef.id/generated/bali-hub-hero.webp was preloaded using link preload but not used within a few seconds from the window's load event. Please make sure it has an appropriate `as` value and it is preloaded intentionally. @ https://mychef.id/catering:0
[ 1969037ms] [ERROR] Failed to load resource: the server responded with a status of 404 () @ https://mychef.id/generated/avatar-ai.webp:0
[ 1972071ms] [WARNING] The resource https://mychef.id/generated/bali-hub-hero.webp was preloaded using link preload but not used within a few seconds from the window's load event. Please make sure it has an appropriate `as` value and it is preloaded intentionally. @ https://mychef.id/catering:0
[ 1983446ms] [WARNING] The resource https://mychef.id/generated/bali-hub-hero.webp was preloaded using link preload but not used within a few seconds from the window's load event. Please make sure it has an appropriate `as` value and it is preloaded intentionally. @ https://mychef.id/catering:0
[ 1992827ms] [ERROR] Failed to load resource: the server responded with a status of 404 () @ https://mychef.id/generated/avatar-ai.webp:0
[ 1995853ms] [WARNING] The resource https://mychef.id/generated/bali-hub-hero.webp was preloaded using link preload but not used within a few seconds from the window's load event. Please make sure it has an appropriate `as` value and it is preloaded intentionally. @ https://mychef.id/catering:0
[ 2007458ms] [WARNING] The resource https://mychef.id/generated/bali-hub-hero.webp was preloaded using link preload but not used within a few seconds from the window's load event. Please make sure it has an appropriate `as` value and it is preloaded intentionally. @ https://mychef.id/catering:0
[ 2017811ms] [ERROR] Failed to load resource: the server responded with a status of 404 () @ https://mychef.id/generated/avatar-ai.webp:0
[ 2021195ms] [WARNING] The resource https://mychef.id/generated/bali-hub-hero.webp was preloaded using link preload but not used within a few seconds from the window's load event. Please make sure it has an appropriate `as` value and it is preloaded intentionally. @ https://mychef.id/catering:0
[ 2031577ms] [WARNING] The resource https://mychef.id/generated/bali-hub-hero.webp was preloaded using link preload but not used within a few seconds from the window's load event. Please make sure it has an appropriate `as` value and it is preloaded intentionally. @ https://mychef.id/catering:0
[ 2040749ms] [ERROR] Failed to load resource: the server responded with a status of 404 () @ https://mychef.id/generated/avatar-ai.webp:0
[ 2043774ms] [WARNING] The resource https://mychef.id/generated/bali-hub-hero.webp was preloaded using link preload but not used within a few seconds from the window's load event. Please make sure it has an appropriate `as` value and it is preloaded intentionally. @ https://mychef.id/catering:0
[ 2056087ms] [WARNING] The resource https://mychef.id/generated/bali-hub-hero.webp was preloaded using link preload but not used within a few seconds from the window's load event. Please make sure it has an appropriate `as` value and it is preloaded intentionally. @ https://mychef.id/catering:0
[ 2064760ms] [ERROR] Failed to load resource: the server responded with a status of 404 () @ https://mychef.id/generated/avatar-ai.webp:0
[ 2067771ms] [WARNING] The resource https://mychef.id/generated/bali-hub-hero.webp was preloaded using link preload but not used within a few seconds from the window's load event. Please make sure it has an appropriate `as` value and it is preloaded intentionally. @ https://mychef.id/catering:0
[ 2079902ms] [WARNING] The resource https://mychef.id/generated/bali-hub-hero.webp was preloaded using link preload but not used within a few seconds from the window's load event. Please make sure it has an appropriate `as` value and it is preloaded intentionally. @ https://mychef.id/catering:0
[ 2088709ms] [ERROR] Failed to load resource: the server responded with a status of 404 () @ https://mychef.id/generated/avatar-ai.webp:0
[ 2091728ms] [WARNING] The resource https://mychef.id/generated/bali-hub-hero.webp was preloaded using link preload but not used within a few seconds from the window's load event. Please make sure it has an appropriate `as` value and it is preloaded intentionally. @ https://mychef.id/catering:0
[ 2103729ms] [WARNING] The resource https://mychef.id/generated/bali-hub-hero.webp was preloaded using link preload but not used within a few seconds from the window's load event. Please make sure it has an appropriate `as` value and it is preloaded intentionally. @ https://mychef.id/catering:0
[ 2112814ms] [ERROR] Failed to load resource: the server responded with a status of 404 () @ https://mychef.id/generated/avatar-ai.webp:0
[ 2116044ms] [WARNING] The resource https://mychef.id/generated/bali-hub-hero.webp was preloaded using link preload but not used within a few seconds from the window's load event. Please make sure it has an appropriate `as` value and it is preloaded intentionally. @ https://mychef.id/catering:0
[ 2127456ms] [WARNING] The resource https://mychef.id/generated/bali-hub-hero.webp was preloaded using link preload but not used within a few seconds from the window's load event. Please make sure it has an appropriate `as` value and it is preloaded intentionally. @ https://mychef.id/catering:0
[ 2136798ms] [ERROR] Failed to load resource: the server responded with a status of 404 () @ https://mychef.id/generated/avatar-ai.webp:0
[ 2139891ms] [WARNING] The resource https://mychef.id/generated/bali-hub-hero.webp was preloaded using link preload but not used within a few seconds from the window's load event. Please make sure it has an appropriate `as` value and it is preloaded intentionally. @ https://mychef.id/catering:0
[ 2151440ms] [WARNING] The resource https://mychef.id/generated/bali-hub-hero.webp was preloaded using link preload but not used within a few seconds from the window's load event. Please make sure it has an appropriate `as` value and it is preloaded intentionally. @ https://mychef.id/catering:0
[ 2161864ms] [ERROR] Failed to load resource: the server responded with a status of 404 () @ https://mychef.id/generated/avatar-ai.webp:0
[ 2164882ms] [WARNING] The resource https://mychef.id/generated/bali-hub-hero.webp was preloaded using link preload but not used within a few seconds from the window's load event. Please make sure it has an appropriate `as` value and it is preloaded intentionally. @ https://mychef.id/catering:0
[ 2175350ms] [WARNING] The resource https://mychef.id/generated/bali-hub-hero.webp was preloaded using link preload but not used within a few seconds from the window's load event. Please make sure it has an appropriate `as` value and it is preloaded intentionally. @ https://mychef.id/catering:0
[ 2184679ms] [ERROR] Failed to load resource: the server responded with a status of 404 () @ https://mychef.id/generated/avatar-ai.webp:0
[ 2188047ms] [WARNING] The resource https://mychef.id/generated/bali-hub-hero.webp was preloaded using link preload but not used within a few seconds from the window's load event. Please make sure it has an appropriate `as` value and it is preloaded intentionally. @ https://mychef.id/catering:0
[ 2199376ms] [WARNING] The resource https://mychef.id/generated/bali-hub-hero.webp was preloaded using link preload but not used within a few seconds from the window's load event. Please make sure it has an appropriate `as` value and it is preloaded intentionally. @ https://mychef.id/catering:0
[ 2208649ms] [ERROR] Failed to load resource: the server responded with a status of 404 () @ https://mychef.id/generated/avatar-ai.webp:0
[ 2211659ms] [WARNING] The resource https://mychef.id/generated/bali-hub-hero.webp was preloaded using link preload but not used within a few seconds from the window's load event. Please make sure it has an appropriate `as` value and it is preloaded intentionally. @ https://mychef.id/catering:0
[ 2223358ms] [WARNING] The resource https://mychef.id/generated/bali-hub-hero.webp was preloaded using link preload but not used within a few seconds from the window's load event. Please make sure it has an appropriate `as` value and it is preloaded intentionally. @ https://mychef.id/catering:0
[ 2232747ms] [ERROR] Failed to load resource: the server responded with a status of 404 () @ https://mychef.id/generated/avatar-ai.webp:0
[ 2235770ms] [WARNING] The resource https://mychef.id/generated/bali-hub-hero.webp was preloaded using link preload but not used within a few seconds from the window's load event. Please make sure it has an appropriate `as` value and it is preloaded intentionally. @ https://mychef.id/catering:0
[ 2247682ms] [WARNING] The resource https://mychef.id/generated/bali-hub-hero.webp was preloaded using link preload but not used within a few seconds from the window's load event. Please make sure it has an appropriate `as` value and it is preloaded intentionally. @ https://mychef.id/catering:0
[ 2256616ms] [ERROR] Failed to load resource: the server responded with a status of 404 () @ https://mychef.id/generated/avatar-ai.webp:0
[ 2259628ms] [WARNING] The resource https://mychef.id/generated/bali-hub-hero.webp was preloaded using link preload but not used within a few seconds from the window's load event. Please make sure it has an appropriate `as` value and it is preloaded intentionally. @ https://mychef.id/catering:0
